Archive member included to satisfy reference by file (symbol)

/home/arduino/ArduinoApps/hardware_bridge_app/.cache/sketch/core/core.a(String.cpp.o)
                              /home/arduino/ArduinoApps/hardware_bridge_app/.cache/sketch/sketch/sketch.ino.cpp.o (arduino::String::String(arduino::String&&))
/home/arduino/ArduinoApps/hardware_bridge_app/.cache/sketch/core/core.a(itoa.cpp.o)
                              /home/arduino/ArduinoApps/hardware_bridge_app/.cache/sketch/core/core.a(String.cpp.o) (dtostrf)
/home/arduino/ArduinoApps/hardware_bridge_app/.cache/sketch/core/core.a(llext_wrappers.c.o)
                              /home/arduino/ArduinoApps/hardware_bridge_app/.cache/sketch/sketch/sketch.ino.cpp.o (memcpy)
/home/arduino/ArduinoApps/hardware_bridge_app/.cache/sketch/core/core.a(main.cpp.o)
                              (main)
/home/arduino/ArduinoApps/hardware_bridge_app/.cache/sketch/core/core.a(new.cpp.o)
                              /home/arduino/ArduinoApps/hardware_bridge_app/.cache/sketch/sketch/sketch.ino.cpp.o (operator new(unsigned int))
/home/arduino/ArduinoApps/hardware_bridge_app/.cache/sketch/core/core.a(threads.cpp.o)
                              /home/arduino/ArduinoApps/hardware_bridge_app/.cache/sketch/core/core.a(main.cpp.o) (start_static_threads())
/home/arduino/ArduinoApps/hardware_bridge_app/.cache/sketch/core/core.a(wiring_digital.cpp.o)
                              /home/arduino/ArduinoApps/hardware_bridge_app/.cache/sketch/sketch/sketch.ino.cpp.o (pinMode)
/home/arduino/ArduinoApps/hardware_bridge_app/.cache/sketch/core/core.a(zephyrCommon.cpp.o)
                              /home/arduino/ArduinoApps/hardware_bridge_app/.cache/sketch/sketch/sketch.ino.cpp.o (millis)
/home/arduino/ArduinoApps/hardware_bridge_app/.cache/sketch/core/core.a(zephyrPinctrl.cpp.o)
                              /home/arduino/ArduinoApps/hardware_bridge_app/.cache/sketch/libraries/Wire/Wire.cpp.o (zephyr::arduino::init_dev_apply_pinctrl(device const*))
/home/arduino/ArduinoApps/hardware_bridge_app/.cache/sketch/core/core.a(zephyrSerial.cpp.o)
                              /home/arduino/ArduinoApps/hardware_bridge_app/.cache/sketch/libraries/Arduino_RouterBridge/singletons.cpp.o (Serial2)
/home/arduino/.arduino15/packages/zephyr/tools/arm-zephyr-eabi/0.16.8/bin/../lib/gcc/arm-zephyr-eabi/12.2.0/../../../../arm-zephyr-eabi/lib/thumb/v8-m.main+fp/hard/libstdc++_nano.a(functexcept.o)
                              /home/arduino/ArduinoApps/hardware_bridge_app/.cache/sketch/sketch/sketch.ino.cpp.o (std::__throw_bad_alloc())
/home/arduino/.arduino15/packages/zephyr/tools/arm-zephyr-eabi/0.16.8/bin/../lib/gcc/arm-zephyr-eabi/12.2.0/../../../../arm-zephyr-eabi/lib/thumb/v8-m.main+fp/hard/libstdc++_nano.a(functional.o)
                              /home/arduino/ArduinoApps/hardware_bridge_app/.cache/sketch/sketch/sketch.ino.cpp.o (std::__throw_bad_function_call())
/home/arduino/.arduino15/packages/zephyr/tools/arm-zephyr-eabi/0.16.8/bin/../lib/gcc/arm-zephyr-eabi/12.2.0/../../../../arm-zephyr-eabi/lib/thumb/v8-m.main+fp/hard/libstdc++_nano.a(eh_exception.o)
                              /home/arduino/.arduino15/packages/zephyr/tools/arm-zephyr-eabi/0.16.8/bin/../lib/gcc/arm-zephyr-eabi/12.2.0/../../../../arm-zephyr-eabi/lib/thumb/v8-m.main+fp/hard/libstdc++_nano.a(functional.o) (std::exception::~exception())
/home/arduino/.arduino15/packages/zephyr/tools/arm-zephyr-eabi/0.16.8/bin/../lib/gcc/arm-zephyr-eabi/12.2.0/../../../../arm-zephyr-eabi/lib/thumb/v8-m.main+fp/hard/libstdc++_nano.a(si_class_type_info.o)
                              /home/arduino/.arduino15/packages/zephyr/tools/arm-zephyr-eabi/0.16.8/bin/../lib/gcc/arm-zephyr-eabi/12.2.0/../../../../arm-zephyr-eabi/lib/thumb/v8-m.main+fp/hard/libstdc++_nano.a(functional.o) (vtable for __cxxabiv1::__si_class_type_info)
/home/arduino/.arduino15/packages/zephyr/tools/arm-zephyr-eabi/0.16.8/bin/../lib/gcc/arm-zephyr-eabi/12.2.0/../../../../arm-zephyr-eabi/lib/thumb/v8-m.main+fp/hard/libstdc++_nano.a(tinfo.o)
                              /home/arduino/.arduino15/packages/zephyr/tools/arm-zephyr-eabi/0.16.8/bin/../lib/gcc/arm-zephyr-eabi/12.2.0/../../../../arm-zephyr-eabi/lib/thumb/v8-m.main+fp/hard/libstdc++_nano.a(si_class_type_info.o) (std::type_info::__is_pointer_p() const)
/home/arduino/.arduino15/packages/zephyr/tools/arm-zephyr-eabi/0.16.8/bin/../lib/gcc/arm-zephyr-eabi/12.2.0/../../../../arm-zephyr-eabi/lib/thumb/v8-m.main+fp/hard/libstdc++_nano.a(class_type_info.o)
                              /home/arduino/.arduino15/packages/zephyr/tools/arm-zephyr-eabi/0.16.8/bin/../lib/gcc/arm-zephyr-eabi/12.2.0/../../../../arm-zephyr-eabi/lib/thumb/v8-m.main+fp/hard/libstdc++_nano.a(si_class_type_info.o) (__cxxabiv1::__class_type_info::__do_upcast(__cxxabiv1::__class_type_info const*, void**) const)

Discarded input sections

[...]
Memory Configuration

Name             Origin             Length             Attributes
*default*        0x0000000000000000 0xffffffffffffffff

Linker script and memory map

LOAD /home/arduino/.arduino15/packages/zephyr/tools/arm-zephyr-eabi/0.16.8/bin/../lib/gcc/arm-zephyr-eabi/12.2.0/../../../../arm-zephyr-eabi/lib/thumb/v8-m.main+fp/hard/libstdc++_nano.a
LOAD /home/arduino/.arduino15/packages/zephyr/tools/arm-zephyr-eabi/0.16.8/bin/../lib/gcc/arm-zephyr-eabi/12.2.0/../../../../arm-zephyr-eabi/lib/thumb/v8-m.main+fp/hard/libsupc++_nano.a
LOAD /home/arduino/.arduino15/packages/zephyr/tools/arm-zephyr-eabi/0.16.8/bin/../lib/gcc/arm-zephyr-eabi/12.2.0/../../../../arm-zephyr-eabi/lib/thumb/v8-m.main+fp/hard/libnosys.a
LOAD /home/arduino/ArduinoApps/hardware_bridge_app/.cache/sketch/sketch/sketch.ino.cpp.o
LOAD /home/arduino/ArduinoApps/hardware_bridge_app/.cache/sketch/libraries/Wire/Wire.cpp.o
LOAD /home/arduino/ArduinoApps/hardware_bridge_app/.cache/sketch/libraries/Arduino_RouterBridge/singletons.cpp.o
LOAD /home/arduino/ArduinoApps/hardware_bridge_app/.cache/sketch/core/analogReference.cpp.o
LOAD /home/arduino/ArduinoApps/hardware_bridge_app/.cache/sketch/core/tls-syms.S.o
START GROUP
LOAD /home/arduino/ArduinoApps/hardware_bridge_app/.cache/sketch/core/core.a
LOAD /home/arduino/.arduino15/packages/zephyr/tools/arm-zephyr-eabi/0.16.8/bin/../lib/gcc/arm-zephyr-eabi/12.2.0/../../../../arm-zephyr-eabi/lib/thumb/v8-m.main+fp/hard/libstdc++_nano.a
LOAD /home/arduino/.arduino15/packages/zephyr/tools/arm-zephyr-eabi/0.16.8/bin/../lib/gcc/arm-zephyr-eabi/12.2.0/../../../../arm-zephyr-eabi/lib/thumb/v8-m.main+fp/hard/libsupc++_nano.a
LOAD /home/arduino/.arduino15/packages/zephyr/tools/arm-zephyr-eabi/0.16.8/bin/../lib/gcc/arm-zephyr-eabi/12.2.0/../../../../arm-zephyr-eabi/lib/thumb/v8-m.main+fp/hard/libm_nano.a
END GROUP

/DISCARD/
 *(.ARM.attributes)
 *(.ARM.attributes.*)
 *(.ARM.exidx)
 *(.ARM.exidx.*)
 *(.ARM.extidx)
 *(.ARM.extidx.*)
 *(.ARM.extab)
 *(.ARM.extab.*)
 *(.comment)
 *(.comment.*)
 *(.llvmbc)
 *(.llvmcmd)
 *(.eh_frame)
 *stdexcept.o()
 *eh_*.o()
 *cow-stdexcept.o()
 *cow-string-inst.o()

.text           0x0000000000000000     0x6b30
 *(.text)
 *(.stub)
 *(.text*)
 .text._ZN15SerialTransport9availableEv
                0x0000000000000000       0x12 /home/arduino/ArduinoApps/hardware_bridge_app/.cache/sketch/sketch/sketch.ino.cpp.o
                0x0000000000000000                SerialTransport::available()
 .text._ZN15SerialTransport5writeEPKhj
                0x0000000000000012       0x10 /home/arduino/ArduinoApps/hardware_bridge_app/.cache/sketch/sketch/sketch.ino.cpp.o
                0x0000000000000012                SerialTransport::write(unsigned char const*, unsigned int)
 .text._ZN15SerialTransport4readEPhj
                0x0000000000000022       0x30 /home/arduino/ArduinoApps/hardware_bridge_app/.cache/sketch/sketch/sketch.ino.cpp.o
                0x0000000000000022                SerialTransport::read(unsigned char*, unsigned int)
 *fill*         0x0000000000000052        0x2 
 .text._ZN15SerialTransport9read_byteERh
                0x0000000000000054       0x20 /home/arduino/ArduinoApps/hardware_bridge_app/.cache/sketch/sketch/sketch.ino.cpp.o
                0x0000000000000054                SerialTransport::read_byte(unsigned char&)
 .text._ZN15SerialTransportD2Ev
                0x0000000000000074        0x2 /home/arduino/ArduinoApps/hardware_bridge_app/.cache/sketch/sketch/sketch.ino.cpp.o
                0x0000000000000074                SerialTransport::~SerialTransport()
                0x0000000000000074                SerialTransport::~SerialTransport()
 *fill*         0x0000000000000076        0x2 
 .text.k_yield  0x0000000000000078        0x8 /home/arduino/ArduinoApps/hardware_bridge_app/.cache/sketch/sketch/sketch.ino.cpp.o
 .text.k_mutex_lock
                0x0000000000000080        0x8 /home/arduino/ArduinoApps/hardware_bridge_app/.cache/sketch/sketch/sketch.ino.cpp.o
 .text.__tcf_0  0x0000000000000088       0x10 /home/arduino/ArduinoApps/hardware_bridge_app/.cache/sketch/sketch/sketch.ino.cpp.o
 .text._ZN15SerialTransportD0Ev
                0x0000000000000098       0x14 /home/arduino/ArduinoApps/hardware_bridge_app/.cache/sketch/sketch/sketch.ino.cpp.o
                0x0000000000000098                SerialTransport::~SerialTransport()
 .text._ZNSt17_Function_handlerIFvvEPS0_E10_M_managerERSt9_Any_dataRKS3_St18_Manager_operation
                0x00000000000000ac       0x30 /home/arduino/ArduinoApps/hardware_bridge_app/.cache/sketch/sketch/sketch.ino.cpp.o
                0x00000000000000ac                std::_Function_handler<void (), void (*)()>::_M_manager(std::_Any_data&, std::_Any_data const&, std::_Manager_operation)
 .text._ZNSt17_Function_handlerIFvvEPS0_E9_M_invokeERKSt9_Any_data
                0x00000000000000dc        0x4 /home/arduino/ArduinoApps/hardware_bridge_app/.cache/sketch/sketch/sketch.ino.cpp.o
                0x00000000000000dc                std::_Function_handler<void (), void (*)()>::_M_invoke(std::_Any_data const&)
 .text._ZNSt17_Function_handlerIFvSt6vectorIiSaIiEEEPS3_E10_M_managerERSt9_Any_dataRKS6_St18_Manager_operation
                0x00000000000000e0       0x30 /home/arduino/ArduinoApps/hardware_bridge_app/.cache/sketch/sketch/sketch.ino.cpp.o
                0x00000000000000e0                std::_Function_handler<void (std::vector<int, std::allocator<int> >), void (*)(std::vector<int, std::allocator<int> >)>::_M_manager(std::_Any_data&, std::_Any_data const&, std::_Manager_operation)
 .text._ZSt14__relocate_a_1IhhENSt9enable_ifIXsrSt24__is_bitwise_relocatableIT_vE5valueEPS2_E4typeES4_S4_S4_RSaIT0_E.isra.0
                0x0000000000000110       0x20 /home/arduino/ArduinoApps/hardware_bridge_app/.cache/sketch/sketch/sketch.ino.cpp.o
 .text._ZNSt12_Vector_baseIhSaIhEE11_M_allocateEj.isra.0
                0x0000000000000130       0x20 /home/arduino/ArduinoApps/hardware_bridge_app/.cache/sketch/sketch/sketch.ino.cpp.o
 .text.k_mutex_unlock.isra.0
                0x0000000000000150        0x8 /home/arduino/ArduinoApps/hardware_bridge_app/.cache/sketch/sketch/sketch.ino.cpp.o
 .text.k_mutex_init.isra.0
                0x0000000000000158        0x8 /home/arduino/ArduinoApps/hardware_bridge_app/.cache/sketch/sketch/sketch.ino.cpp.o
 .text.k_sleep.isra.0
                0x0000000000000160        0x8 /home/arduino/ArduinoApps/hardware_bridge_app/.cache/sketch/sketch/sketch.ino.cpp.o
 .text.k_msleep.constprop.0.isra.0
                0x0000000000000168        0xc /home/arduino/ArduinoApps/hardware_bridge_app/.cache/sketch/sketch/sketch.ino.cpp.o
 .text._ZNSt14_Function_baseD2Ev
                0x0000000000000174       0x12 /home/arduino/ArduinoApps/hardware_bridge_app/.cache/sketch/sketch/sketch.ino.cpp.o
                0x0000000000000174                std::_Function_base::~_Function_base()
                0x0000000000000174                std::_Function_base::~_Function_base()
 *fill*         0x0000000000000186        0x2 
 .text._ZN18RpcFunctionWrapperISt8functionIFvSt6vectorIiSaIiEEEEED2Ev
                0x0000000000000188       0x1c /home/arduino/ArduinoApps/hardware_bridge_app/.cache/sketch/sketch/sketch.ino.cpp.o
                0x0000000000000188                RpcFunctionWrapper<std::function<void (std::vector<int, std::allocator<int> >)> >::~RpcFunctionWrapper()
                0x0000000000000188                RpcFunctionWrapper<std::function<void (std::vector<int, std::allocator<int> >)> >::~RpcFunctionWrapper()
 .text._ZN18RpcFunctionWrapperISt8functionIFvSt6vectorIiSaIiEEEEED0Ev
                0x00000000000001a4       0x1c /home/arduino/ArduinoApps/hardware_bridge_app/.cache/sketch/sketch/sketch.ino.cpp.o
                0x00000000000001a4                RpcFunctionWrapper<std::function<void (std::vector<int, std::allocator<int> >)> >::~RpcFunctionWrapper()
 .text._ZN18RpcFunctionWrapperISt8functionIFvvEEED2Ev
                0x00000000000001c0       0x1c /home/arduino/ArduinoApps/hardware_bridge_app/.cache/sketch/sketch/sketch.ino.cpp.o
                0x00000000000001c0                RpcFunctionWrapper<std::function<void ()> >::~RpcFunctionWrapper()
                0x00000000000001c0                RpcFunctionWrapper<std::function<void ()> >::~RpcFunctionWrapper()
 .text._ZN18RpcFunctionWrapperISt8functionIFvvEEED0Ev
                0x00000000000001dc       0x1c /home/arduino/ArduinoApps/hardware_bridge_app/.cache/sketch/sketch/sketch.ino.cpp.o
                0x00000000000001dc                RpcFunctionWrapper<std::function<void ()> >::~RpcFunctionWrapper()
 .text._ZN7arduino7msgpack8Unpacker11deserializeEv
                0x00000000000001f8       0x16 /home/arduino/ArduinoApps/hardware_bridge_app/.cache/sketch/sketch/sketch.ino.cpp.o
                0x00000000000001f8                arduino::msgpack::Unpacker::deserialize()
 .text._ZN7arduino7msgpack8Unpacker5clearEv
                0x000000000000020e       0x14 /home/arduino/ArduinoApps/hardware_bridge_app/.cache/sketch/sketch/sketch.ino.cpp.o
                0x000000000000020e                arduino::msgpack::Unpacker::clear()
 .text._ZNK7arduino7msgpack8Unpacker13getRawBytePtrEjj
                0x0000000000000222       0x1e /home/arduino/ArduinoApps/hardware_bridge_app/.cache/sketch/sketch/sketch.ino.cpp.o
                0x0000000000000222                arduino::msgpack::Unpacker::getRawBytePtr(unsigned int, unsigned int) const
 .text._ZN8RpcErrorC2Ev
                0x0000000000000240       0x2c /home/arduino/ArduinoApps/hardware_bridge_app/.cache/sketch/sketch/sketch.ino.cpp.o
                0x0000000000000240                RpcError::RpcError()
                0x0000000000000240                RpcError::RpcError()
 .text._ZN17RpcDecoderManager10getDecoderER10ITransport
                0x000000000000026c       0x7c /home/arduino/ArduinoApps/hardware_bridge_app/.cache/sketch/sketch/sketch.ino.cpp.o
                0x000000000000026c                RpcDecoderManager::getDecoder(ITransport&)
 .text._ZN17RpcDecoderManager11getInstanceEv
                0x00000000000002e8       0x30 /home/arduino/ArduinoApps/hardware_bridge_app/.cache/sketch/sketch/sketch.ino.cpp.o
                0x00000000000002e8                RpcDecoderManager::getInstance()
 .text._ZN7arduino7msgpack8UnpackerC2Ev
                0x0000000000000318       0x10 /home/arduino/ArduinoApps/hardware_bridge_app/.cache/sketch/sketch/sketch.ino.cpp.o
                0x0000000000000318                arduino::msgpack::Unpacker::Unpacker()
                0x0000000000000318                arduino::msgpack::Unpacker::Unpacker()
 .text._ZN10RPCRequestILj256EEC2Ev
                0x0000000000000328       0x4c /home/arduino/ArduinoApps/hardware_bridge_app/.cache/sketch/sketch/sketch.ino.cpp.o
                0x0000000000000328                RPCRequest<256u>::RPCRequest()
                0x0000000000000328                RPCRequest<256u>::RPCRequest()
 .text._ZN11BridgeClass10is_startedEv
                0x0000000000000374       0x2c /home/arduino/ArduinoApps/hardware_bridge_app/.cache/sketch/sketch/sketch.ino.cpp.o
                0x0000000000000374                BridgeClass::is_started()
 .text._ZN7arduino9ZephyrI2C5writeEi
                0x00000000000003a0        0x8 /home/arduino/ArduinoApps/hardware_bridge_app/.cache/sketch/sketch/sketch.ino.cpp.o
                0x00000000000003a0                arduino::ZephyrI2C::write(int)
 .text._ZNSt12_Vector_baseIhSaIhEED2Ev
                0x00000000000003a8       0x18 /home/arduino/ArduinoApps/hardware_bridge_app/.cache/sketch/sketch/sketch.ino.cpp.o
                0x00000000000003a8                std::_Vector_base<unsigned char, std::allocator<unsigned char> >::~_Vector_base()
                0x00000000000003a8                std::_Vector_base<unsigned char, std::allocator<unsigned char> >::~_Vector_base()
 .text.__tcf_2  0x00000000000003c0       0x14 /home/arduino/ArduinoApps/hardware_bridge_app/.cache/sketch/sketch/sketch.ino.cpp.o
 .text.__tcf_1  0x00000000000003d4       0x14 /home/arduino/ArduinoApps/hardware_bridge_app/.cache/sketch/sketch/sketch.ino.cpp.o
 .text._ZNSt6vectorIhSaIhEE14_M_move_assignEOS1_St17integral_constantIbLb1EE.isra.0
                0x00000000000003e8       0x34 /home/arduino/ArduinoApps/hardware_bridge_app/.cache/sketch/sketch/sketch.ino.cpp.o
 .text._ZNK7arduino7msgpack8Unpacker11getRawBytesIhEET_jj
                0x000000000000041c       0x1e /home/arduino/ArduinoApps/hardware_bridge_app/.cache/sketch/sketch/sketch.ino.cpp.o
                0x000000000000041c                unsigned char arduino::msgpack::Unpacker::getRawBytes<unsigned char>(unsigned int, unsigned int) const
 *fill*         0x000000000000043a        0x2 
 .text._ZNK7arduino7msgpack8Unpacker7getTypeEj
                0x000000000000043c       0x58 /home/arduino/ArduinoApps/hardware_bridge_app/.cache/sketch/sketch/sketch.ino.cpp.o
                0x000000000000043c                arduino::msgpack::Unpacker::getType(unsigned int) const
 .text._ZNK7arduino7msgpack8Unpacker7getTypeEv
                0x0000000000000494       0x10 /home/arduino/ArduinoApps/hardware_bridge_app/.cache/sketch/sketch/sketch.ino.cpp.o
                0x0000000000000494                arduino::msgpack::Unpacker::getType() const
 .text._ZN7arduino7msgpack8Unpacker11unpackInt32Ev
                0x00000000000004a4       0x58 /home/arduino/ArduinoApps/hardware_bridge_app/.cache/sketch/sketch/sketch.ino.cpp.o
                0x00000000000004a4                arduino::msgpack::Unpacker::unpackInt32()
 .text._ZN7arduino7msgpack8Unpacker11unpackInt64Ev
                0x00000000000004fc       0x60 /home/arduino/ArduinoApps/hardware_bridge_app/.cache/sketch/sketch/sketch.ino.cpp.o
                0x00000000000004fc                arduino::msgpack::Unpacker::unpackInt64()
 .text._ZN7arduino7msgpack8Unpacker9unpackNilEv
                0x000000000000055c       0x3c /home/arduino/ArduinoApps/hardware_bridge_app/.cache/sketch/sketch/sketch.ino.cpp.o
                0x000000000000055c                arduino::msgpack::Unpacker::unpackNil()
 .text._ZNK7arduino7msgpack8Unpacker7isArrayEv
                0x0000000000000598       0x20 /home/arduino/ArduinoApps/hardware_bridge_app/.cache/sketch/sketch/sketch.ino.cpp.o
                0x0000000000000598                arduino::msgpack::Unpacker::isArray() const
 .text._ZNK7arduino7msgpack8Unpacker5isMapEv
                0x00000000000005b8       0x20 /home/arduino/ArduinoApps/hardware_bridge_app/.cache/sketch/sketch/sketch.ino.cpp.o
                0x00000000000005b8                arduino::msgpack::Unpacker::isMap() const
 .text._ZN7arduino7msgpack8Unpacker11unpackInt16Ev
                0x00000000000005d8       0x4c /home/arduino/ArduinoApps/hardware_bridge_app/.cache/sketch/sketch/sketch.ino.cpp.o
                0x00000000000005d8                arduino::msgpack::Unpacker::unpackInt16()
 .text._ZN7arduino7msgpack8Unpacker13unpackFloat32Ev
                0x0000000000000624       0x60 /home/arduino/ArduinoApps/hardware_bridge_app/.cache/sketch/sketch/sketch.ino.cpp.o
                0x0000000000000624                arduino::msgpack::Unpacker::unpackFloat32()
 *fill*         0x0000000000000684        0x4 
 .text._ZN7arduino7msgpack8Unpacker13unpackFloat64Ev
                0x0000000000000688       0x6c /home/arduino/ArduinoApps/hardware_bridge_app/.cache/sketch/sketch/sketch.ino.cpp.o
                0x0000000000000688                arduino::msgpack::Unpacker::unpackFloat64()
 .text._ZN7arduino7msgpack8Unpacker10unpackInt5Ev
                0x00000000000006f4       0x4c /home/arduino/ArduinoApps/hardware_bridge_app/.cache/sketch/sketch/sketch.ino.cpp.o
                0x00000000000006f4                arduino::msgpack::Unpacker::unpackInt5()
 .text._ZN7arduino7msgpack8Unpacker11unpackUInt7Ev
                0x0000000000000740       0x48 /home/arduino/ArduinoApps/hardware_bridge_app/.cache/sketch/sketch/sketch.ino.cpp.o
                0x0000000000000740                arduino::msgpack::Unpacker::unpackUInt7()
 .text._ZN7arduino7msgpack8Unpacker11unpackUInt8Ev
                0x0000000000000788       0x48 /home/arduino/ArduinoApps/hardware_bridge_app/.cache/sketch/sketch/sketch.ino.cpp.o
                0x0000000000000788                arduino::msgpack::Unpacker::unpackUInt8()
 .text._ZNK7arduino7msgpack8Unpacker11getRawBytesItEET_jj
                0x00000000000007d0       0x26 /home/arduino/ArduinoApps/hardware_bridge_app/.cache/sketch/sketch/sketch.ino.cpp.o
                0x00000000000007d0                unsigned short arduino::msgpack::Unpacker::getRawBytes<unsigned short>(unsigned int, unsigned int) const
 *fill*         0x00000000000007f6        0x2 
 .text._ZN7arduino7msgpack8Unpacker12unpackUInt16Ev
                0x00000000000007f8       0x48 /home/arduino/ArduinoApps/hardware_bridge_app/.cache/sketch/sketch/sketch.ino.cpp.o
                0x00000000000007f8                arduino::msgpack::Unpacker::unpackUInt16()
 .text._ZNK7arduino7msgpack8Unpacker11getRawBytesIjEET_jj
                0x0000000000000840       0x34 /home/arduino/ArduinoApps/hardware_bridge_app/.cache/sketch/sketch/sketch.ino.cpp.o
                0x0000000000000840                unsigned int arduino::msgpack::Unpacker::getRawBytes<unsigned int>(unsigned int, unsigned int) const
 .text._ZNK7arduino7msgpack8Unpacker14getElementSizeEj
                0x0000000000000874      0x11c /home/arduino/ArduinoApps/hardware_bridge_app/.cache/sketch/sketch/sketch.ino.cpp.o
                0x0000000000000874                arduino::msgpack::Unpacker::getElementSize(unsigned int) const
 .text._ZN7arduino7msgpack8Unpacker15unpackArraySizeEv
                0x0000000000000990       0x78 /home/arduino/ArduinoApps/hardware_bridge_app/.cache/sketch/sketch/sketch.ino.cpp.o
                0x0000000000000990                arduino::msgpack::Unpacker::unpackArraySize()
 .text._ZN7arduino7msgpack8Unpacker12unpackUInt32Ev
                0x0000000000000a08       0x48 /home/arduino/ArduinoApps/hardware_bridge_app/.cache/sketch/sketch/sketch.ino.cpp.o
                0x0000000000000a08                arduino::msgpack::Unpacker::unpackUInt32()
 .text._ZN7arduino7msgpack8Unpacker13unpackMapSizeEv
                0x0000000000000a50       0x78 /home/arduino/ArduinoApps/hardware_bridge_app/.cache/sketch/sketch/sketch.ino.cpp.o
                0x0000000000000a50                arduino::msgpack::Unpacker::unpackMapSize()
 .text._ZNK7arduino7msgpack8Unpacker11getRawBytesIyEET_jj
                0x0000000000000ac8       0x3a /home/arduino/ArduinoApps/hardware_bridge_app/.cache/sketch/sketch/sketch.ino.cpp.o
                0x0000000000000ac8                unsigned long long arduino::msgpack::Unpacker::getRawBytes<unsigned long long>(unsigned int, unsigned int) const
 *fill*         0x0000000000000b02        0x2 
 .text._ZN7arduino7msgpack8Unpacker12unpackUInt64Ev
                0x0000000000000b04       0x4c /home/arduino/ArduinoApps/hardware_bridge_app/.cache/sketch/sketch/sketch.ino.cpp.o
                0x0000000000000b04                arduino::msgpack::Unpacker::unpackUInt64()
 .text._ZNK7arduino7msgpack8Unpacker11getRawBytesIaEET_jj
                0x0000000000000b50       0x1e /home/arduino/ArduinoApps/hardware_bridge_app/.cache/sketch/sketch/sketch.ino.cpp.o
                0x0000000000000b50                signed char arduino::msgpack::Unpacker::getRawBytes<signed char>(unsigned int, unsigned int) const
 *fill*         0x0000000000000b6e        0x2 
 .text._ZN7arduino7msgpack8Unpacker10unpackInt8Ev
                0x0000000000000b70       0x48 /home/arduino/ArduinoApps/hardware_bridge_app/.cache/sketch/sketch/sketch.ino.cpp.o
                0x0000000000000b70                arduino::msgpack::Unpacker::unpackInt8()
 .text._ZNK7arduino7msgpack8Unpacker13isTimestamp32Ev
                0x0000000000000bb8       0x2c /home/arduino/ArduinoApps/hardware_bridge_app/.cache/sketch/sketch/sketch.ino.cpp.o
                0x0000000000000bb8                arduino::msgpack::Unpacker::isTimestamp32() const
 .text._ZNK7arduino7msgpack8Unpacker13isTimestamp64Ev
                0x0000000000000be4       0x2c /home/arduino/ArduinoApps/hardware_bridge_app/.cache/sketch/sketch/sketch.ino.cpp.o
                0x0000000000000be4                arduino::msgpack::Unpacker::isTimestamp64() const
 .text._ZNK7arduino7msgpack8Unpacker13isTimestamp96Ev
                0x0000000000000c10       0x40 /home/arduino/ArduinoApps/hardware_bridge_app/.cache/sketch/sketch/sketch.ino.cpp.o
                0x0000000000000c10                arduino::msgpack::Unpacker::isTimestamp96() const
 .text._ZNK7arduino7msgpack8Unpacker11getRawBytesIcEET_jj
                0x0000000000000c50       0x1e /home/arduino/ArduinoApps/hardware_bridge_app/.cache/sketch/sketch/sketch.ino.cpp.o
                0x0000000000000c50                char arduino::msgpack::Unpacker::getRawBytes<char>(unsigned int, unsigned int) const
 *fill*         0x0000000000000c6e        0x2 
 .text._ZN7arduino7msgpack8Unpacker11deserializeINS0_4type9ArraySizeEJEEEbRT_DpOT0_
                0x0000000000000c70       0x40 /home/arduino/ArduinoApps/hardware_bridge_app/.cache/sketch/sketch/sketch.ino.cpp.o
                0x0000000000000c70                bool arduino::msgpack::Unpacker::deserialize<arduino::msgpack::type::ArraySize>(arduino::msgpack::type::ArraySize&)
 .text._ZN7arduino7msgpack8Unpacker11deserializeINS0_6object5nil_tEJEEEbRT_DpOT0_
                0x0000000000000cb0       0x40 /home/arduino/ArduinoApps/hardware_bridge_app/.cache/sketch/sketch/sketch.ino.cpp.o
                0x0000000000000cb0                bool arduino::msgpack::Unpacker::deserialize<arduino::msgpack::object::nil_t>(arduino::msgpack::object::nil_t&)
 .text._ZN7arduino7msgpack8Unpacker11deserializeIbJEEEbRT_DpOT0_
                0x0000000000000cf0       0x68 /home/arduino/ArduinoApps/hardware_bridge_app/.cache/sketch/sketch/sketch.ino.cpp.o
                0x0000000000000cf0                bool arduino::msgpack::Unpacker::deserialize<bool>(bool&)
 .text._ZN7arduino7msgpack8Unpacker11deserializeINS_6StringEJEEEbRT_DpOT0_
                0x0000000000000d58      0x174 /home/arduino/ArduinoApps/hardware_bridge_app/.cache/sketch/sketch/sketch.ino.cpp.o
                0x0000000000000d58                bool arduino::msgpack::Unpacker::deserialize<arduino::String>(arduino::String&)
 .text._ZN7arduino7msgpack8Unpacker11deserializeINS0_6object8timespecEJEEEbRT_DpOT0_
                0x0000000000000ecc       0xc4 /home/arduino/ArduinoApps/hardware_bridge_app/.cache/sketch/sketch/sketch.ino.cpp.o
                0x0000000000000ecc                bool arduino::msgpack::Unpacker::deserialize<arduino::msgpack::object::timespec>(arduino::msgpack::object::timespec&)
 .text._ZNSt12_Vector_baseIjSaIjEED2Ev
                0x0000000000000f90       0x18 /home/arduino/ArduinoApps/hardware_bridge_app/.cache/sketch/sketch/sketch.ino.cpp.o
                0x0000000000000f90                std::_Vector_base<unsigned int, std::allocator<unsigned int> >::~_Vector_base()
                0x0000000000000f90                std::_Vector_base<unsigned int, std::allocator<unsigned int> >::~_Vector_base()
 .text._ZN10RPCRequestILj256EED2Ev
                0x0000000000000fa8       0x2c /home/arduino/ArduinoApps/hardware_bridge_app/.cache/sketch/sketch/sketch.ino.cpp.o
                0x0000000000000fa8                RPCRequest<256u>::~RPCRequest()
                0x0000000000000fa8                RPCRequest<256u>::~RPCRequest()
 .text._ZNSt6vectorIjSaIjEE17_M_realloc_insertIJRjEEEvN9__gnu_cxx17__normal_iteratorIPjS1_EEDpOT_
                0x0000000000000fd4       0xdc /home/arduino/ArduinoApps/hardware_bridge_app/.cache/sketch/sketch/sketch.ino.cpp.o
                0x0000000000000fd4                void std::vector<unsigned int, std::allocator<unsigned int> >::_M_realloc_insert<unsigned int&>(__gnu_cxx::__normal_iterator<unsigned int*, std::vector<unsigned int, std::allocator<unsigned int> > >, unsigned int&)
 .text._ZN7arduino7msgpack8Unpacker4feedEPKhj
                0x00000000000010b0       0x78 /home/arduino/ArduinoApps/hardware_bridge_app/.cache/sketch/sketch/sketch.ino.cpp.o
                0x00000000000010b0                arduino::msgpack::Unpacker::feed(unsigned char const*, unsigned int)
 .text._ZN7RpcCallIJEE8setErrorEiN7arduino6StringE
                0x0000000000001128       0x40 /home/arduino/ArduinoApps/hardware_bridge_app/.cache/sketch/sketch/sketch.ino.cpp.o
                0x0000000000001128                RpcCall<>::setError(int, arduino::String)
 .text._ZN7RpcCallIJEE7isErrorEv
                0x0000000000001168       0x34 /home/arduino/ArduinoApps/hardware_bridge_app/.cache/sketch/sketch/sketch.ino.cpp.o
                0x0000000000001168                RpcCall<>::isError()
 .text._ZNKSt6vectorIhSaIhEE12_M_check_lenEjPKc
                0x000000000000119c       0x38 /home/arduino/ArduinoApps/hardware_bridge_app/.cache/sketch/sketch/sketch.ino.cpp.o
                0x000000000000119c                std::vector<unsigned char, std::allocator<unsigned char> >::_M_check_len(unsigned int, char const*) const
 .text._ZNSt6vectorIhSaIhEE12emplace_backIJhEEERhDpOT_.isra.0
                0x00000000000011d4       0x90 /home/arduino/ArduinoApps/hardware_bridge_app/.cache/sketch/sketch/sketch.ino.cpp.o
 .text._ZN7arduino7msgpack6Packer11packRawByteERKNS0_4TypeE.isra.0
                0x0000000000001264       0x18 /home/arduino/ArduinoApps/hardware_bridge_app/.cache/sketch/sketch/sketch.ino.cpp.o
 .text._ZN7arduino7msgpack6Packer7packNilEv
                0x000000000000127c       0x18 /home/arduino/ArduinoApps/hardware_bridge_app/.cache/sketch/sketch/sketch.ino.cpp.o
                0x000000000000127c                arduino::msgpack::Packer::packNil()
 .text._ZNSt6vectorIhSaIhEE17_M_realloc_insertIJRKhEEEvN9__gnu_cxx17__normal_iteratorIPhS1_EEDpOT_
                0x0000000000001294       0x74 /home/arduino/ArduinoApps/hardware_bridge_app/.cache/sketch/sketch/sketch.ino.cpp.o
                0x0000000000001294                void std::vector<unsigned char, std::allocator<unsigned char> >::_M_realloc_insert<unsigned char const&>(__gnu_cxx::__normal_iterator<unsigned char*, std::vector<unsigned char, std::allocator<unsigned char> > >, unsigned char const&)
 .text._ZNSt6vectorIhSaIhEE12emplace_backIJRKhEEERhDpOT_.isra.0
                0x0000000000001308       0x30 /home/arduino/ArduinoApps/hardware_bridge_app/.cache/sketch/sketch/sketch.ino.cpp.o
 .text._ZN7arduino7msgpack6Packer12packRawBytesEPKhj
                0x0000000000001338       0x20 /home/arduino/ArduinoApps/hardware_bridge_app/.cache/sketch/sketch/sketch.ino.cpp.o
                0x0000000000001338                arduino::msgpack::Packer::packRawBytes(unsigned char const*, unsigned int)
 .text._ZN7arduino7msgpack6Packer9packUInt8Eh
                0x0000000000001358       0x2c /home/arduino/ArduinoApps/hardware_bridge_app/.cache/sketch/sketch/sketch.ino.cpp.o
                0x0000000000001358                arduino::msgpack::Packer::packUInt8(unsigned char)
 .text._ZNSt6vectorIhSaIhEE12emplace_backIJRhEEES3_DpOT_.isra.0
                0x0000000000001384       0x90 /home/arduino/ArduinoApps/hardware_bridge_app/.cache/sketch/sketch/sketch.ino.cpp.o
 .text._ZN7arduino7msgpack6Packer9packFloatIfEENSt9enable_ifIXaasrSt13is_arithmeticIT_E5valuesrSt17is_floating_pointIS5_E5valueEvE4typeERKS5_.isra.0
                0x0000000000001414       0x30 /home/arduino/ArduinoApps/hardware_bridge_app/.cache/sketch/sketch/sketch.ino.cpp.o
 .text._ZN7arduino7msgpack6Packer15packRawReversedIjEEvRKT_
                0x0000000000001444       0x1c /home/arduino/ArduinoApps/hardware_bridge_app/.cache/sketch/sketch/sketch.ino.cpp.o
                0x0000000000001444                void arduino::msgpack::Packer::packRawReversed<unsigned int>(unsigned int const&)
 .text._ZN7arduino7msgpack6Packer10packUInt32Ej
                0x0000000000001460       0x28 /home/arduino/ArduinoApps/hardware_bridge_app/.cache/sketch/sketch/sketch.ino.cpp.o
                0x0000000000001460                arduino::msgpack::Packer::packUInt32(unsigned int)
 .text._ZN7arduino7msgpack6Packer15packRawReversedItEEvRKT_
                0x0000000000001488       0x1c /home/arduino/ArduinoApps/hardware_bridge_app/.cache/sketch/sketch/sketch.ino.cpp.o
                0x0000000000001488                void arduino::msgpack::Packer::packRawReversed<unsigned short>(unsigned short const&)
 .text._ZN7arduino7msgpack6Packer13packArraySizeEj
                0x00000000000014a4       0x58 /home/arduino/ArduinoApps/hardware_bridge_app/.cache/sketch/sketch/sketch.ino.cpp.o
                0x00000000000014a4                arduino::msgpack::Packer::packArraySize(unsigned int)
 .text._ZN7arduino7msgpack6Packer10packUInt16Et
                0x00000000000014fc       0x2c /home/arduino/ArduinoApps/hardware_bridge_app/.cache/sketch/sketch/sketch.ino.cpp.o
                0x00000000000014fc                arduino::msgpack::Packer::packUInt16(unsigned short)
 .text._ZN7arduino7msgpack6Packer11packIntegerIjEENSt9enable_ifIXaaaaaasrSt13is_arithmeticIT_E5valuesrSt11is_integralIS5_E5valuentsrSt7is_sameIS5_bE5valuentsrS9_INSt9remove_cvIS5_E4typeEPcE5valueEvE4typeERKS5_.isra.0
                0x0000000000001528       0x50 /home/arduino/ArduinoApps/hardware_bridge_app/.cache/sketch/sketch/sketch.ino.cpp.o
 .text._ZN7arduino7msgpack6Packer11packIntegerIiEENSt9enable_ifIXaaaaaasrSt13is_arithmeticIT_E5valuesrSt11is_integralIS5_E5valuentsrSt7is_sameIS5_bE5valuentsrS9_INSt9remove_cvIS5_E4typeEPcE5valueEvE4typeERKS5_.isra.0
                0x0000000000001578       0xb8 /home/arduino/ArduinoApps/hardware_bridge_app/.cache/sketch/sketch/sketch.ino.cpp.o
 .text._ZN7arduino7msgpack6Packer12packRawBytesEPKcj
                0x0000000000001630       0x9c /home/arduino/ArduinoApps/hardware_bridge_app/.cache/sketch/sketch/sketch.ino.cpp.o
                0x0000000000001630                arduino::msgpack::Packer::packRawBytes(char const*, unsigned int)
 .text._ZN7arduino7msgpack6Packer4packERKNS_6StringE
                0x00000000000016cc       0x7c /home/arduino/ArduinoApps/hardware_bridge_app/.cache/sketch/sketch/sketch.ino.cpp.o
                0x00000000000016cc                arduino::msgpack::Packer::pack(arduino::String const&)
 .text._ZN7arduino7msgpack6Packer9serializeIJRKiRKNS_6StringEEEEvRKNS0_4type9ArraySizeEDpOT_.isra.0
                0x0000000000001748       0x2c /home/arduino/ArduinoApps/hardware_bridge_app/.cache/sketch/sketch/sketch.ino.cpp.o
 .text._ZN7arduino7msgpack6Packer9serializeI8RpcErrorJRNS0_6object5nil_tEEEENSt9enable_ifIXoooontsrSt10is_pointerIT_E5valuesrSt7is_sameIS9_PKcE5valuesrSB_IS9_PKNS_19__FlashStringHelperEE5valueEvE4typeERKS9_DpOT0_.constprop.0
                0x0000000000001774       0x20 /home/arduino/ArduinoApps/hardware_bridge_app/.cache/sketch/sketch/sketch.ino.cpp.o
 .text._ZN18RpcFunctionWrapperISt8functionIFvvEEEclERN7arduino7msgpack8UnpackerERNS5_6PackerE
                0x0000000000001794       0x98 /home/arduino/ArduinoApps/hardware_bridge_app/.cache/sketch/sketch/sketch.ino.cpp.o
                0x0000000000001794                RpcFunctionWrapper<std::function<void ()> >::operator()(arduino::msgpack::Unpacker&, arduino::msgpack::Packer&)
 .text._ZN7arduino7msgpack8Unpacker9unpackIntIiEENSt9enable_ifIXaaaaaaaasrSt13is_arithmeticIT_E5valuesrSt11is_integralIS5_E5valuentsrSt7is_sameIS5_bE5valuentsrS9_INSt9remove_cvIS5_E4typeEPcE5valuesrSt9is_signedIS5_E5valueES5_E4typeEv
                0x000000000000182c       0xd0 /home/arduino/ArduinoApps/hardware_bridge_app/.cache/sketch/sketch/sketch.ino.cpp.o
                0x000000000000182c                std::enable_if<(((std::is_arithmetic<int>::value&&std::is_integral<int>::value)&&(!std::is_same<int, bool>::value))&&(!std::is_same<std::remove_cv<int>::type, char*>::value))&&std::is_signed<int>::value, int>::type arduino::msgpack::Unpacker::unpackInt<int>()
 .text._ZN7arduino7msgpack8Unpacker11deserializeIiJEEEbRT_DpOT0_
                0x00000000000018fc       0x40 /home/arduino/ArduinoApps/hardware_bridge_app/.cache/sketch/sketch/sketch.ino.cpp.o
                0x00000000000018fc                bool arduino::msgpack::Unpacker::deserialize<int>(int&)
 .text._ZN7arduino7msgpack8Unpacker11unpackFloatIfEENSt9enable_ifIXaasrSt13is_arithmeticIT_E5valuesrSt17is_floating_pointIS5_E5valueES5_E4typeEv
                0x000000000000193c      0x118 /home/arduino/ArduinoApps/hardware_bridge_app/.cache/sketch/sketch/sketch.ino.cpp.o
                0x000000000000193c                std::enable_if<std::is_arithmetic<float>::value&&std::is_floating_point<float>::value, float>::type arduino::msgpack::Unpacker::unpackFloat<float>()
 *fill*         0x0000000000001a54        0x4 
 .text._ZN7arduino7msgpack8Unpacker11unpackFloatIdEENSt9enable_ifIXaasrSt13is_arithmeticIT_E5valuesrSt17is_floating_pointIS5_E5valueES5_E4typeEv
                0x0000000000001a58      0x118 /home/arduino/ArduinoApps/hardware_bridge_app/.cache/sketch/sketch/sketch.ino.cpp.o
                0x0000000000001a58                std::enable_if<std::is_arithmetic<double>::value&&std::is_floating_point<double>::value, double>::type arduino::msgpack::Unpacker::unpackFloat<double>()
 .text._ZN7arduino7msgpack8Unpacker12unpackBinaryIhEENSt9enable_ifIXoosrSt7is_sameIT_cE5valuesrS4_IS5_hE5valueESt6vectorINS3_IXoosrS7_5valuesrS6_5valueES5_E4typeESaIS5_EEE4typeEv
                0x0000000000001b70      0x114 /home/arduino/ArduinoApps/hardware_bridge_app/.cache/sketch/sketch/sketch.ino.cpp.o
                0x0000000000001b70                std::enable_if<std::is_same<unsigned char, char>::value||std::is_same<unsigned char, unsigned char>::value, std::vector<std::enable_if<std::is_same<unsigned char, unsigned char>::value||std::is_same<unsigned char, char>::value, unsigned char>::type, std::allocator<unsigned char> > >::type arduino::msgpack::Unpacker::unpackBinary<unsigned char>()
 .text._ZN7arduino7msgpack8Unpacker11deserializeINS0_4type9ArraySizeEJRiEEEbRT_DpOT0_
                0x0000000000001c84       0x44 /home/arduino/ArduinoApps/hardware_bridge_app/.cache/sketch/sketch/sketch.ino.cpp.o
                0x0000000000001c84                bool arduino::msgpack::Unpacker::deserialize<arduino::msgpack::type::ArraySize, int&>(arduino::msgpack::type::ArraySize&, int&)
 .text._ZNK10RpcDecoderILj1024EE4sendEPKhj
                0x0000000000001cc8       0x22 /home/arduino/ArduinoApps/hardware_bridge_app/.cache/sketch/sketch/sketch.ino.cpp.o
                0x0000000000001cc8                RpcDecoder<1024u>::send(unsigned char const*, unsigned int) const
 *fill*         0x0000000000001cea        0x2 
 .text._ZN9RPCClient8send_rpcIJEEEbRKN7arduino6StringERjDpOT_.isra.0
                0x0000000000001cec       0x8c /home/arduino/ArduinoApps/hardware_bridge_app/.cache/sketch/sketch/sketch.ino.cpp.o
 .text._ZN11BridgeClass6notifyIJRiiS1_S1_EEEvN7arduino6StringEDpOT_
                0x0000000000001d78       0xbc /home/arduino/ArduinoApps/hardware_bridge_app/.cache/sketch/sketch/sketch.ino.cpp.o
                0x0000000000001d78                void BridgeClass::notify<int&, int, int&, int&>(arduino::String, int&, int&&, int&, int&)
 .text._ZN11BridgeClass6notifyIJRSt6vectorIhSaIhEEEEEvN7arduino6StringEDpOT_
                0x0000000000001e34      0x104 /home/arduino/ArduinoApps/hardware_bridge_app/.cache/sketch/sketch/sketch.ino.cpp.o
                0x0000000000001e34                void BridgeClass::notify<std::vector<unsigned char, std::allocator<unsigned char> >&>(arduino::String, std::vector<unsigned char, std::allocator<unsigned char> >&)
 .text._Z7on_pingv
                0x0000000000001f38       0xc0 /home/arduino/ArduinoApps/hardware_bridge_app/.cache/sketch/sketch/sketch.ino.cpp.o
                0x0000000000001f38                on_ping()
 .text._ZN11BridgeClass6notifyIJiEEEvN7arduino6StringEDpOT_
                0x0000000000001ff8       0xa8 /home/arduino/ArduinoApps/hardware_bridge_app/.cache/sketch/sketch/sketch.ino.cpp.o
                0x0000000000001ff8                void BridgeClass::notify<int>(arduino::String, int&&)
 .text._ZNK9RPCServer13send_responseILj256EEEbRK10RPCRequestIXT_EE.isra.0
                0x00000000000020a0       0x24 /home/arduino/ArduinoApps/hardware_bridge_app/.cache/sketch/sketch/sketch.ino.cpp.o
 .text._ZN10RpcDecoderILj1024EE7consumeEjj
                0x00000000000020c4       0x50 /home/arduino/ArduinoApps/hardware_bridge_app/.cache/sketch/sketch/sketch.ino.cpp.o
                0x00000000000020c4                RpcDecoder<1024u>::consume(unsigned int, unsigned int)
 .text._ZN10RpcDecoderILj1024EE7discardEv
                0x0000000000002114       0x2c /home/arduino/ArduinoApps/hardware_bridge_app/.cache/sketch/sketch/sketch.ino.cpp.o
                0x0000000000002114                RpcDecoder<1024u>::discard()
 .text._ZN7arduino7msgpack8Unpacker11deserializeI8RpcErrorJRNS0_6object5nil_tEEEEbRT_DpOT0_
                0x0000000000002140       0x90 /home/arduino/ArduinoApps/hardware_bridge_app/.cache/sketch/sketch/sketch.ino.cpp.o
                0x0000000000002140                bool arduino::msgpack::Unpacker::deserialize<RpcError, arduino::msgpack::object::nil_t&>(RpcError&, arduino::msgpack::object::nil_t&)
 .text._ZNK21RpcFunctionDispatcherILj100EE7isBoundERKN7arduino6StringE
                0x00000000000021d0       0x34 /home/arduino/ArduinoApps/hardware_bridge_app/.cache/sketch/sketch/sketch.ino.cpp.o
                0x00000000000021d0                RpcFunctionDispatcher<100u>::isBound(arduino::String const&) const
 .text._Z4wrapIRFvSt6vectorIiSaIiEEESt8functionIS3_EEP18RpcFunctionWrapperIT0_EOT_
                0x0000000000002204       0x6c /home/arduino/ArduinoApps/hardware_bridge_app/.cache/sketch/sketch/sketch.ino.cpp.o
                0x0000000000002204                RpcFunctionWrapper<std::function<void (std::vector<int, std::allocator<int> >)> >* wrap<void (&)(std::vector<int, std::allocator<int> >), std::function<void (std::vector<int, std::allocator<int> >)> >(void (&)(std::vector<int, std::allocator<int> >))
 .text._ZN7RpcCallIJRKN7arduino6StringEEE8setErrorEiS1_
                0x0000000000002270       0x40 /home/arduino/ArduinoApps/hardware_bridge_app/.cache/sketch/sketch/sketch.ino.cpp.o
                0x0000000000002270                RpcCall<arduino::String const&>::setError(int, arduino::String)
 .text._ZN7RpcCallIJRKN7arduino6StringEEEC2ES3_P9RPCClientP7k_mutexS8_S3_
                0x00000000000022b0       0x80 /home/arduino/ArduinoApps/hardware_bridge_app/.cache/sketch/sketch/sketch.ino.cpp.o
                0x00000000000022b0                RpcCall<arduino::String const&>::RpcCall(arduino::String const&, RPCClient*, k_mutex*, k_mutex*, arduino::String const&)
                0x00000000000022b0                RpcCall<arduino::String const&>::RpcCall(arduino::String const&, RPCClient*, k_mutex*, k_mutex*, arduino::String const&)
 .text._Z4wrapIRFvvESt8functionIS0_EEP18RpcFunctionWrapperIT0_EOT_
                0x0000000000002330       0x6c /home/arduino/ArduinoApps/hardware_bridge_app/.cache/sketch/sketch/sketch.ino.cpp.o
                0x0000000000002330                RpcFunctionWrapper<std::function<void ()> >* wrap<void (&)(), std::function<void ()> >(void (&)())
 .text._ZN7arduino7msgpack8Unpacker10unpackUIntIjEENSt9enable_ifIXaaaaaaaasrSt13is_arithmeticIT_E5valuesrSt11is_integralIS5_E5valuentsrSt7is_sameIS5_bE5valuentsrS9_INSt9remove_cvIS5_E4typeEPcE5valuentsrSt9is_signedIS5_E5valueES5_E4typeEv
                0x000000000000239c       0x80 /home/arduino/ArduinoApps/hardware_bridge_app/.cache/sketch/sketch/sketch.ino.cpp.o
                0x000000000000239c                std::enable_if<(((std::is_arithmetic<unsigned int>::value&&std::is_integral<unsigned int>::value)&&(!std::is_same<unsigned int, bool>::value))&&(!std::is_same<std::remove_cv<unsigned int>::type, char*>::value))&&(!std::is_signed<unsigned int>::value), unsigned int>::type arduino::msgpack::Unpacker::unpackUInt<unsigned int>()
 .text._ZN7arduino7msgpack8Unpacker11deserializeIjJRNS_6StringEEEEbRT_DpOT0_
                0x000000000000241c       0x44 /home/arduino/ArduinoApps/hardware_bridge_app/.cache/sketch/sketch/sketch.ino.cpp.o
                0x000000000000241c                bool arduino::msgpack::Unpacker::deserialize<unsigned int, arduino::String&>(unsigned int&, arduino::String&)
 .text._ZN10RpcDecoderILj1024EE16fetch_rpc_methodEv
                0x0000000000002460       0xe8 /home/arduino/ArduinoApps/hardware_bridge_app/.cache/sketch/sketch/sketch.ino.cpp.o
                0x0000000000002460                RpcDecoder<1024u>::fetch_rpc_method()
 .text._ZN10RPCRequestILj256EE22unpack_request_headersEv
                0x0000000000002548       0xb8 /home/arduino/ArduinoApps/hardware_bridge_app/.cache/sketch/sketch/sketch.ino.cpp.o
                0x0000000000002548                RPCRequest<256u>::unpack_request_headers()
 .text._ZN9RPCServer15process_requestILj256EEEvR10RPCRequestIXT_EE
                0x0000000000002600      0x114 /home/arduino/ArduinoApps/hardware_bridge_app/.cache/sketch/sketch/sketch.ino.cpp.o
                0x0000000000002600                void RPCServer::process_request<256u>(RPCRequest<256u>&)
 .text._ZN7arduino7msgpack8Unpacker11deserializeINS0_4type9ArraySizeEJRiRjEEEbRT_DpOT0_
                0x0000000000002714       0xa0 /home/arduino/ArduinoApps/hardware_bridge_app/.cache/sketch/sketch/sketch.ino.cpp.o
                0x0000000000002714                bool arduino::msgpack::Unpacker::deserialize<arduino::msgpack::type::ArraySize, int&, unsigned int&>(arduino::msgpack::type::ArraySize&, int&, unsigned int&)
 .text._ZN10RpcDecoderILj1024EE12get_responseIbEEbjRT_R8RpcError
                0x00000000000027b4      0x17c /home/arduino/ArduinoApps/hardware_bridge_app/.cache/sketch/sketch/sketch.ino.cpp.o
                0x00000000000027b4                bool RpcDecoder<1024u>::get_response<bool>(unsigned int, bool&, RpcError&)
 .text._ZN10RpcDecoderILj1024EE12get_responseIN7arduino7msgpack6object5nil_tEEEbjRT_R8RpcError
                0x0000000000002930      0x17c /home/arduino/ArduinoApps/hardware_bridge_app/.cache/sketch/sketch/sketch.ino.cpp.o
                0x0000000000002930                bool RpcDecoder<1024u>::get_response<arduino::msgpack::object::nil_t>(unsigned int, arduino::msgpack::object::nil_t&, RpcError&)
 .text._ZNSt11__copy_moveILb0ELb1ESt26random_access_iterator_tagE8__copy_mIhEEPT_PKS3_S6_S4_
                0x0000000000002aac       0x1c /home/arduino/ArduinoApps/hardware_bridge_app/.cache/sketch/sketch/sketch.ino.cpp.o
                0x0000000000002aac                unsigned char* std::__copy_move<false, true, std::random_access_iterator_tag>::__copy_m<unsigned char>(unsigned char const*, unsigned char const*, unsigned char*)
 .text._ZNSt12_Vector_baseIiSaIiEED2Ev
                0x0000000000002ac8       0x18 /home/arduino/ArduinoApps/hardware_bridge_app/.cache/sketch/sketch/sketch.ino.cpp.o
                0x0000000000002ac8                std::_Vector_base<int, std::allocator<int> >::~_Vector_base()
                0x0000000000002ac8                std::_Vector_base<int, std::allocator<int> >::~_Vector_base()
 .text._ZNSt17_Function_handlerIFvSt6vectorIiSaIiEEEPS3_E9_M_invokeERKSt9_Any_dataOS2_
                0x0000000000002ae0       0x2c /home/arduino/ArduinoApps/hardware_bridge_app/.cache/sketch/sketch/sketch.ino.cpp.o
                0x0000000000002ae0                std::_Function_handler<void (std::vector<int, std::allocator<int> >), void (*)(std::vector<int, std::allocator<int> >)>::_M_invoke(std::_Any_data const&, std::vector<int, std::allocator<int> >&&)
 .text._ZNSt11__copy_moveILb1ELb1ESt26random_access_iterator_tagE8__copy_mIhEEPT_PKS3_S6_S4_
                0x0000000000002b0c       0x1c /home/arduino/ArduinoApps/hardware_bridge_app/.cache/sketch/sketch/sketch.ino.cpp.o
                0x0000000000002b0c                unsigned char* std::__copy_move<true, true, std::random_access_iterator_tag>::__copy_m<unsigned char>(unsigned char const*, unsigned char const*, unsigned char*)
 .text._ZN7arduino7msgpack6object3extC2EaPKhj
                0x0000000000002b28      0x104 /home/arduino/ArduinoApps/hardware_bridge_app/.cache/sketch/sketch/sketch.ino.cpp.o
                0x0000000000002b28                arduino::msgpack::object::ext::ext(signed char, unsigned char const*, unsigned int)
                0x0000000000002b28                arduino::msgpack::object::ext::ext(signed char, unsigned char const*, unsigned int)
 .text._ZN7arduino7msgpack8Unpacker9unpackExtEv
                0x0000000000002c2c      0x178 /home/arduino/ArduinoApps/hardware_bridge_app/.cache/sketch/sketch/sketch.ino.cpp.o
                0x0000000000002c2c                arduino::msgpack::Unpacker::unpackExt()
 .text._ZN8RpcUtils6detail12unpackObjectERN7arduino7msgpack8UnpackerE
                0x0000000000002da4      0x29c /home/arduino/ArduinoApps/hardware_bridge_app/.cache/sketch/sketch/sketch.ino.cpp.o
                0x0000000000002da4                RpcUtils::detail::unpackObject(arduino::msgpack::Unpacker&)
 .text._ZN10RpcDecoderILj1024EE12parse_packetEv
                0x0000000000003040      0x13c /home/arduino/ArduinoApps/hardware_bridge_app/.cache/sketch/sketch/sketch.ino.cpp.o
                0x0000000000003040                RpcDecoder<1024u>::parse_packet()
 .text._ZN10RpcDecoderILj1024EE6decodeEv
                0x000000000000317c       0x40 /home/arduino/ArduinoApps/hardware_bridge_app/.cache/sketch/sketch/sketch.ino.cpp.o
                0x000000000000317c                RpcDecoder<1024u>::decode()
 .text._ZN9RPCServer7get_rpcILj256EEEbR10RPCRequestIXT_EEN7arduino6StringE
                0x00000000000031bc       0xd0 /home/arduino/ArduinoApps/hardware_bridge_app/.cache/sketch/sketch/sketch.ino.cpp.o
                0x00000000000031bc                bool RPCServer::get_rpc<256u>(RPCRequest<256u>&, arduino::String)
 .text._ZN11BridgeClass11update_safeEv
                0x000000000000328c       0xb0 /home/arduino/ArduinoApps/hardware_bridge_app/.cache/sketch/sketch/sketch.ino.cpp.o
                0x000000000000328c                BridgeClass::update_safe()
 .text._Z10__loopHookv
                0x000000000000333c       0x28 /home/arduino/ArduinoApps/hardware_bridge_app/.cache/sketch/sketch/sketch.ino.cpp.o
                0x000000000000333c                __loopHook()
 .text._ZN11BridgeClass6updateEv
                0x0000000000003364       0xb0 /home/arduino/ArduinoApps/hardware_bridge_app/.cache/sketch/sketch/sketch.ino.cpp.o
                0x0000000000003364                BridgeClass::update()
 .text._Z16updateEntryPointPvS_S_
                0x0000000000003414       0x28 /home/arduino/ArduinoApps/hardware_bridge_app/.cache/sketch/sketch/sketch.ino.cpp.o
                0x0000000000003414                updateEntryPoint(void*, void*, void*)
 .text._ZN7RpcCallIJEE6resultIbEEbRT_
                0x000000000000343c      0x130 /home/arduino/ArduinoApps/hardware_bridge_app/.cache/sketch/sketch/sketch.ino.cpp.o
                0x000000000000343c                bool RpcCall<>::result<bool>(bool&)
 .text._ZN9RPCClient12get_responseIN7arduino7msgpack6object5nil_tEEEbjRT_R8RpcError
                0x000000000000356c       0x40 /home/arduino/ArduinoApps/hardware_bridge_app/.cache/sketch/sketch/sketch.ino.cpp.o
                0x000000000000356c                bool RPCClient::get_response<arduino::msgpack::object::nil_t>(unsigned int, arduino::msgpack::object::nil_t&, RpcError&)
 .text._ZN7RpcCallIJRKN7arduino6StringEEE6resultEv.isra.0
                0x00000000000035ac      0x190 /home/arduino/ArduinoApps/hardware_bridge_app/.cache/sketch/sketch/sketch.ino.cpp.o
 .text._ZN7RpcCallIJRKN7arduino6StringEEED2Ev
                0x000000000000373c       0x20 /home/arduino/ArduinoApps/hardware_bridge_app/.cache/sketch/sketch/sketch.ino.cpp.o
                0x000000000000373c                RpcCall<arduino::String const&>::~RpcCall()
                0x000000000000373c                RpcCall<arduino::String const&>::~RpcCall()
 .text._ZN11BridgeClass7provideIRFvvEEEbRKN7arduino6StringEOT_.isra.0
                0x000000000000375c      0x110 /home/arduino/ArduinoApps/hardware_bridge_app/.cache/sketch/sketch/sketch.ino.cpp.o
 .text._ZN7RpcCallIJEED2Ev
                0x000000000000386c      0x114 /home/arduino/ArduinoApps/hardware_bridge_app/.cache/sketch/sketch/sketch.ino.cpp.o
                0x000000000000386c                RpcCall<>::~RpcCall()
                0x000000000000386c                RpcCall<>::~RpcCall()
 .text._ZN8RpcUtils6detail9unpackMapERN7arduino7msgpack8UnpackerERj
                0x0000000000003980       0x80 /home/arduino/ArduinoApps/hardware_bridge_app/.cache/sketch/sketch/sketch.ino.cpp.o
                0x0000000000003980                RpcUtils::detail::unpackMap(arduino::msgpack::Unpacker&, unsigned int&)
 .text._ZNSt6vectorIiSaIiEE17_M_realloc_insertIJiEEEvN9__gnu_cxx17__normal_iteratorIPiS1_EEDpOT_
                0x0000000000003a00       0xdc /home/arduino/ArduinoApps/hardware_bridge_app/.cache/sketch/sketch/sketch.ino.cpp.o
                0x0000000000003a00                void std::vector<int, std::allocator<int> >::_M_realloc_insert<int>(__gnu_cxx::__normal_iterator<int*, std::vector<int, std::allocator<int> > >, int&&)
 .text._ZN7arduino7msgpack8Unpacker25unpackArrayContainerArrayISt6vectoriEEvRT_IJT0_EE
                0x0000000000003adc       0x94 /home/arduino/ArduinoApps/hardware_bridge_app/.cache/sketch/sketch/sketch.ino.cpp.o
                0x0000000000003adc                void arduino::msgpack::Unpacker::unpackArrayContainerArray<std::vector, int>(std::vector<int>&)
 .text._ZN18RpcFunctionWrapperISt8functionIFvSt6vectorIiSaIiEEEEEclERN7arduino7msgpack8UnpackerERNS8_6PackerE
                0x0000000000003b70      0x1b0 /home/arduino/ArduinoApps/hardware_bridge_app/.cache/sketch/sketch/sketch.ino.cpp.o
                0x0000000000003b70                RpcFunctionWrapper<std::function<void (std::vector<int, std::allocator<int> >)> >::operator()(arduino::msgpack::Unpacker&, arduino::msgpack::Packer&)
 .text._GLOBAL__sub_I__Z14set_servo_pwmsSt6vectorIiSaIiEE
                0x0000000000003d20       0x2c /home/arduino/ArduinoApps/hardware_bridge_app/.cache/sketch/sketch/sketch.ino.cpp.o
 .text._GLOBAL__sub_D__Z14set_servo_pwmsSt6vectorIiSaIiEE
                0x0000000000003d4c       0x20 /home/arduino/ArduinoApps/hardware_bridge_app/.cache/sketch/sketch/sketch.ino.cpp.o
 .text._ZL14i2c_read_byteshhPhj
                0x0000000000003d6c       0x6c /home/arduino/ArduinoApps/hardware_bridge_app/.cache/sketch/sketch/sketch.ino.cpp.o
 .text._ZL19pca9685_verify_initv
                0x0000000000003dd8       0x2c /home/arduino/ArduinoApps/hardware_bridge_app/.cache/sketch/sketch/sketch.ino.cpp.o
 .text._ZL14i2c_write_bytehhh
                0x0000000000003e04       0x38 /home/arduino/ArduinoApps/hardware_bridge_app/.cache/sketch/sketch/sketch.ino.cpp.o
 .text._ZL12pca9685_initv
                0x0000000000003e3c       0x44 /home/arduino/ArduinoApps/hardware_bridge_app/.cache/sketch/sketch/sketch.ino.cpp.o
 .text._Z14set_servo_pwmsSt6vectorIiSaIiEE
                0x0000000000003e80       0xb0 /home/arduino/ArduinoApps/hardware_bridge_app/.cache/sketch/sketch/sketch.ino.cpp.o
                0x0000000000003e80                set_servo_pwms(std::vector<int, std::allocator<int> >)
 .text._Z11on_scan_i2cv
                0x0000000000003f30       0xa4 /home/arduino/ArduinoApps/hardware_bridge_app/.cache/sketch/sketch/sketch.ino.cpp.o
                0x0000000000003f30                on_scan_i2c()
 .text._ZL16i2c_scan_devicesv
                0x0000000000003fd4       0x38 /home/arduino/ArduinoApps/hardware_bridge_app/.cache/sketch/sketch/sketch.ino.cpp.o
 .text.loop     0x000000000000400c      0x260 /home/arduino/ArduinoApps/hardware_bridge_app/.cache/sketch/sketch/sketch.ino.cpp.o
                0x000000000000400c                loop
 .text.setup    0x000000000000426c      0x3cc /home/arduino/ArduinoApps/hardware_bridge_app/.cache/sketch/sketch/sketch.ino.cpp.o
                0x000000000000426c                setup
 .text._ZN7arduino5Print17availableForWriteEv
                0x0000000000004638        0x4 /home/arduino/ArduinoApps/hardware_bridge_app/.cache/sketch/libraries/Wire/Wire.cpp.o
                0x0000000000004638                arduino::Print::availableForWrite()
 .text._ZN7arduino9ZephyrI2C15endTransmissionEv
                0x000000000000463c        0x8 /home/arduino/ArduinoApps/hardware_bridge_app/.cache/sketch/libraries/Wire/Wire.cpp.o
                0x000000000000463c                arduino::ZephyrI2C::endTransmission()
 .text._ZN7arduino9ZephyrI2C11requestFromEhj
                0x0000000000004644       0x10 /home/arduino/ArduinoApps/hardware_bridge_app/.cache/sketch/libraries/Wire/Wire.cpp.o
                0x0000000000004644                arduino::ZephyrI2C::requestFrom(unsigned char, unsigned int)
 .text._ZN7arduino9ZephyrI2C9availableEv
                0x0000000000004654        0xe /home/arduino/ArduinoApps/hardware_bridge_app/.cache/sketch/libraries/Wire/Wire.cpp.o
                0x0000000000004654                arduino::ZephyrI2C::available()
 .text._ZN7arduino9ZephyrI2C5flushEv
                0x0000000000004662        0x2 /home/arduino/ArduinoApps/hardware_bridge_app/.cache/sketch/libraries/Wire/Wire.cpp.o
                0x0000000000004662                arduino::ZephyrI2C::flush()
 .text._ZN7arduino9ZephyrI2C9onReceiveEPFviE
                0x0000000000004664        0x6 /home/arduino/ArduinoApps/hardware_bridge_app/.cache/sketch/libraries/Wire/Wire.cpp.o
                0x0000000000004664                arduino::ZephyrI2C::onReceive(void (*)(int))
 .text._ZN7arduino9ZephyrI2C9onRequestEPFvvE
                0x000000000000466a        0x6 /home/arduino/ArduinoApps/hardware_bridge_app/.cache/sketch/libraries/Wire/Wire.cpp.o
                0x000000000000466a                arduino::ZephyrI2C::onRequest(void (*)())
 .text._ZN7arduino9ZephyrI2C5beginEv
                0x0000000000004670        0xc /home/arduino/ArduinoApps/hardware_bridge_app/.cache/sketch/libraries/Wire/Wire.cpp.o
                0x0000000000004670                arduino::ZephyrI2C::begin()
 .text._ZN7arduino9ZephyrI2C5writeEh
                0x000000000000467c       0x1c /home/arduino/ArduinoApps/hardware_bridge_app/.cache/sketch/libraries/Wire/Wire.cpp.o
                0x000000000000467c                arduino::ZephyrI2C::write(unsigned char)
 .text._ZN7arduino9ZephyrI2C5writeEPKhj
                0x0000000000004698        0xc /home/arduino/ArduinoApps/hardware_bridge_app/.cache/sketch/libraries/Wire/Wire.cpp.o
                0x0000000000004698                arduino::ZephyrI2C::write(unsigned char const*, unsigned int)
 .text._ZN7arduino9ZephyrI2C4readEv
                0x00000000000046a4       0x28 /home/arduino/ArduinoApps/hardware_bridge_app/.cache/sketch/libraries/Wire/Wire.cpp.o
                0x00000000000046a4                arduino::ZephyrI2C::read()
 .text._ZL28i2c_target_read_processed_cbP17i2c_target_configPh
                0x00000000000046cc       0x18 /home/arduino/ArduinoApps/hardware_bridge_app/.cache/sketch/libraries/Wire/Wire.cpp.o
 .text._ZN7arduino9ZephyrI2C4peekEv
                0x00000000000046e4       0x28 /home/arduino/ArduinoApps/hardware_bridge_app/.cache/sketch/libraries/Wire/Wire.cpp.o
                0x00000000000046e4                arduino::ZephyrI2C::peek()
 .text._ZN7arduino9ZephyrI2C5beginEh
                0x000000000000470c       0x2c /home/arduino/ArduinoApps/hardware_bridge_app/.cache/sketch/libraries/Wire/Wire.cpp.o
                0x000000000000470c                arduino::ZephyrI2C::begin(unsigned char)
 .text._ZN7arduino9ZephyrI2C8setClockEj
                0x0000000000004738       0x3c /home/arduino/ArduinoApps/hardware_bridge_app/.cache/sketch/libraries/Wire/Wire.cpp.o
                0x0000000000004738                arduino::ZephyrI2C::setClock(unsigned int)
 .text._ZN7arduino9ZephyrI2C11requestFromEhjb
                0x0000000000004774       0x88 /home/arduino/ArduinoApps/hardware_bridge_app/.cache/sketch/libraries/Wire/Wire.cpp.o
                0x0000000000004774                arduino::ZephyrI2C::requestFrom(unsigned char, unsigned int, bool)
 .text._ZN7arduino9ZephyrI2C3endEv
                0x00000000000047fc       0x34 /home/arduino/ArduinoApps/hardware_bridge_app/.cache/sketch/libraries/Wire/Wire.cpp.o
                0x00000000000047fc                arduino::ZephyrI2C::end()
 .text._ZN7arduino9ZephyrI2C15endTransmissionEb
                0x0000000000004830       0x74 /home/arduino/ArduinoApps/hardware_bridge_app/.cache/sketch/libraries/Wire/Wire.cpp.o
                0x0000000000004830                arduino::ZephyrI2C::endTransmission(bool)
 .text._ZL29i2c_target_write_requested_cbP17i2c_target_config
                0x00000000000048a4        0xe /home/arduino/ArduinoApps/hardware_bridge_app/.cache/sketch/libraries/Wire/Wire.cpp.o
 .text._ZN7arduino9ZephyrI2C17beginTransmissionEh
                0x00000000000048b2       0x14 /home/arduino/ArduinoApps/hardware_bridge_app/.cache/sketch/libraries/Wire/Wire.cpp.o
                0x00000000000048b2                arduino::ZephyrI2C::beginTransmission(unsigned char)
 *fill*         0x00000000000048c6        0x2 
 .text._ZN7arduino9ZephyrI2CC2EPK6device
                0x00000000000048c8       0x4c /home/arduino/ArduinoApps/hardware_bridge_app/.cache/sketch/libraries/Wire/Wire.cpp.o
                0x00000000000048c8                arduino::ZephyrI2C::ZephyrI2C(device const*)
                0x00000000000048c8                arduino::ZephyrI2C::ZephyrI2C(device const*)
 .text._ZN7arduino9ZephyrI2C21writeReceivedCallbackEP17i2c_target_configh
                0x0000000000004914       0x44 /home/arduino/ArduinoApps/hardware_bridge_app/.cache/sketch/libraries/Wire/Wire.cpp.o
                0x0000000000004914                arduino::ZephyrI2C::writeReceivedCallback(i2c_target_config*, unsigned char)
 .text._ZL28i2c_target_write_received_cbP17i2c_target_configh
                0x0000000000004958       0x10 /home/arduino/ArduinoApps/hardware_bridge_app/.cache/sketch/libraries/Wire/Wire.cpp.o
 .text._ZN7arduino9ZephyrI2C21readRequestedCallbackEP17i2c_target_configPh
                0x0000000000004968       0x30 /home/arduino/ArduinoApps/hardware_bridge_app/.cache/sketch/libraries/Wire/Wire.cpp.o
                0x0000000000004968                arduino::ZephyrI2C::readRequestedCallback(i2c_target_config*, unsigned char*)
 .text._ZL28i2c_target_read_requested_cbP17i2c_target_configPh
                0x0000000000004998       0x10 /home/arduino/ArduinoApps/hardware_bridge_app/.cache/sketch/libraries/Wire/Wire.cpp.o
 .text._ZN7arduino9ZephyrI2C12stopCallbackEP17i2c_target_config
                0x00000000000049a8       0x1c /home/arduino/ArduinoApps/hardware_bridge_app/.cache/sketch/libraries/Wire/Wire.cpp.o
                0x00000000000049a8                arduino::ZephyrI2C::stopCallback(i2c_target_config*)
 .text._ZL18i2c_target_stop_cbP17i2c_target_config
                0x00000000000049c4        0xc /home/arduino/ArduinoApps/hardware_bridge_app/.cache/sketch/libraries/Wire/Wire.cpp.o
 .text._GLOBAL__sub_I__ZN7arduino9ZephyrI2CC2EPK6device
                0x00000000000049d0       0x60 /home/arduino/ArduinoApps/hardware_bridge_app/.cache/sketch/libraries/Wire/Wire.cpp.o
 .text._GLOBAL__sub_D__ZN7arduino9ZephyrI2CC2EPK6device
                0x0000000000004a30       0x20 /home/arduino/ArduinoApps/hardware_bridge_app/.cache/sketch/libraries/Wire/Wire.cpp.o
 .text._ZN7arduino5Print5flushEv
                0x0000000000004a50        0x2 /home/arduino/ArduinoApps/hardware_bridge_app/.cache/sketch/libraries/Arduino_RouterBridge/singletons.cpp.o
                0x0000000000004a50                arduino::Print::flush()
 .text._ZN13BridgeMonitorILj512EE5writeEh
                0x0000000000004a52       0x18 /home/arduino/ArduinoApps/hardware_bridge_app/.cache/sketch/libraries/Arduino_RouterBridge/singletons.cpp.o
                0x0000000000004a52                BridgeMonitor<512u>::write(unsigned char)
 *fill*         0x0000000000004a6a        0x2 
 .text.k_yield  0x0000000000004a6c        0x8 /home/arduino/ArduinoApps/hardware_bridge_app/.cache/sketch/libraries/Arduino_RouterBridge/singletons.cpp.o
 .text.k_mutex_lock
                0x0000000000004a74        0x8 /home/arduino/ArduinoApps/hardware_bridge_app/.cache/sketch/libraries/Arduino_RouterBridge/singletons.cpp.o
 .text._ZSt14__relocate_a_1IhhENSt9enable_ifIXsrSt24__is_bitwise_relocatableIT_vE5valueEPS2_E4typeES4_S4_S4_RSaIT0_E.isra.0
                0x0000000000004a7c       0x20 /home/arduino/ArduinoApps/hardware_bridge_app/.cache/sketch/libraries/Arduino_RouterBridge/singletons.cpp.o
 .text._ZNSt12_Vector_baseIhSaIhEE11_M_allocateEj.isra.0
                0x0000000000004a9c       0x20 /home/arduino/ArduinoApps/hardware_bridge_app/.cache/sketch/libraries/Arduino_RouterBridge/singletons.cpp.o
 .text.k_mutex_unlock.isra.0
                0x0000000000004abc        0x8 /home/arduino/ArduinoApps/hardware_bridge_app/.cache/sketch/libraries/Arduino_RouterBridge/singletons.cpp.o
 .text._ZN7RpcCallIJEE7isErrorEv.isra.0
                0x0000000000004ac4       0x28 /home/arduino/ArduinoApps/hardware_bridge_app/.cache/sketch/libraries/Arduino_RouterBridge/singletons.cpp.o
 .text._ZN7RpcCallIJRN7arduino6StringEEE7isErrorEv.isra.0
                0x0000000000004aec       0x28 /home/arduino/ArduinoApps/hardware_bridge_app/.cache/sketch/libraries/Arduino_RouterBridge/singletons.cpp.o
 .text._ZN13BridgeMonitorILj512EE4readEv
                0x0000000000004b14       0x68 /home/arduino/ArduinoApps/hardware_bridge_app/.cache/sketch/libraries/Arduino_RouterBridge/singletons.cpp.o
                0x0000000000004b14                BridgeMonitor<512u>::read()
 .text._ZN13BridgeMonitorILj512EE4peekEv
                0x0000000000004b7c       0x44 /home/arduino/ArduinoApps/hardware_bridge_app/.cache/sketch/libraries/Arduino_RouterBridge/singletons.cpp.o
                0x0000000000004b7c                BridgeMonitor<512u>::peek()
 .text.k_msleep.constprop.0.isra.0
                0x0000000000004bc0        0xc /home/arduino/ArduinoApps/hardware_bridge_app/.cache/sketch/libraries/Arduino_RouterBridge/singletons.cpp.o
 .text._ZNSt6vectorIhSaIhEE14_M_move_assignEOS1_St17integral_constantIbLb1EE.isra.0
                0x0000000000004bcc       0x34 /home/arduino/ArduinoApps/hardware_bridge_app/.cache/sketch/libraries/Arduino_RouterBridge/singletons.cpp.o
 .text._ZNSt6vectorIhSaIhEE12emplace_backIJRKhEEERhDpOT_.isra.0
                0x0000000000004c00       0x90 /home/arduino/ArduinoApps/hardware_bridge_app/.cache/sketch/libraries/Arduino_RouterBridge/singletons.cpp.o
 .text._ZNSt6vectorIhSaIhEE12emplace_backIJhEEERhDpOT_.isra.0
                0x0000000000004c90       0x90 /home/arduino/ArduinoApps/hardware_bridge_app/.cache/sketch/libraries/Arduino_RouterBridge/singletons.cpp.o
 .text._ZN7arduino7msgpack8Unpacker11deserializeISt6vectorIhSaIhEEJEEEbRT_DpOT0_
                0x0000000000004d20      0x13c /home/arduino/ArduinoApps/hardware_bridge_app/.cache/sketch/libraries/Arduino_RouterBridge/singletons.cpp.o
                0x0000000000004d20                bool arduino::msgpack::Unpacker::deserialize<std::vector<unsigned char, std::allocator<unsigned char> >>(std::vector<unsigned char, std::allocator<unsigned char> >&)
 .text._ZN7arduino7msgpack6Packer11packRawByteERKNS0_4TypeE.isra.0
                0x0000000000004e5c       0x18 /home/arduino/ArduinoApps/hardware_bridge_app/.cache/sketch/libraries/Arduino_RouterBridge/singletons.cpp.o
 .text._ZNSt6vectorIhSaIhEE12emplace_backIJRhEEES3_DpOT_.isra.0
                0x0000000000004e74       0x90 /home/arduino/ArduinoApps/hardware_bridge_app/.cache/sketch/libraries/Arduino_RouterBridge/singletons.cpp.o
 .text._ZN7arduino7msgpack6Packer11packIntegerIjEENSt9enable_ifIXaaaaaasrSt13is_arithmeticIT_E5valuesrSt11is_integralIS5_E5valuentsrSt7is_sameIS5_bE5valuentsrS9_INSt9remove_cvIS5_E4typeEPcE5valueEvE4typeERKS5_.isra.0
                0x0000000000004f04       0x50 /home/arduino/ArduinoApps/hardware_bridge_app/.cache/sketch/libraries/Arduino_RouterBridge/singletons.cpp.o
 .text._ZN7arduino7msgpack6Packer11packIntegerIiEENSt9enable_ifIXaaaaaasrSt13is_arithmeticIT_E5valuesrSt11is_integralIS5_E5valuentsrSt7is_sameIS5_bE5valuentsrS9_INSt9remove_cvIS5_E4typeEPcE5valueEvE4typeERKS5_.isra.0
                0x0000000000004f54       0xb8 /home/arduino/ArduinoApps/hardware_bridge_app/.cache/sketch/libraries/Arduino_RouterBridge/singletons.cpp.o
 .text._ZN7arduino7msgpack6Packer9serializeIJRKiRjRKNS_6StringEEEEvRKNS0_4type9ArraySizeEDpOT_.isra.0
                0x000000000000500c       0x38 /home/arduino/ArduinoApps/hardware_bridge_app/.cache/sketch/libraries/Arduino_RouterBridge/singletons.cpp.o
 .text._ZN9RPCClient8send_rpcIJEEEbRKN7arduino6StringERjDpOT_.isra.0
                0x0000000000005044       0x74 /home/arduino/ArduinoApps/hardware_bridge_app/.cache/sketch/libraries/Arduino_RouterBridge/singletons.cpp.o
 .text._ZN9RPCClient8send_rpcIJRKN7arduino6StringEEEEbS4_RjDpOT_.isra.0
                0x00000000000050b8       0x84 /home/arduino/ArduinoApps/hardware_bridge_app/.cache/sketch/libraries/Arduino_RouterBridge/singletons.cpp.o
 .text._ZN9RPCClient8send_rpcIJRKjEEEbRKN7arduino6StringERjDpOT_.isra.0
                0x000000000000513c       0x84 /home/arduino/ArduinoApps/hardware_bridge_app/.cache/sketch/libraries/Arduino_RouterBridge/singletons.cpp.o
 .text._ZN7arduino7msgpack8Unpacker11deserializeIjJEEEbRT_DpOT0_
                0x00000000000051c0       0x40 /home/arduino/ArduinoApps/hardware_bridge_app/.cache/sketch/libraries/Arduino_RouterBridge/singletons.cpp.o
                0x00000000000051c0                bool arduino::msgpack::Unpacker::deserialize<unsigned int>(unsigned int&)
 .text._ZN13BridgeMonitorILj512EEcvbEv
                0x0000000000005200      0x28c /home/arduino/ArduinoApps/hardware_bridge_app/.cache/sketch/libraries/Arduino_RouterBridge/singletons.cpp.o
                0x0000000000005200                BridgeMonitor<512u>::operator bool()
 .text._ZN11BridgeClass6notifyIJRN7arduino6StringEEEEvS2_DpOT_
                0x000000000000548c       0xac /home/arduino/ArduinoApps/hardware_bridge_app/.cache/sketch/libraries/Arduino_RouterBridge/singletons.cpp.o
                0x000000000000548c                void BridgeClass::notify<arduino::String&>(arduino::String, arduino::String&)
 .text._ZN7RpcCallIJRN7arduino6StringEEE8setErrorEiS1_
                0x0000000000005538       0x40 /home/arduino/ArduinoApps/hardware_bridge_app/.cache/sketch/libraries/Arduino_RouterBridge/singletons.cpp.o
                0x0000000000005538                RpcCall<arduino::String&>::setError(int, arduino::String)
 .text._ZN7RpcCallIJRN7arduino6StringEEED2Ev
                0x0000000000005578      0x118 /home/arduino/ArduinoApps/hardware_bridge_app/.cache/sketch/libraries/Arduino_RouterBridge/singletons.cpp.o
                0x0000000000005578                RpcCall<arduino::String&>::~RpcCall()
                0x0000000000005578                RpcCall<arduino::String&>::~RpcCall()
 .text._ZN10RpcDecoderILj1024EE12get_responseIjEEbjRT_R8RpcError
                0x0000000000005690      0x17c /home/arduino/ArduinoApps/hardware_bridge_app/.cache/sketch/libraries/Arduino_RouterBridge/singletons.cpp.o
                0x0000000000005690                bool RpcDecoder<1024u>::get_response<unsigned int>(unsigned int, unsigned int&, RpcError&)
 .text._ZN13BridgeMonitorILj512EE5writeEPKhj
                0x000000000000580c      0x1fc /home/arduino/ArduinoApps/hardware_bridge_app/.cache/sketch/libraries/Arduino_RouterBridge/singletons.cpp.o
                0x000000000000580c                BridgeMonitor<512u>::write(unsigned char const*, unsigned int)
 .text._ZN7RpcCallIJRjEE8setErrorEiN7arduino6StringE
                0x0000000000005a08       0x40 /home/arduino/ArduinoApps/hardware_bridge_app/.cache/sketch/libraries/Arduino_RouterBridge/singletons.cpp.o
                0x0000000000005a08                RpcCall<unsigned int&>::setError(int, arduino::String)
 .text._ZN7RpcCallIJRjEE7isErrorEv
                0x0000000000005a48       0x34 /home/arduino/ArduinoApps/hardware_bridge_app/.cache/sketch/libraries/Arduino_RouterBridge/singletons.cpp.o
                0x0000000000005a48                RpcCall<unsigned int&>::isError()
 .text._ZN7RpcCallIJRjEED2Ev
                0x0000000000005a7c      0x118 /home/arduino/ArduinoApps/hardware_bridge_app/.cache/sketch/libraries/Arduino_RouterBridge/singletons.cpp.o
                0x0000000000005a7c                RpcCall<unsigned int&>::~RpcCall()
                0x0000000000005a7c                RpcCall<unsigned int&>::~RpcCall()
 .text._ZN10RpcDecoderILj1024EE12get_responseISt6vectorIhSaIhEEEEbjRT_R8RpcError
                0x0000000000005b94      0x17c /home/arduino/ArduinoApps/hardware_bridge_app/.cache/sketch/libraries/Arduino_RouterBridge/singletons.cpp.o
                0x0000000000005b94                bool RpcDecoder<1024u>::get_response<std::vector<unsigned char, std::allocator<unsigned char> > >(unsigned int, std::vector<unsigned char, std::allocator<unsigned char> >&, RpcError&)
 .text._ZN7RpcCallIJRjEE6resultISt6vectorIhSaIhEEEEbRT_
                0x0000000000005d10      0x134 /home/arduino/ArduinoApps/hardware_bridge_app/.cache/sketch/libraries/Arduino_RouterBridge/singletons.cpp.o
                0x0000000000005d10                bool RpcCall<unsigned int&>::result<std::vector<unsigned char, std::allocator<unsigned char> > >(std::vector<unsigned char, std::allocator<unsigned char> >&)
 .text._ZN13BridgeMonitorILj512EE5_readEj
                0x0000000000005e44      0x120 /home/arduino/ArduinoApps/hardware_bridge_app/.cache/sketch/libraries/Arduino_RouterBridge/singletons.cpp.o
                0x0000000000005e44                BridgeMonitor<512u>::_read(unsigned int)
 .text._ZN13BridgeMonitorILj512EE9availableEv
                0x0000000000005f64       0x44 /home/arduino/ArduinoApps/hardware_bridge_app/.cache/sketch/libraries/Arduino_RouterBridge/singletons.cpp.o
                0x0000000000005f64                BridgeMonitor<512u>::available()
 .text._GLOBAL__sub_I_Bridge
                0x0000000000005fa8       0xc0 /home/arduino/ArduinoApps/hardware_bridge_app/.cache/sketch/libraries/Arduino_RouterBridge/singletons.cpp.o
 .text._GLOBAL__sub_D_Bridge
                0x0000000000006068       0x20 /home/arduino/ArduinoApps/hardware_bridge_app/.cache/sketch/libraries/Arduino_RouterBridge/singletons.cpp.o
 .text._ZN7arduino6StringC2EOS0_
                0x0000000000006088       0x16 /home/arduino/ArduinoApps/hardware_bridge_app/.cache/sketch/core/core.a(String.cpp.o)
                0x0000000000006088                arduino::String::String(arduino::String&&)
                0x0000000000006088                arduino::String::String(arduino::String&&)
 *fill*         0x000000000000609e        0x2 
 .text._ZN7arduino6StringD2Ev
                0x00000000000060a0       0x14 /home/arduino/ArduinoApps/hardware_bridge_app/.cache/sketch/core/core.a(String.cpp.o)
                0x00000000000060a0                arduino::String::~String()
                0x00000000000060a0                arduino::String::~String()
 .text._ZN7arduino6String10invalidateEv
                0x00000000000060b4       0x1c /home/arduino/ArduinoApps/hardware_bridge_app/.cache/sketch/core/core.a(String.cpp.o)
                0x00000000000060b4                arduino::String::invalidate()
 .text._ZN7arduino6String12changeBufferEj
                0x00000000000060d0       0x1c /home/arduino/ArduinoApps/hardware_bridge_app/.cache/sketch/core/core.a(String.cpp.o)
                0x00000000000060d0                arduino::String::changeBuffer(unsigned int)
 .text._ZN7arduino6String7reserveEj
                0x00000000000060ec       0x28 /home/arduino/ArduinoApps/hardware_bridge_app/.cache/sketch/core/core.a(String.cpp.o)
                0x00000000000060ec                arduino::String::reserve(unsigned int)
 .text._ZN7arduino6String4copyEPKcj
                0x0000000000006114       0x3c /home/arduino/ArduinoApps/hardware_bridge_app/.cache/sketch/core/core.a(String.cpp.o)
                0x0000000000006114                arduino::String::copy(char const*, unsigned int)
 .text._ZN7arduino6StringC2EPKc
                0x0000000000006150       0x2c /home/arduino/ArduinoApps/hardware_bridge_app/.cache/sketch/core/core.a(String.cpp.o)
                0x0000000000006150                arduino::String::String(char const*)
                0x0000000000006150                arduino::String::String(char const*)
 .text._ZN7arduino6String4moveERS0_
                0x000000000000617c       0x2c /home/arduino/ArduinoApps/hardware_bridge_app/.cache/sketch/core/core.a(String.cpp.o)
                0x000000000000617c                arduino::String::move(arduino::String&)
 .text._ZN7arduino6StringaSERKS0_
                0x00000000000061a8       0x28 /home/arduino/ArduinoApps/hardware_bridge_app/.cache/sketch/core/core.a(String.cpp.o)
                0x00000000000061a8                arduino::String::operator=(arduino::String const&)
 .text._ZN7arduino6StringC2ERKS0_
                0x00000000000061d0       0x18 /home/arduino/ArduinoApps/hardware_bridge_app/.cache/sketch/core/core.a(String.cpp.o)
                0x00000000000061d0                arduino::String::String(arduino::String const&)
                0x00000000000061d0                arduino::String::String(arduino::String const&)
 .text._ZN7arduino6StringaSEOS0_
                0x00000000000061e8       0x10 /home/arduino/ArduinoApps/hardware_bridge_app/.cache/sketch/core/core.a(String.cpp.o)
                0x00000000000061e8                arduino::String::operator=(arduino::String&&)
 .text._ZN7arduino6StringaSEPKc
                0x00000000000061f8       0x30 /home/arduino/ArduinoApps/hardware_bridge_app/.cache/sketch/core/core.a(String.cpp.o)
                0x00000000000061f8                arduino::String::operator=(char const*)
 .text._ZN7arduino6StringC2Eih
                0x0000000000006228       0x2c /home/arduino/ArduinoApps/hardware_bridge_app/.cache/sketch/core/core.a(String.cpp.o)
                0x0000000000006228                arduino::String::String(int, unsigned char)
                0x0000000000006228                arduino::String::String(int, unsigned char)
 .text._ZN7arduino6String6concatEPKcj
                0x0000000000006254       0x40 /home/arduino/ArduinoApps/hardware_bridge_app/.cache/sketch/core/core.a(String.cpp.o)
                0x0000000000006254                arduino::String::concat(char const*, unsigned int)
 .text._ZN7arduino6String6concatERKS0_
                0x0000000000006294        0xc /home/arduino/ArduinoApps/hardware_bridge_app/.cache/sketch/core/core.a(String.cpp.o)
                0x0000000000006294                arduino::String::concat(arduino::String const&)
 .text._ZN7arduino6String6concatEc
                0x00000000000062a0       0x1c /home/arduino/ArduinoApps/hardware_bridge_app/.cache/sketch/core/core.a(String.cpp.o)
                0x00000000000062a0                arduino::String::concat(char)
 .text._ZNK7arduino6String9compareToERKS0_
                0x00000000000062bc       0x30 /home/arduino/ArduinoApps/hardware_bridge_app/.cache/sketch/core/core.a(String.cpp.o)
                0x00000000000062bc                arduino::String::compareTo(arduino::String const&) const
 .text._ZNK7arduino6String6equalsERKS0_
                0x00000000000062ec       0x20 /home/arduino/ArduinoApps/hardware_bridge_app/.cache/sketch/core/core.a(String.cpp.o)
                0x00000000000062ec                arduino::String::equals(arduino::String const&) const
 .text._ZNK7arduino6String6equalsEPKc
                0x000000000000630c       0x28 /home/arduino/ArduinoApps/hardware_bridge_app/.cache/sketch/core/core.a(String.cpp.o)
                0x000000000000630c                arduino::String::equals(char const*) const
 .text.ltoa     0x0000000000006334       0x80 /home/arduino/ArduinoApps/hardware_bridge_app/.cache/sketch/core/core.a(itoa.cpp.o)
                0x0000000000006334                ltoa
 .text.itoa     0x00000000000063b4        0x8 /home/arduino/ArduinoApps/hardware_bridge_app/.cache/sketch/core/core.a(itoa.cpp.o)
                0x00000000000063b4                itoa
 .text.memcpy   0x00000000000063bc        0x8 /home/arduino/ArduinoApps/hardware_bridge_app/.cache/sketch/core/core.a(llext_wrappers.c.o)
                0x00000000000063bc                memcpy
 .text.memmove  0x00000000000063c4        0x8 /home/arduino/ArduinoApps/hardware_bridge_app/.cache/sketch/core/core.a(llext_wrappers.c.o)
                0x00000000000063c4                memmove
 .text.strlen   0x00000000000063cc        0x8 /home/arduino/ArduinoApps/hardware_bridge_app/.cache/sketch/core/core.a(llext_wrappers.c.o)
                0x00000000000063cc                strlen
 .text.strcmp   0x00000000000063d4        0x8 /home/arduino/ArduinoApps/hardware_bridge_app/.cache/sketch/core/core.a(llext_wrappers.c.o)
                0x00000000000063d4                strcmp
 .text.memset   0x00000000000063dc        0x8 /home/arduino/ArduinoApps/hardware_bridge_app/.cache/sketch/core/core.a(llext_wrappers.c.o)
                0x00000000000063dc                memset
 .text.malloc   0x00000000000063e4        0x8 /home/arduino/ArduinoApps/hardware_bridge_app/.cache/sketch/core/core.a(llext_wrappers.c.o)
                0x00000000000063e4                malloc
 .text.realloc  0x00000000000063ec        0x8 /home/arduino/ArduinoApps/hardware_bridge_app/.cache/sketch/core/core.a(llext_wrappers.c.o)
                0x00000000000063ec                realloc
 .text.free     0x00000000000063f4        0x8 /home/arduino/ArduinoApps/hardware_bridge_app/.cache/sketch/core/core.a(llext_wrappers.c.o)
                0x00000000000063f4                free
 .text.__aeabi_i2d
                0x00000000000063fc        0xa /home/arduino/ArduinoApps/hardware_bridge_app/.cache/sketch/core/core.a(llext_wrappers.c.o)
                0x00000000000063fc                __aeabi_i2d
 .text.__aeabi_ui2d
                0x0000000000006406        0xa /home/arduino/ArduinoApps/hardware_bridge_app/.cache/sketch/core/core.a(llext_wrappers.c.o)
                0x0000000000006406                __aeabi_ui2d
 .text.__aeabi_l2d
                0x0000000000006410        0xa /home/arduino/ArduinoApps/hardware_bridge_app/.cache/sketch/core/core.a(llext_wrappers.c.o)
                0x0000000000006410                __aeabi_l2d
 .text.__aeabi_ul2d
                0x000000000000641a        0xa /home/arduino/ArduinoApps/hardware_bridge_app/.cache/sketch/core/core.a(llext_wrappers.c.o)
                0x000000000000641a                __aeabi_ul2d
 .text.__aeabi_d2f
                0x0000000000006424        0xa /home/arduino/ArduinoApps/hardware_bridge_app/.cache/sketch/core/core.a(llext_wrappers.c.o)
                0x0000000000006424                __aeabi_d2f
 .text.__aeabi_f2d
                0x000000000000642e        0xa /home/arduino/ArduinoApps/hardware_bridge_app/.cache/sketch/core/core.a(llext_wrappers.c.o)
                0x000000000000642e                __aeabi_f2d
 .text.__aeabi_l2f
                0x0000000000006438        0xa /home/arduino/ArduinoApps/hardware_bridge_app/.cache/sketch/core/core.a(llext_wrappers.c.o)
                0x0000000000006438                __aeabi_l2f
 .text.__aeabi_ul2f
                0x0000000000006442        0xa /home/arduino/ArduinoApps/hardware_bridge_app/.cache/sketch/core/core.a(llext_wrappers.c.o)
                0x0000000000006442                __aeabi_ul2f
 .text.__aeabi_uldivmod
                0x000000000000644c        0xa /home/arduino/ArduinoApps/hardware_bridge_app/.cache/sketch/core/core.a(llext_wrappers.c.o)
                0x000000000000644c                __aeabi_uldivmod
 *fill*         0x0000000000006456        0x2 
 .text.atexit   0x0000000000006458        0x8 /home/arduino/ArduinoApps/hardware_bridge_app/.cache/sketch/core/core.a(llext_wrappers.c.o)
                0x0000000000006458                atexit
 .text.abort    0x0000000000006460        0xc /home/arduino/ArduinoApps/hardware_bridge_app/.cache/sketch/core/core.a(llext_wrappers.c.o)
                0x0000000000006460                abort
 .text.initVariant
                0x000000000000646c        0x2 /home/arduino/ArduinoApps/hardware_bridge_app/.cache/sketch/core/core.a(main.cpp.o)
                0x000000000000646c                initVariant
 *fill*         0x000000000000646e        0x2 
 .text.main     0x0000000000006470       0x2c /home/arduino/ArduinoApps/hardware_bridge_app/.cache/sketch/core/core.a(main.cpp.o)
                0x0000000000006470                main
 .text._ZL10new_helperj
                0x000000000000649c       0x10 /home/arduino/ArduinoApps/hardware_bridge_app/.cache/sketch/core/core.a(new.cpp.o)
 .text._Znwj    0x00000000000064ac        0x8 /home/arduino/ArduinoApps/hardware_bridge_app/.cache/sketch/core/core.a(new.cpp.o)
                0x00000000000064ac                operator new(unsigned int)
 .text._ZnwjPv  0x00000000000064b4        0x4 /home/arduino/ArduinoApps/hardware_bridge_app/.cache/sketch/core/core.a(new.cpp.o)
                0x00000000000064b4                operator new(unsigned int, void*)
 .text._ZdlPvj  0x00000000000064b8        0x8 /home/arduino/ArduinoApps/hardware_bridge_app/.cache/sketch/core/core.a(new.cpp.o)
                0x00000000000064b8                operator delete(void*, unsigned int)
 .text._Z20start_static_threadsv
                0x00000000000064c0       0x6c /home/arduino/ArduinoApps/hardware_bridge_app/.cache/sketch/core/core.a(threads.cpp.o)
                0x00000000000064c0                start_static_threads()
 .text.gpio_pin_configure_dt.isra.0
                0x000000000000652c       0x2a /home/arduino/ArduinoApps/hardware_bridge_app/.cache/sketch/core/core.a(wiring_digital.cpp.o)
 *fill*         0x0000000000006556        0x2 
 .text.pinMode  0x0000000000006558       0x40 /home/arduino/ArduinoApps/hardware_bridge_app/.cache/sketch/core/core.a(wiring_digital.cpp.o)
                0x0000000000006558                pinMode
 .text.digitalWrite
                0x0000000000006598       0x3c /home/arduino/ArduinoApps/hardware_bridge_app/.cache/sketch/core/core.a(wiring_digital.cpp.o)
                0x0000000000006598                digitalWrite
 .text.yield    0x00000000000065d4        0x8 /home/arduino/ArduinoApps/hardware_bridge_app/.cache/sketch/core/core.a(zephyrCommon.cpp.o)
                0x00000000000065d4                yield
 .text.millis   0x00000000000065dc       0x18 /home/arduino/ArduinoApps/hardware_bridge_app/.cache/sketch/core/core.a(zephyrCommon.cpp.o)
                0x00000000000065dc                millis
 .text._ZN6zephyr7arduinoL29init_device_with_dependenciesEPK6device
                0x00000000000065f4       0xd4 /home/arduino/ArduinoApps/hardware_bridge_app/.cache/sketch/core/core.a(zephyrPinctrl.cpp.o)
 .text._ZN6zephyr7arduino22init_dev_apply_pinctrlEPK6device
                0x00000000000066c8       0x10 /home/arduino/ArduinoApps/hardware_bridge_app/.cache/sketch/core/core.a(zephyrPinctrl.cpp.o)
                0x00000000000066c8                zephyr::arduino::init_dev_apply_pinctrl(device const*)
 .text.z_impl_uart_irq_tx_enable
                0x00000000000066d8        0xa /home/arduino/ArduinoApps/hardware_bridge_app/.cache/sketch/core/core.a(zephyrSerial.cpp.o)
 .text._ZN7arduino12ZephyrSerial5beginEm
                0x00000000000066e2        0xa /home/arduino/ArduinoApps/hardware_bridge_app/.cache/sketch/core/core.a(zephyrSerial.cpp.o)
                0x00000000000066e2                arduino::ZephyrSerial::begin(unsigned long)
 .text._ZN7arduino12ZephyrSerial5writeEh
                0x00000000000066ec       0x18 /home/arduino/ArduinoApps/hardware_bridge_app/.cache/sketch/core/core.a(zephyrSerial.cpp.o)
                0x00000000000066ec                arduino::ZephyrSerial::write(unsigned char)
 .text._ZN7arduino12ZephyrSerialcvbEv
                0x0000000000006704        0x4 /home/arduino/ArduinoApps/hardware_bridge_app/.cache/sketch/core/core.a(zephyrSerial.cpp.o)
                0x0000000000006704                arduino::ZephyrSerial::operator bool()
 .text.k_sem_give
                0x0000000000006708        0x8 /home/arduino/ArduinoApps/hardware_bridge_app/.cache/sketch/core/core.a(zephyrSerial.cpp.o)
 .text.k_sem_take.isra.0
                0x0000000000006710        0x8 /home/arduino/ArduinoApps/hardware_bridge_app/.cache/sketch/core/core.a(zephyrSerial.cpp.o)
 .text._ZN7arduino12ZephyrSerial4readEv
                0x0000000000006718       0x48 /home/arduino/ArduinoApps/hardware_bridge_app/.cache/sketch/core/core.a(zephyrSerial.cpp.o)
                0x0000000000006718                arduino::ZephyrSerial::read()
 .text._ZN7arduino12ZephyrSerial4peekEv
                0x0000000000006760       0x48 /home/arduino/ArduinoApps/hardware_bridge_app/.cache/sketch/core/core.a(zephyrSerial.cpp.o)
                0x0000000000006760                arduino::ZephyrSerial::peek()
 .text._ZN7arduino12ZephyrSerial17availableForWriteEv
                0x00000000000067a8       0x34 /home/arduino/ArduinoApps/hardware_bridge_app/.cache/sketch/core/core.a(zephyrSerial.cpp.o)
                0x00000000000067a8                arduino::ZephyrSerial::availableForWrite()
 .text._ZN7arduino12ZephyrSerial9availableEv
                0x00000000000067dc       0x34 /home/arduino/ArduinoApps/hardware_bridge_app/.cache/sketch/core/core.a(zephyrSerial.cpp.o)
                0x00000000000067dc                arduino::ZephyrSerial::available()
 .text._ZN7arduino12ZephyrSerial5beginEmt
                0x0000000000006810       0xc4 /home/arduino/ArduinoApps/hardware_bridge_app/.cache/sketch/core/core.a(zephyrSerial.cpp.o)
                0x0000000000006810                arduino::ZephyrSerial::begin(unsigned long, unsigned short)
 .text._ZN7arduino12ZephyrSerial3endEv
                0x00000000000068d4        0xc /home/arduino/ArduinoApps/hardware_bridge_app/.cache/sketch/core/core.a(zephyrSerial.cpp.o)
                0x00000000000068d4                arduino::ZephyrSerial::end()
 .text._ZN7arduino12ZephyrSerial5flushEv
                0x00000000000068e0       0x2c /home/arduino/ArduinoApps/hardware_bridge_app/.cache/sketch/core/core.a(zephyrSerial.cpp.o)
                0x00000000000068e0                arduino::ZephyrSerial::flush()
 .text._ZN7arduino12ZephyrSerial5writeEPKhj
                0x000000000000690c       0x70 /home/arduino/ArduinoApps/hardware_bridge_app/.cache/sketch/core/core.a(zephyrSerial.cpp.o)
                0x000000000000690c                arduino::ZephyrSerial::write(unsigned char const*, unsigned int)
 .text._ZN7arduino12ZephyrSerial10IrqHandlerEv
                0x000000000000697c       0xec /home/arduino/ArduinoApps/hardware_bridge_app/.cache/sketch/core/core.a(zephyrSerial.cpp.o)
                0x000000000000697c                arduino::ZephyrSerial::IrqHandler()
 .text._ZN7arduino12ZephyrSerial11IrqDispatchEPK6devicePv
                0x0000000000006a68        0xc /home/arduino/ArduinoApps/hardware_bridge_app/.cache/sketch/core/core.a(zephyrSerial.cpp.o)
                0x0000000000006a68                arduino::ZephyrSerial::IrqDispatch(device const*, void*)
 .text._ZN7arduino12ZephyrSerial18ZephyrSerialBufferILi64EEC2Ev
                0x0000000000006a74       0x28 /home/arduino/ArduinoApps/hardware_bridge_app/.cache/sketch/core/core.a(zephyrSerial.cpp.o)
                0x0000000000006a74                arduino::ZephyrSerial::ZephyrSerialBuffer<64>::ZephyrSerialBuffer()
                0x0000000000006a74                arduino::ZephyrSerial::ZephyrSerialBuffer<64>::ZephyrSerialBuffer()
 .text._GLOBAL__sub_I__ZN7arduino12ZephyrSerial5beginEmt
                0x0000000000006a9c       0x7c /home/arduino/ArduinoApps/hardware_bridge_app/.cache/sketch/core/core.a(zephyrSerial.cpp.o)
 .text.unlikely._ZSt17__throw_bad_allocv
                0x0000000000006b18        0x6 /home/arduino/.arduino15/packages/zephyr/tools/arm-zephyr-eabi/0.16.8/bin/../lib/gcc/arm-zephyr-eabi/12.2.0/../../../../arm-zephyr-eabi/lib/thumb/v8-m.main+fp/hard/libstdc++_nano.a(functexcept.o)
                0x0000000000006b18                std::__throw_bad_alloc()
 .text.unlikely._ZSt28__throw_bad_array_new_lengthv
                0x0000000000006b1e        0x6 /home/arduino/.arduino15/packages/zephyr/tools/arm-zephyr-eabi/0.16.8/bin/../lib/gcc/arm-zephyr-eabi/12.2.0/../../../../arm-zephyr-eabi/lib/thumb/v8-m.main+fp/hard/libstdc++_nano.a(functexcept.o)
                0x0000000000006b1e                std::__throw_bad_array_new_length()
 .text.unlikely._ZSt20__throw_length_errorPKc
                0x0000000000006b24        0x6 /home/arduino/.arduino15/packages/zephyr/tools/arm-zephyr-eabi/0.16.8/bin/../lib/gcc/arm-zephyr-eabi/12.2.0/../../../../arm-zephyr-eabi/lib/thumb/v8-m.main+fp/hard/libstdc++_nano.a(functexcept.o)
                0x0000000000006b24                std::__throw_length_error(char const*)
 .text.unlikely._ZSt25__throw_bad_function_callv
                0x0000000000006b2a        0x6 /home/arduino/.arduino15/packages/zephyr/tools/arm-zephyr-eabi/0.16.8/bin/../lib/gcc/arm-zephyr-eabi/12.2.0/../../../../arm-zephyr-eabi/lib/thumb/v8-m.main+fp/hard/libstdc++_nano.a(functional.o)
                0x0000000000006b2a                std::__throw_bad_function_call()
 *(.text.*)
 *(.text._*)
 *(.init)
 *(.ctors)
 *(.dtors)
 *(.fini)

.static_thread_data_area
                0x0000000000006b30        0x0
                0x0000000000006b30                __static_thread_data_list_start = .
 *(.static_thread_data_area SORT_BY_NAME(.__static_thread_data.*))
                0x0000000000006b30                __static_thread_data_list_end = .

.data           0x0000000000006b30       0x1c
 *(.data .data.*)
 .data._ZL16target_callbacks
                0x0000000000006b30       0x1c /home/arduino/ArduinoApps/hardware_bridge_app/.cache/sketch/libraries/Wire/Wire.cpp.o

.bss            0x0000000000006b50      0xe44
 *(.bss .bss.* COMMON)
 .bss._ZGVN12RouterBridge3HCIE
                0x0000000000006b50        0x4 /home/arduino/ArduinoApps/hardware_bridge_app/.cache/sketch/sketch/sketch.ino.cpp.o
                0x0000000000006b50                guard variable for RouterBridge::HCI
 .bss._ZGVZN7arduino7msgpack8Unpacker10from_arrayIJRiRNS_6StringEEEEbDpOT_E2sz
                0x0000000000006b54        0x4 /home/arduino/ArduinoApps/hardware_bridge_app/.cache/sketch/sketch/sketch.ino.cpp.o
                0x0000000000006b54                guard variable for arduino::msgpack::Unpacker::from_array<int&, arduino::String&>(int&, arduino::String&)::sz
 .bss._ZZN7arduino7msgpack8Unpacker10from_arrayIJRiRNS_6StringEEEEbDpOT_E2sz
                0x0000000000006b58        0x4 /home/arduino/ArduinoApps/hardware_bridge_app/.cache/sketch/sketch/sketch.ino.cpp.o
                0x0000000000006b58                arduino::msgpack::Unpacker::from_array<int&, arduino::String&>(int&, arduino::String&)::sz
 .bss.g_ping_count
                0x0000000000006b5c        0x4 /home/arduino/ArduinoApps/hardware_bridge_app/.cache/sketch/sketch/sketch.ino.cpp.o
                0x0000000000006b5c                g_ping_count
 .bss._ZL12g_imu_sample
                0x0000000000006b60        0x4 /home/arduino/ArduinoApps/hardware_bridge_app/.cache/sketch/sketch/sketch.ino.cpp.o
 .bss._ZL18g_last_status_push
                0x0000000000006b64        0x4 /home/arduino/ArduinoApps/hardware_bridge_app/.cache/sketch/sketch/sketch.ino.cpp.o
 .bss._ZL15g_last_imu_push
                0x0000000000006b68        0x4 /home/arduino/ArduinoApps/hardware_bridge_app/.cache/sketch/sketch/sketch.ino.cpp.o
 .bss._ZL5g_pwm
                0x0000000000006b6c       0x20 /home/arduino/ArduinoApps/hardware_bridge_app/.cache/sketch/sketch/sketch.ino.cpp.o
 .bss._ZL13g_servo_calls
                0x0000000000006b8c        0x4 /home/arduino/ArduinoApps/hardware_bridge_app/.cache/sketch/sketch/sketch.ino.cpp.o
 .bss._ZN12RouterBridge3HCIE
                0x0000000000006b90       0x28 /home/arduino/ArduinoApps/hardware_bridge_app/.cache/sketch/sketch/sketch.ino.cpp.o
                0x0000000000006b90                RouterBridge::HCI
 .bss._ZGVZN17RpcDecoderManager11getInstanceEvE8instance
                0x0000000000006bb8        0x4 /home/arduino/ArduinoApps/hardware_bridge_app/.cache/sketch/sketch/sketch.ino.cpp.o
                0x0000000000006bb8                guard variable for RpcDecoderManager::getInstance()::instance
 .bss._ZZN17RpcDecoderManager11getInstanceEvE8instance
                0x0000000000006bbc       0x1c /home/arduino/ArduinoApps/hardware_bridge_app/.cache/sketch/sketch/sketch.ino.cpp.o
                0x0000000000006bbc                RpcDecoderManager::getInstance()::instance
 .bss._ZZN8RpcUtils6detail12unpackObjectERN7arduino7msgpack8UnpackerEE1t
                0x0000000000006bd8       0x10 /home/arduino/ArduinoApps/hardware_bridge_app/.cache/sketch/sketch/sketch.ino.cpp.o
                0x0000000000006bd8                RpcUtils::detail::unpackObject(arduino::msgpack::Unpacker&)::t
 .bss._ZGVZN8RpcUtils6detail12unpackObjectERN7arduino7msgpack8UnpackerEE1e
                0x0000000000006be8        0x4 /home/arduino/ArduinoApps/hardware_bridge_app/.cache/sketch/sketch/sketch.ino.cpp.o
                0x0000000000006be8                guard variable for RpcUtils::detail::unpackObject(arduino::msgpack::Unpacker&)::e
 .bss._ZZN8RpcUtils6detail12unpackObjectERN7arduino7msgpack8UnpackerEE1e
                0x0000000000006bec        0xc /home/arduino/ArduinoApps/hardware_bridge_app/.cache/sketch/sketch/sketch.ino.cpp.o
                0x0000000000006bec                RpcUtils::detail::unpackObject(arduino::msgpack::Unpacker&)::e
 .bss._ZZN8RpcUtils6detail12unpackObjectERN7arduino7msgpack8UnpackerEE6map_sz
                0x0000000000006bf8        0x4 /home/arduino/ArduinoApps/hardware_bridge_app/.cache/sketch/sketch/sketch.ino.cpp.o
                0x0000000000006bf8                RpcUtils::detail::unpackObject(arduino::msgpack::Unpacker&)::map_sz
 .bss._ZZN8RpcUtils6detail12unpackObjectERN7arduino7msgpack8UnpackerEE6arr_sz
                0x0000000000006bfc        0x4 /home/arduino/ArduinoApps/hardware_bridge_app/.cache/sketch/sketch/sketch.ino.cpp.o
                0x0000000000006bfc                RpcUtils::detail::unpackObject(arduino::msgpack::Unpacker&)::arr_sz
 .bss._ZGVZN8RpcUtils6detail12unpackObjectERN7arduino7msgpack8UnpackerEE5bytes