Archive member included to satisfy reference by file (symbol)

/home/arduino/spider_bot_bringup/big_bertha_bringup/firmware/hardware_bridge_app/.cache/sketch/core/core.a(String.cpp.o)
                              /home/arduino/spider_bot_bringup/big_bertha_bringup/firmware/hardware_bridge_app/.cache/sketch/sketch/sketch.ino.cpp.o (arduino::String::String(arduino::String&&))
/home/arduino/spider_bot_bringup/big_bertha_bringup/firmware/hardware_bridge_app/.cache/sketch/core/core.a(itoa.cpp.o)
                              /home/arduino/spider_bot_bringup/big_bertha_bringup/firmware/hardware_bridge_app/.cache/sketch/core/core.a(String.cpp.o) (dtostrf)
/home/arduino/spider_bot_bringup/big_bertha_bringup/firmware/hardware_bridge_app/.cache/sketch/core/core.a(llext_wrappers.c.o)
                              /home/arduino/spider_bot_bringup/big_bertha_bringup/firmware/hardware_bridge_app/.cache/sketch/sketch/sketch.ino.cpp.o (memcpy)
/home/arduino/spider_bot_bringup/big_bertha_bringup/firmware/hardware_bridge_app/.cache/sketch/core/core.a(main.cpp.o)
                              (main)
/home/arduino/spider_bot_bringup/big_bertha_bringup/firmware/hardware_bridge_app/.cache/sketch/core/core.a(new.cpp.o)
                              /home/arduino/spider_bot_bringup/big_bertha_bringup/firmware/hardware_bridge_app/.cache/sketch/sketch/sketch.ino.cpp.o (operator new(unsigned int))
/home/arduino/spider_bot_bringup/big_bertha_bringup/firmware/hardware_bridge_app/.cache/sketch/core/core.a(threads.cpp.o)
                              /home/arduino/spider_bot_bringup/big_bertha_bringup/firmware/hardware_bridge_app/.cache/sketch/core/core.a(main.cpp.o) (start_static_threads())
/home/arduino/spider_bot_bringup/big_bertha_bringup/firmware/hardware_bridge_app/.cache/sketch/core/core.a(wiring_digital.cpp.o)
                              /home/arduino/spider_bot_bringup/big_bertha_bringup/firmware/hardware_bridge_app/.cache/sketch/sketch/sketch.ino.cpp.o (pinMode)
/home/arduino/spider_bot_bringup/big_bertha_bringup/firmware/hardware_bridge_app/.cache/sketch/core/core.a(zephyrCommon.cpp.o)
                              /home/arduino/spider_bot_bringup/big_bertha_bringup/firmware/hardware_bridge_app/.cache/sketch/sketch/sketch.ino.cpp.o (millis)
/home/arduino/spider_bot_bringup/big_bertha_bringup/firmware/hardware_bridge_app/.cache/sketch/core/core.a(zephyrPinctrl.cpp.o)
                              /home/arduino/spider_bot_bringup/big_bertha_bringup/firmware/hardware_bridge_app/.cache/sketch/libraries/Wire/Wire.cpp.o (zephyr::arduino::init_dev_apply_pinctrl(device const*))
/home/arduino/spider_bot_bringup/big_bertha_bringup/firmware/hardware_bridge_app/.cache/sketch/core/core.a(zephyrSerial.cpp.o)
                              /home/arduino/spider_bot_bringup/big_bertha_bringup/firmware/hardware_bridge_app/.cache/sketch/libraries/Arduino_RouterBridge/singletons.cpp.o (Serial2)
/home/arduino/.arduino15/packages/zephyr/tools/arm-zephyr-eabi/0.16.8/bin/../lib/gcc/arm-zephyr-eabi/12.2.0/../../../../arm-zephyr-eabi/lib/thumb/v8-m.main+fp/hard/libstdc++_nano.a(functexcept.o)
                              /home/arduino/spider_bot_bringup/big_bertha_bringup/firmware/hardware_bridge_app/.cache/sketch/sketch/sketch.ino.cpp.o (std::__throw_bad_alloc())
/home/arduino/.arduino15/packages/zephyr/tools/arm-zephyr-eabi/0.16.8/bin/../lib/gcc/arm-zephyr-eabi/12.2.0/../../../../arm-zephyr-eabi/lib/thumb/v8-m.main+fp/hard/libstdc++_nano.a(functional.o)
                              /home/arduino/spider_bot_bringup/big_bertha_bringup/firmware/hardware_bridge_app/.cache/sketch/sketch/sketch.ino.cpp.o (std::__throw_bad_function_call())
/home/arduino/.arduino15/packages/zephyr/tools/arm-zephyr-eabi/0.16.8/bin/../lib/gcc/arm-zephyr-eabi/12.2.0/../../../../arm-zephyr-eabi/lib/thumb/v8-m.main+fp/hard/libstdc++_nano.a(eh_exception.o)
                              /home/arduino/.arduino15/packages/zephyr/tools/arm-zephyr-eabi/0.16.8/bin/../lib/gcc/arm-zephyr-eabi/12.2.0/../../../../arm-zephyr-eabi/lib/thumb/v8-m.main+fp/hard/libstdc++_nano.a(functional.o) (std::exception::~exception())
/home/arduino/.arduino15/packages/zephyr/tools/arm-zephyr-eabi/0.16.8/bin/../lib/gcc/arm-zephyr-eabi/12.2.0/../../../../arm-zephyr-eabi/lib/thumb/v8-m.main+fp/hard/libstdc++_nano.a(si_class_type_info.o)
                              /home/arduino/.arduino15/packages/zephyr/tools/arm-zephyr-eabi/0.16.8/bin/../lib/gcc/arm-zephyr-eabi/12.2.0/../../../../arm-zephyr-eabi/lib/thumb/v8-m.main+fp/hard/libstdc++_nano.a(functional.o) (vtable for __cxxabiv1::__si_class_type_info)
/home/arduino/.arduino15/packages/zephyr/tools/arm-zephyr-eabi/0.16.8/bin/../lib/gcc/arm-zephyr-eabi/12.2.0/../../../../arm-zephyr-eabi/lib/thumb/v8-m.main+fp/hard/libstdc++_nano.a(tinfo.o)
[...]
Memory Configuration

Name             Origin             Length             Attributes
*default*        0x0000000000000000 0xffffffffffffffff

Linker script and memory map

LOAD /home/arduino/.arduino15/packages/zephyr/tools/arm-zephyr-eabi/0.16.8/bin/../lib/gcc/arm-zephyr-eabi/12.2.0/../../../../arm-zephyr-eabi/lib/thumb/v8-m.main+fp/hard/libstdc++_nano.a
LOAD /home/arduino/.arduino15/packages/zephyr/tools/arm-zephyr-eabi/0.16.8/bin/../lib/gcc/arm-zephyr-eabi/12.2.0/../../../../arm-zephyr-eabi/lib/thumb/v8-m.main+fp/hard/libsupc++_nano.a
LOAD /home/arduino/.arduino15/packages/zephyr/tools/arm-zephyr-eabi/0.16.8/bin/../lib/gcc/arm-zephyr-eabi/12.2.0/../../../../arm-zephyr-eabi/lib/thumb/v8-m.main+fp/hard/libnosys.a
LOAD /home/arduino/spider_bot_bringup/big_bertha_bringup/firmware/hardware_bridge_app/.cache/sketch/sketch/sketch.ino.cpp.o
LOAD /home/arduino/spider_bot_bringup/big_bertha_bringup/firmware/hardware_bridge_app/.cache/sketch/libraries/Wire/Wire.cpp.o
LOAD /home/arduino/spider_bot_bringup/big_bertha_bringup/firmware/hardware_bridge_app/.cache/sketch/libraries/Arduino_RouterBridge/singletons.cpp.o
LOAD /home/arduino/spider_bot_bringup/big_bertha_bringup/firmware/hardware_bridge_app/.cache/sketch/core/analogReference.cpp.o
LOAD /home/arduino/spider_bot_bringup/big_bertha_bringup/firmware/hardware_bridge_app/.cache/sketch/core/tls-syms.S.o
START GROUP
LOAD /home/arduino/spider_bot_bringup/big_bertha_bringup/firmware/hardware_bridge_app/.cache/sketch/core/core.a
LOAD /home/arduino/.arduino15/packages/zephyr/tools/arm-zephyr-eabi/0.16.8/bin/../lib/gcc/arm-zephyr-eabi/12.2.0/../../../../arm-zephyr-eabi/lib/thumb/v8-m.main+fp/hard/libstdc++_nano.a
LOAD /home/arduino/.arduino15/packages/zephyr/tools/arm-zephyr-eabi/0.16.8/bin/../lib/gcc/arm-zephyr-eabi/12.2.0/../../../../arm-zephyr-eabi/lib/thumb/v8-m.main+fp/hard/libsupc++_nano.a
LOAD /home/arduino/.arduino15/packages/zephyr/tools/arm-zephyr-eabi/0.16.8/bin/../lib/gcc/arm-zephyr-eabi/12.2.0/../../../../arm-zephyr-eabi/lib/thumb/v8-m.main+fp/hard/libm_nano.a
END GROUP

.rodata         0x0000000000000000      0x52c
 *(.rodata._ZN6zephyr7arduinoL11pinctrl_mapE)
 .rodata._ZN6zephyr7arduinoL11pinctrl_mapE
                0x0000000000000000       0x88 /home/arduino/spider_bot_bringup/big_bertha_bringup/firmware/hardware_bridge_app/.cache/sketch/core/core.a(zephyrPinctrl.cpp.o)
 *(.rodata._ZN6zephyr7arduinoL12arduino_pinsE)
 .rodata._ZN6zephyr7arduinoL12arduino_pinsE
                0x0000000000000088      0x230 /home/arduino/spider_bot_bringup/big_bertha_bringup/firmware/hardware_bridge_app/.cache/sketch/core/core.a(wiring_digital.cpp.o)
 *(.rodata._ZN6zephyr7arduinoL35__pinctrl_states__device_dts_ord_17E)
 .rodata._ZN6zephyr7arduinoL35__pinctrl_states__device_dts_ord_17E
                0x00000000000002b8       0x18 /home/arduino/spider_bot_bringup/big_bertha_bringup/firmware/hardware_bridge_app/.cache/sketch/core/core.a(zephyrPinctrl.cpp.o)
 *(.rodata._ZN6zephyr7arduinoL35__pinctrl_states__device_dts_ord_25E)
 .rodata._ZN6zephyr7arduinoL35__pinctrl_states__device_dts_ord_25E
                0x00000000000002d0        0x8 /home/arduino/spider_bot_bringup/big_bertha_bringup/firmware/hardware_bridge_app/.cache/sketch/core/core.a(zephyrPinctrl.cpp.o)
 *(.rodata._ZN6zephyr7arduinoL35__pinctrl_states__device_dts_ord_29E)
 .rodata._ZN6zephyr7arduinoL35__pinctrl_states__device_dts_ord_29E
                0x00000000000002d8        0x8 /home/arduino/spider_bot_bringup/big_bertha_bringup/firmware/hardware_bridge_app/.cache/sketch/core/core.a(zephyrPinctrl.cpp.o)
 *(.rodata._ZN6zephyr7arduinoL35__pinctrl_states__device_dts_ord_35E)
 .rodata._ZN6zephyr7arduinoL35__pinctrl_states__device_dts_ord_35E
                0x00000000000002e0       0x10 /home/arduino/spider_bot_bringup/big_bertha_bringup/firmware/hardware_bridge_app/.cache/sketch/core/core.a(zephyrPinctrl.cpp.o)
 *(.rodata._ZN6zephyr7arduinoL35__pinctrl_states__device_dts_ord_55E)
 .rodata._ZN6zephyr7arduinoL35__pinctrl_states__device_dts_ord_55E
                0x00000000000002f0        0x8 /home/arduino/spider_bot_bringup/big_bertha_bringup/firmware/hardware_bridge_app/.cache/sketch/core/core.a(zephyrPinctrl.cpp.o)
 *(.rodata._ZN6zephyr7arduinoL35__pinctrl_states__device_dts_ord_64E)
 .rodata._ZN6zephyr7arduinoL35__pinctrl_states__device_dts_ord_64E
                0x00000000000002f8        0x8 /home/arduino/spider_bot_bringup/big_bertha_bringup/firmware/hardware_bridge_app/.cache/sketch/core/core.a(zephyrPinctrl.cpp.o)
 *(.rodata._ZN6zephyr7arduinoL35__pinctrl_states__device_dts_ord_67E)
 .rodata._ZN6zephyr7arduinoL35__pinctrl_states__device_dts_ord_67E
                0x0000000000000300        0x8 /home/arduino/spider_bot_bringup/big_bertha_bringup/firmware/hardware_bridge_app/.cache/sketch/core/core.a(zephyrPinctrl.cpp.o)
 *(.rodata._ZN6zephyr7arduinoL35__pinctrl_states__device_dts_ord_72E)
 .rodata._ZN6zephyr7arduinoL35__pinctrl_states__device_dts_ord_72E
                0x0000000000000308        0x8 /home/arduino/spider_bot_bringup/big_bertha_bringup/firmware/hardware_bridge_app/.cache/sketch/core/core.a(zephyrPinctrl.cpp.o)
 *(.rodata._ZN6zephyr7arduinoL35__pinctrl_states__device_dts_ord_80E)
 .rodata._ZN6zephyr7arduinoL35__pinctrl_states__device_dts_ord_80E
                0x0000000000000310       0x10 /home/arduino/spider_bot_bringup/big_bertha_bringup/firmware/hardware_bridge_app/.cache/sketch/core/core.a(zephyrPinctrl.cpp.o)
 *(.rodata._ZN6zephyr7arduinoL35__pinctrl_states__device_dts_ord_85E)
 .rodata._ZN6zephyr7arduinoL35__pinctrl_states__device_dts_ord_85E
                0x0000000000000320        0x8 /home/arduino/spider_bot_bringup/big_bertha_bringup/firmware/hardware_bridge_app/.cache/sketch/core/core.a(zephyrPinctrl.cpp.o)
 *(.rodata._ZN6zephyr7arduinoL35__pinctrl_states__device_dts_ord_97E)
 .rodata._ZN6zephyr7arduinoL35__pinctrl_states__device_dts_ord_97E
                0x0000000000000328       0x18 /home/arduino/spider_bot_bringup/big_bertha_bringup/firmware/hardware_bridge_app/.cache/sketch/core/core.a(zephyrPinctrl.cpp.o)
 *(.rodata._ZN6zephyr7arduinoL36__pinctrl_states__device_dts_ord_102E)
 .rodata._ZN6zephyr7arduinoL36__pinctrl_states__device_dts_ord_102E
                0x0000000000000340       0x18 /home/arduino/spider_bot_bringup/big_bertha_bringup/firmware/hardware_bridge_app/.cache/sketch/core/core.a(zephyrPinctrl.cpp.o)
 *(.rodata._ZN6zephyr7arduinoL36__pinctrl_states__device_dts_ord_106E)
 .rodata._ZN6zephyr7arduinoL36__pinctrl_states__device_dts_ord_106E
                0x0000000000000358       0x18 /home/arduino/spider_bot_bringup/big_bertha_bringup/firmware/hardware_bridge_app/.cache/sketch/core/core.a(zephyrPinctrl.cpp.o)
 *(.rodata._ZN6zephyr7arduinoL36__pinctrl_states__device_dts_ord_111E)
 .rodata._ZN6zephyr7arduinoL36__pinctrl_states__device_dts_ord_111E
                0x0000000000000370       0x18 /home/arduino/spider_bot_bringup/big_bertha_bringup/firmware/hardware_bridge_app/.cache/sketch/core/core.a(zephyrPinctrl.cpp.o)
 *(.rodata._ZN6zephyr7arduinoL36__pinctrl_states__device_dts_ord_117E)
 .rodata._ZN6zephyr7arduinoL36__pinctrl_states__device_dts_ord_117E
                0x0000000000000388       0x18 /home/arduino/spider_bot_bringup/big_bertha_bringup/firmware/hardware_bridge_app/.cache/sketch/core/core.a(zephyrPinctrl.cpp.o)
 *(.rodata._ZN6zephyr7arduinoL36__pinctrl_states__device_dts_ord_120E)
 .rodata._ZN6zephyr7arduinoL36__pinctrl_states__device_dts_ord_120E
                0x00000000000003a0       0x18 /home/arduino/spider_bot_bringup/big_bertha_bringup/firmware/hardware_bridge_app/.cache/sketch/core/core.a(zephyrPinctrl.cpp.o)
 *(.rodata._ZN6zephyr7arduinoL39__pinctrl_dev_config__device_dts_ord_17E)
 .rodata._ZN6zephyr7arduinoL39__pinctrl_dev_config__device_dts_ord_17E
                0x00000000000003b8        0x8 /home/arduino/spider_bot_bringup/big_bertha_bringup/firmware/hardware_bridge_app/.cache/sketch/core/core.a(zephyrPinctrl.cpp.o)
 *(.rodata._ZN6zephyr7arduinoL39__pinctrl_dev_config__device_dts_ord_25E)
 .rodata._ZN6zephyr7arduinoL39__pinctrl_dev_config__device_dts_ord_25E
                0x00000000000003c0        0x8 /home/arduino/spider_bot_bringup/big_bertha_bringup/firmware/hardware_bridge_app/.cache/sketch/core/core.a(zephyrPinctrl.cpp.o)
 *(.rodata._ZN6zephyr7arduinoL39__pinctrl_dev_config__device_dts_ord_29E)
 .rodata._ZN6zephyr7arduinoL39__pinctrl_dev_config__device_dts_ord_29E
                0x00000000000003c8        0x8 /home/arduino/spider_bot_bringup/big_bertha_bringup/firmware/hardware_bridge_app/.cache/sketch/core/core.a(zephyrPinctrl.cpp.o)
 *(.rodata._ZN6zephyr7arduinoL39__pinctrl_dev_config__device_dts_ord_35E)
 .rodata._ZN6zephyr7arduinoL39__pinctrl_dev_config__device_dts_ord_35E
                0x00000000000003d0        0x8 /home/arduino/spider_bot_bringup/big_bertha_bringup/firmware/hardware_bridge_app/.cache/sketch/core/core.a(zephyrPinctrl.cpp.o)
 *(.rodata._ZN6zephyr7arduinoL39__pinctrl_dev_config__device_dts_ord_55E)
 .rodata._ZN6zephyr7arduinoL39__pinctrl_dev_config__device_dts_ord_55E
                0x00000000000003d8        0x8 /home/arduino/spider_bot_bringup/big_bertha_bringup/firmware/hardware_bridge_app/.cache/sketch/core/core.a(zephyrPinctrl.cpp.o)
 *(.rodata._ZN6zephyr7arduinoL39__pinctrl_dev_config__device_dts_ord_64E)
 .rodata._ZN6zephyr7arduinoL39__pinctrl_dev_config__device_dts_ord_64E
                0x00000000000003e0        0x8 /home/arduino/spider_bot_bringup/big_bertha_bringup/firmware/hardware_bridge_app/.cache/sketch/core/core.a(zephyrPinctrl.cpp.o)
 *(.rodata._ZN6zephyr7arduinoL39__pinctrl_dev_config__device_dts_ord_67E)
 .rodata._ZN6zephyr7arduinoL39__pinctrl_dev_config__device_dts_ord_67E
                0x00000000000003e8        0x8 /home/arduino/spider_bot_bringup/big_bertha_bringup/firmware/hardware_bridge_app/.cache/sketch/core/core.a(zephyrPinctrl.cpp.o)
 *(.rodata._ZN6zephyr7arduinoL39__pinctrl_dev_config__device_dts_ord_72E)
 .rodata._ZN6zephyr7arduinoL39__pinctrl_dev_config__device_dts_ord_72E
                0x00000000000003f0        0x8 /home/arduino/spider_bot_bringup/big_bertha_bringup/firmware/hardware_bridge_app/.cache/sketch/core/core.a(zephyrPinctrl.cpp.o)
 *(.rodata._ZN6zephyr7arduinoL39__pinctrl_dev_config__device_dts_ord_80E)
 .rodata._ZN6zephyr7arduinoL39__pinctrl_dev_config__device_dts_ord_80E
                0x00000000000003f8        0x8 /home/arduino/spider_bot_bringup/big_bertha_bringup/firmware/hardware_bridge_app/.cache/sketch/core/core.a(zephyrPinctrl.cpp.o)
 *(.rodata._ZN6zephyr7arduinoL39__pinctrl_dev_config__device_dts_ord_85E)
 .rodata._ZN6zephyr7arduinoL39__pinctrl_dev_config__device_dts_ord_85E
                0x0000000000000400        0x8 /home/arduino/spider_bot_bringup/big_bertha_bringup/firmware/hardware_bridge_app/.cache/sketch/core/core.a(zephyrPinctrl.cpp.o)
 *(.rodata._ZN6zephyr7arduinoL39__pinctrl_dev_config__device_dts_ord_97E)
 .rodata._ZN6zephyr7arduinoL39__pinctrl_dev_config__device_dts_ord_97E
                0x0000000000000408        0x8 /home/arduino/spider_bot_bringup/big_bertha_bringup/firmware/hardware_bridge_app/.cache/sketch/core/core.a(zephyrPinctrl.cpp.o)
 *(.rodata._ZN6zephyr7arduinoL40__pinctrl_dev_config__device_dts_ord_102E)
 .rodata._ZN6zephyr7arduinoL40__pinctrl_dev_config__device_dts_ord_102E
                0x0000000000000410        0x8 /home/arduino/spider_bot_bringup/big_bertha_bringup/firmware/hardware_bridge_app/.cache/sketch/core/core.a(zephyrPinctrl.cpp.o)
 *(.rodata._ZN6zephyr7arduinoL40__pinctrl_dev_config__device_dts_ord_106E)
 .rodata._ZN6zephyr7arduinoL40__pinctrl_dev_config__device_dts_ord_106E
                0x0000000000000418        0x8 /home/arduino/spider_bot_bringup/big_bertha_bringup/firmware/hardware_bridge_app/.cache/sketch/core/core.a(zephyrPinctrl.cpp.o)
 *(.rodata._ZN6zephyr7arduinoL40__pinctrl_dev_config__device_dts_ord_111E)
 .rodata._ZN6zephyr7arduinoL40__pinctrl_dev_config__device_dts_ord_111E
                0x0000000000000420        0x8 /home/arduino/spider_bot_bringup/big_bertha_bringup/firmware/hardware_bridge_app/.cache/sketch/core/core.a(zephyrPinctrl.cpp.o)
 *(.rodata._ZN6zephyr7arduinoL40__pinctrl_dev_config__device_dts_ord_117E)
 .rodata._ZN6zephyr7arduinoL40__pinctrl_dev_config__device_dts_ord_117E
                0x0000000000000428        0x8 /home/arduino/spider_bot_bringup/big_bertha_bringup/firmware/hardware_bridge_app/.cache/sketch/core/core.a(zephyrPinctrl.cpp.o)
 *(.rodata._ZN6zephyr7arduinoL40__pinctrl_dev_config__device_dts_ord_120E)
 .rodata._ZN6zephyr7arduinoL40__pinctrl_dev_config__device_dts_ord_120E
                0x0000000000000430        0x8 /home/arduino/spider_bot_bringup/big_bertha_bringup/firmware/hardware_bridge_app/.cache/sketch/core/core.a(zephyrPinctrl.cpp.o)
 *(.rodata._ZTV13BridgeMonitorILj512EE)
 .rodata._ZTV13BridgeMonitorILj512EE
                0x0000000000000438       0x24 /home/arduino/spider_bot_bringup/big_bertha_bringup/firmware/hardware_bridge_app/.cache/sketch/libraries/Arduino_RouterBridge/singletons.cpp.o
                0x0000000000000438                vtable for BridgeMonitor<512u>
 *(.rodata._ZTV15SerialTransport)
 .rodata._ZTV15SerialTransport
                0x000000000000045c       0x20 /home/arduino/spider_bot_bringup/big_bertha_bringup/firmware/hardware_bridge_app/.cache/sketch/sketch/sketch.ino.cpp.o
                0x000000000000045c                vtable for SerialTransport
 *(.rodata._ZTV18RpcFunctionWrapperISt8functionIFvSt6vectorItSaItEEEEE)
 .rodata._ZTV18RpcFunctionWrapperISt8functionIFvSt6vectorItSaItEEEEE
                0x000000000000047c       0x14 /home/arduino/spider_bot_bringup/big_bertha_bringup/firmware/hardware_bridge_app/.cache/sketch/sketch/sketch.ino.cpp.o
                0x000000000000047c                vtable for RpcFunctionWrapper<std::function<void (std::vector<unsigned short, std::allocator<unsigned short> >)> >
 *(.rodata._ZTV18RpcFunctionWrapperISt8functionIFvvEEE)
 .rodata._ZTV18RpcFunctionWrapperISt8functionIFvvEEE
                0x0000000000000490       0x14 /home/arduino/spider_bot_bringup/big_bertha_bringup/firmware/hardware_bridge_app/.cache/sketch/sketch/sketch.ino.cpp.o
                0x0000000000000490                vtable for RpcFunctionWrapper<std::function<void ()> >
 *(.rodata._ZTVN7arduino12ZephyrSerialE)
 .rodata._ZTVN7arduino12ZephyrSerialE
                0x00000000000004a4       0x34 /home/arduino/spider_bot_bringup/big_bertha_bringup/firmware/hardware_bridge_app/.cache/sketch/core/core.a(zephyrSerial.cpp.o)
                0x00000000000004a4                vtable for arduino::ZephyrSerial
 *(.rodata._ZTVN7arduino9ZephyrI2CE)
 .rodata._ZTVN7arduino9ZephyrI2CE
                0x00000000000004d8       0x54 /home/arduino/spider_bot_bringup/big_bertha_bringup/firmware/hardware_bridge_app/.cache/sketch/libraries/Wire/Wire.cpp.o
                0x00000000000004d8                vtable for arduino::ZephyrI2C

.llext.rodata.noreloc
                0x000000000000052c      0x518
 *(.rodata._Z11on_scan_i2cv.str1.1)
 .rodata._Z11on_scan_i2cv.str1.1
                0x000000000000052c        0x9 /home/arduino/spider_bot_bringup/big_bertha_bringup/firmware/hardware_bridge_app/.cache/sketch/sketch/sketch.ino.cpp.o
 *(.rodata._ZL15PWM_CHANNEL_MAP)
 .rodata._ZL15PWM_CHANNEL_MAP
                0x0000000000000535        0xc /home/arduino/spider_bot_bringup/big_bertha_bringup/firmware/hardware_bridge_app/.cache/sketch/sketch/sketch.ino.cpp.o
 *(.rodata._ZN10RpcDecoderILj1024EE12get_responseIN7arduino7msgpack6object5nil_tEEEbjRT_R8RpcError.str1.1)
 .rodata._ZN10RpcDecoderILj1024EE12get_responseIN7arduino7msgpack6object5nil_tEEEbjRT_R8RpcError.str1.1
                0x0000000000000541       0x7b /home/arduino/spider_bot_bringup/big_bertha_bringup/firmware/hardware_bridge_app/.cache/sketch/libraries/Arduino_RouterBridge/singletons.cpp.o
 *(.rodata._ZN10RpcDecoderILj1024EE12get_responseIbEEbjRT_R8RpcError.str1.1)
 .rodata._ZN10RpcDecoderILj1024EE12get_responseIbEEbjRT_R8RpcError.str1.1
                0x00000000000005bc       0x7b /home/arduino/spider_bot_bringup/big_bertha_bringup/firmware/hardware_bridge_app/.cache/sketch/sketch/sketch.ino.cpp.o
 *(.rodata._ZN11BridgeClass11update_safeEv.str1.1)
 .rodata._ZN11BridgeClass11update_safeEv.str1.1
                0x0000000000000637        0x9 /home/arduino/spider_bot_bringup/big_bertha_bringup/firmware/hardware_bridge_app/.cache/sketch/sketch/sketch.ino.cpp.o
 *(.rodata._ZN13BridgeMonitorILj512EE5_readEj.str1.1)
 .rodata._ZN13BridgeMonitorILj512EE5_readEj.str1.1
                0x0000000000000640        0x9 /home/arduino/spider_bot_bringup/big_bertha_bringup/firmware/hardware_bridge_app/.cache/sketch/libraries/Arduino_RouterBridge/singletons.cpp.o
 *(.rodata._ZN13BridgeMonitorILj512EE5writeEPKhj.str1.1)
 .rodata._ZN13BridgeMonitorILj512EE5writeEPKhj.str1.1
                0x0000000000000649        0xa /home/arduino/spider_bot_bringup/big_bertha_bringup/firmware/hardware_bridge_app/.cache/sketch/libraries/Arduino_RouterBridge/singletons.cpp.o
 *(.rodata._ZN13BridgeMonitorILj512EEcvbEv.str1.1)
 .rodata._ZN13BridgeMonitorILj512EEcvbEv.str1.1
                0x0000000000000653       0x4d /home/arduino/spider_bot_bringup/big_bertha_bringup/firmware/hardware_bridge_app/.cache/sketch/libraries/Arduino_RouterBridge/singletons.cpp.o
 *(.rodata._ZN18RpcFunctionWrapperISt8functionIFvSt6vectorItSaItEEEEEclERN7arduino7msgpack8UnpackerERNS8_6PackerE.str1.1)
 .rodata._ZN18RpcFunctionWrapperISt8functionIFvSt6vectorItSaItEEEEEclERN7arduino7msgpack8UnpackerERNS8_6PackerE.str1.1
                0x00000000000006a0       0x72 /home/arduino/spider_bot_bringup/big_bertha_bringup/firmware/hardware_bridge_app/.cache/sketch/sketch/sketch.ino.cpp.o
 *(.rodata._ZN18RpcFunctionWrapperISt8functionIFvvEEEclERN7arduino7msgpack8UnpackerERNS5_6PackerE.str1.1)
 .rodata._ZN18RpcFunctionWrapperISt8functionIFvvEEEclERN7arduino7msgpack8UnpackerERNS5_6PackerE.str1.1
                0x0000000000000712       0x34 /home/arduino/spider_bot_bringup/big_bertha_bringup/firmware/hardware_bridge_app/.cache/sketch/sketch/sketch.ino.cpp.o
 *(.rodata._ZN6zephyr7arduinoL41__pinctrl_state_pins_0__device_dts_ord_17E)
 *fill*         0x0000000000000746        0x2 
 .rodata._ZN6zephyr7arduinoL41__pinctrl_state_pins_0__device_dts_ord_17E
                0x0000000000000748        0x0 /home/arduino/spider_bot_bringup/big_bertha_bringup/firmware/hardware_bridge_app/.cache/sketch/core/core.a(zephyrPinctrl.cpp.o)
 *(.rodata._ZN6zephyr7arduinoL41__pinctrl_state_pins_0__device_dts_ord_25E)
 .rodata._ZN6zephyr7arduinoL41__pinctrl_state_pins_0__device_dts_ord_25E
                0x0000000000000748       0x10 /home/arduino/spider_bot_bringup/big_bertha_bringup/firmware/hardware_bridge_app/.cache/sketch/core/core.a(zephyrPinctrl.cpp.o)
 *(.rodata._ZN6zephyr7arduinoL41__pinctrl_state_pins_0__device_dts_ord_29E)
 .rodata._ZN6zephyr7arduinoL41__pinctrl_state_pins_0__device_dts_ord_29E
                0x0000000000000758       0x10 /home/arduino/spider_bot_bringup/big_bertha_bringup/firmware/hardware_bridge_app/.cache/sketch/core/core.a(zephyrPinctrl.cpp.o)
 *(.rodata._ZN6zephyr7arduinoL41__pinctrl_state_pins_0__device_dts_ord_35E)
 .rodata._ZN6zephyr7arduinoL41__pinctrl_state_pins_0__device_dts_ord_35E
                0x0000000000000768       0x10 /home/arduino/spider_bot_bringup/big_bertha_bringup/firmware/hardware_bridge_app/.cache/sketch/core/core.a(zephyrPinctrl.cpp.o)
 *(.rodata._ZN6zephyr7arduinoL41__pinctrl_state_pins_0__device_dts_ord_55E)
 .rodata._ZN6zephyr7arduinoL41__pinctrl_state_pins_0__device_dts_ord_55E
                0x0000000000000778       0x10 /home/arduino/spider_bot_bringup/big_bertha_bringup/firmware/hardware_bridge_app/.cache/sketch/core/core.a(zephyrPinctrl.cpp.o)
 *(.rodata._ZN6zephyr7arduinoL41__pinctrl_state_pins_0__device_dts_ord_64E)
 .rodata._ZN6zephyr7arduinoL41__pinctrl_state_pins_0__device_dts_ord_64E
                0x0000000000000788       0x10 /home/arduino/spider_bot_bringup/big_bertha_bringup/firmware/hardware_bridge_app/.cache/sketch/core/core.a(zephyrPinctrl.cpp.o)
 *(.rodata._ZN6zephyr7arduinoL41__pinctrl_state_pins_0__device_dts_ord_67E)
 .rodata._ZN6zephyr7arduinoL41__pinctrl_state_pins_0__device_dts_ord_67E
                0x0000000000000798       0x10 /home/arduino/spider_bot_bringup/big_bertha_bringup/firmware/hardware_bridge_app/.cache/sketch/core/core.a(zephyrPinctrl.cpp.o)
 *(.rodata._ZN6zephyr7arduinoL41__pinctrl_state_pins_0__device_dts_ord_72E)
 .rodata._ZN6zephyr7arduinoL41__pinctrl_state_pins_0__device_dts_ord_72E
                0x00000000000007a8       0x20 /home/arduino/spider_bot_bringup/big_bertha_bringup/firmware/hardware_bridge_app/.cache/sketch/core/core.a(zephyrPinctrl.cpp.o)
 *(.rodata._ZN6zephyr7arduinoL41__pinctrl_state_pins_0__device_dts_ord_80E)
 .rodata._ZN6zephyr7arduinoL41__pinctrl_state_pins_0__device_dts_ord_80E
                0x00000000000007c8       0x20 /home/arduino/spider_bot_bringup/big_bertha_bringup/firmware/hardware_bridge_app/.cache/sketch/core/core.a(zephyrPinctrl.cpp.o)
 *(.rodata._ZN6zephyr7arduinoL41__pinctrl_state_pins_0__device_dts_ord_85E)
 .rodata._ZN6zephyr7arduinoL41__pinctrl_state_pins_0__device_dts_ord_85E
                0x00000000000007e8       0x20 /home/arduino/spider_bot_bringup/big_bertha_bringup/firmware/hardware_bridge_app/.cache/sketch/core/core.a(zephyrPinctrl.cpp.o)
 *(.rodata._ZN6zephyr7arduinoL41__pinctrl_state_pins_0__device_dts_ord_97E)
 .rodata._ZN6zephyr7arduinoL41__pinctrl_state_pins_0__device_dts_ord_97E
                0x0000000000000808        0x0 /home/arduino/spider_bot_bringup/big_bertha_bringup/firmware/hardware_bridge_app/.cache/sketch/core/core.a(zephyrPinctrl.cpp.o)
 *(.rodata._ZN6zephyr7arduinoL41__pinctrl_state_pins_1__device_dts_ord_17E)
 .rodata._ZN6zephyr7arduinoL41__pinctrl_state_pins_1__device_dts_ord_17E
                0x0000000000000808        0x0 /home/arduino/spider_bot_bringup/big_bertha_bringup/firmware/hardware_bridge_app/.cache/sketch/core/core.a(zephyrPinctrl.cpp.o)
 *(.rodata._ZN6zephyr7arduinoL41__pinctrl_state_pins_1__device_dts_ord_35E)
 .rodata._ZN6zephyr7arduinoL41__pinctrl_state_pins_1__device_dts_ord_35E
                0x0000000000000808       0x10 /home/arduino/spider_bot_bringup/big_bertha_bringup/firmware/hardware_bridge_app/.cache/sketch/core/core.a(zephyrPinctrl.cpp.o)
 *(.rodata._ZN6zephyr7arduinoL41__pinctrl_state_pins_1__device_dts_ord_80E)
 .rodata._ZN6zephyr7arduinoL41__pinctrl_state_pins_1__device_dts_ord_80E
                0x0000000000000818       0x18 /home/arduino/spider_bot_bringup/big_bertha_bringup/firmware/hardware_bridge_app/.cache/sketch/core/core.a(zephyrPinctrl.cpp.o)
 *(.rodata._ZN6zephyr7arduinoL41__pinctrl_state_pins_1__device_dts_ord_97E)
 .rodata._ZN6zephyr7arduinoL41__pinctrl_state_pins_1__device_dts_ord_97E
                0x0000000000000830        0x0 /home/arduino/spider_bot_bringup/big_bertha_bringup/firmware/hardware_bridge_app/.cache/sketch/core/core.a(zephyrPinctrl.cpp.o)
 *(.rodata._ZN6zephyr7arduinoL41__pinctrl_state_pins_2__device_dts_ord_17E)
 .rodata._ZN6zephyr7arduinoL41__pinctrl_state_pins_2__device_dts_ord_17E
                0x0000000000000830       0x30 /home/arduino/spider_bot_bringup/big_bertha_bringup/firmware/hardware_bridge_app/.cache/sketch/core/core.a(zephyrPinctrl.cpp.o)
 *(.rodata._ZN6zephyr7arduinoL41__pinctrl_state_pins_2__device_dts_ord_97E)
 .rodata._ZN6zephyr7arduinoL41__pinctrl_state_pins_2__device_dts_ord_97E
                0x0000000000000860       0x18 /home/arduino/spider_bot_bringup/big_bertha_bringup/firmware/hardware_bridge_app/.cache/sketch/core/core.a(zephyrPinctrl.cpp.o)
 *(.rodata._ZN6zephyr7arduinoL42__pinctrl_state_pins_0__device_dts_ord_102E)
 .rodata._ZN6zephyr7arduinoL42__pinctrl_state_pins_0__device_dts_ord_102E
                0x0000000000000878        0x0 /home/arduino/spider_bot_bringup/big_bertha_bringup/firmware/hardware_bridge_app/.cache/sketch/core/core.a(zephyrPinctrl.cpp.o)
 *(.rodata._ZN6zephyr7arduinoL42__pinctrl_state_pins_0__device_dts_ord_106E)
 .rodata._ZN6zephyr7arduinoL42__pinctrl_state_pins_0__device_dts_ord_106E
                0x0000000000000878        0x0 /home/arduino/spider_bot_bringup/big_bertha_bringup/firmware/hardware_bridge_app/.cache/sketch/core/core.a(zephyrPinctrl.cpp.o)
 *(.rodata._ZN6zephyr7arduinoL42__pinctrl_state_pins_0__device_dts_ord_111E)
 .rodata._ZN6zephyr7arduinoL42__pinctrl_state_pins_0__device_dts_ord_111E
                0x0000000000000878        0x0 /home/arduino/spider_bot_bringup/big_bertha_bringup/firmware/hardware_bridge_app/.cache/sketch/core/core.a(zephyrPinctrl.cpp.o)
 *(.rodata._ZN6zephyr7arduinoL42__pinctrl_state_pins_0__device_dts_ord_117E)
 .rodata._ZN6zephyr7arduinoL42__pinctrl_state_pins_0__device_dts_ord_117E
                0x0000000000000878        0x0 /home/arduino/spider_bot_bringup/big_bertha_bringup/firmware/hardware_bridge_app/.cache/sketch/core/core.a(zephyrPinctrl.cpp.o)
 *(.rodata._ZN6zephyr7arduinoL42__pinctrl_state_pins_0__device_dts_ord_120E)
 .rodata._ZN6zephyr7arduinoL42__pinctrl_state_pins_0__device_dts_ord_120E
                0x0000000000000878        0x0 /home/arduino/spider_bot_bringup/big_bertha_bringup/firmware/hardware_bridge_app/.cache/sketch/core/core.a(zephyrPinctrl.cpp.o)
 *(.rodata._ZN6zephyr7arduinoL42__pinctrl_state_pins_1__device_dts_ord_102E)
 .rodata._ZN6zephyr7arduinoL42__pinctrl_state_pins_1__device_dts_ord_102E
                0x0000000000000878        0x0 /home/arduino/spider_bot_bringup/big_bertha_bringup/firmware/hardware_bridge_app/.cache/sketch/core/core.a(zephyrPinctrl.cpp.o)
 *(.rodata._ZN6zephyr7arduinoL42__pinctrl_state_pins_1__device_dts_ord_106E)
 .rodata._ZN6zephyr7arduinoL42__pinctrl_state_pins_1__device_dts_ord_106E
                0x0000000000000878        0x0 /home/arduino/spider_bot_bringup/big_bertha_bringup/firmware/hardware_bridge_app/.cache/sketch/core/core.a(zephyrPinctrl.cpp.o)
 *(.rodata._ZN6zephyr7arduinoL42__pinctrl_state_pins_1__device_dts_ord_111E)
 .rodata._ZN6zephyr7arduinoL42__pinctrl_state_pins_1__device_dts_ord_111E
                0x0000000000000878        0x0 /home/arduino/spider_bot_bringup/big_bertha_bringup/firmware/hardware_bridge_app/.cache/sketch/core/core.a(zephyrPinctrl.cpp.o)
 *(.rodata._ZN6zephyr7arduinoL42__pinctrl_state_pins_1__device_dts_ord_117E)
 .rodata._ZN6zephyr7arduinoL42__pinctrl_state_pins_1__device_dts_ord_117E
                0x0000000000000878        0x0 /home/arduino/spider_bot_bringup/big_bertha_bringup/firmware/hardware_bridge_app/.cache/sketch/core/core.a(zephyrPinctrl.cpp.o)
 *(.rodata._ZN6zephyr7arduinoL42__pinctrl_state_pins_1__device_dts_ord_120E)
 .rodata._ZN6zephyr7arduinoL42__pinctrl_state_pins_1__device_dts_ord_120E
                0x0000000000000878        0x0 /home/arduino/spider_bot_bringup/big_bertha_bringup/firmware/hardware_bridge_app/.cache/sketch/core/core.a(zephyrPinctrl.cpp.o)
 *(.rodata._ZN6zephyr7arduinoL42__pinctrl_state_pins_2__device_dts_ord_102E)
 .rodata._ZN6zephyr7arduinoL42__pinctrl_state_pins_2__device_dts_ord_102E
                0x0000000000000878       0x18 /home/arduino/spider_bot_bringup/big_bertha_bringup/firmware/hardware_bridge_app/.cache/sketch/core/core.a(zephyrPinctrl.cpp.o)
 *(.rodata._ZN6zephyr7arduinoL42__pinctrl_state_pins_2__device_dts_ord_106E)
 .rodata._ZN6zephyr7arduinoL42__pinctrl_state_pins_2__device_dts_ord_106E
                0x0000000000000890       0x10 /home/arduino/spider_bot_bringup/big_bertha_bringup/firmware/hardware_bridge_app/.cache/sketch/core/core.a(zephyrPinctrl.cpp.o)
 *(.rodata._ZN6zephyr7arduinoL42__pinctrl_state_pins_2__device_dts_ord_111E)
 .rodata._ZN6zephyr7arduinoL42__pinctrl_state_pins_2__device_dts_ord_111E
                0x00000000000008a0       0x18 /home/arduino/spider_bot_bringup/big_bertha_bringup/firmware/hardware_bridge_app/.cache/sketch/core/core.a(zephyrPinctrl.cpp.o)
 *(.rodata._ZN6zephyr7arduinoL42__pinctrl_state_pins_2__device_dts_ord_117E)
 .rodata._ZN6zephyr7arduinoL42__pinctrl_state_pins_2__device_dts_ord_117E
                0x00000000000008b8       0x20 /home/arduino/spider_bot_bringup/big_bertha_bringup/firmware/hardware_bridge_app/.cache/sketch/core/core.a(zephyrPinctrl.cpp.o)
 *(.rodata._ZN6zephyr7arduinoL42__pinctrl_state_pins_2__device_dts_ord_120E)
 .rodata._ZN6zephyr7arduinoL42__pinctrl_state_pins_2__device_dts_ord_120E
                0x00000000000008d8        0x8 /home/arduino/spider_bot_bringup/big_bertha_bringup/firmware/hardware_bridge_app/.cache/sketch/core/core.a(zephyrPinctrl.cpp.o)
 *(.rodata._ZN7RpcCallIJEE6resultIbEEbRT_.str1.1)
 .rodata._ZN7RpcCallIJEE6resultIbEEbRT_.str1.1
                0x00000000000008e0       0x21 /home/arduino/spider_bot_bringup/big_bertha_bringup/firmware/hardware_bridge_app/.cache/sketch/sketch/sketch.ino.cpp.o
 *(.rodata._ZN7arduino7msgpack6object3extC2EaPKhj.str1.1)
 .rodata._ZN7arduino7msgpack6object3extC2EaPKhj.str1.1
                0x0000000000000901       0x28 /home/arduino/spider_bot_bringup/big_bertha_bringup/firmware/hardware_bridge_app/.cache/sketch/sketch/sketch.ino.cpp.o
 *(.rodata._ZN8RpcErrorC2Ev.str1.1)
 .rodata._ZN8RpcErrorC2Ev.str1.1
                0x0000000000000929        0x1 /home/arduino/spider_bot_bringup/big_bertha_bringup/firmware/hardware_bridge_app/.cache/sketch/sketch/sketch.ino.cpp.o
 .rodata._ZN8RpcErrorC2Ev.str1.1
                0x000000000000092a        0x1 /home/arduino/spider_bot_bringup/big_bertha_bringup/firmware/hardware_bridge_app/.cache/sketch/libraries/Arduino_RouterBridge/singletons.cpp.o
 *(.rodata._ZNSt6vectorIjSaIjEE17_M_realloc_insertIJRjEEEvN9__gnu_cxx17__normal_iteratorIPjS1_EEDpOT_.str1.1)
 .rodata._ZNSt6vectorIjSaIjEE17_M_realloc_insertIJRjEEEvN9__gnu_cxx17__normal_iteratorIPjS1_EEDpOT_.str1.1
                0x000000000000092b       0x1a /home/arduino/spider_bot_bringup/big_bertha_bringup/firmware/hardware_bridge_app/.cache/sketch/sketch/sketch.ino.cpp.o
 .rodata._ZNSt6vectorIjSaIjEE17_M_realloc_insertIJRjEEEvN9__gnu_cxx17__normal_iteratorIPjS1_EEDpOT_.str1.1
                0x0000000000000945       0x1a /home/arduino/spider_bot_bringup/big_bertha_bringup/firmware/hardware_bridge_app/.cache/sketch/libraries/Arduino_RouterBridge/singletons.cpp.o
 *(.rodata.loop.str1.1)
 .rodata.loop.str1.1
                0x000000000000095f        0xe /home/arduino/spider_bot_bringup/big_bertha_bringup/firmware/hardware_bridge_app/.cache/sketch/sketch/sketch.ino.cpp.o
 *(.rodata.setup.str1.1)
 .rodata.setup.str1.1
                0x000000000000096d       0x86 /home/arduino/spider_bot_bringup/big_bertha_bringup/firmware/hardware_bridge_app/.cache/sketch/sketch/sketch.ino.cpp.o
 *(.rodata.str1.1)
 .rodata.str1.1
                0x00000000000009f3       0x51 /home/arduino/spider_bot_bringup/big_bertha_bringup/firmware/hardware_bridge_app/.cache/sketch/core/core.a(main.cpp.o)

.rel.rodata
 *(.rel.rodata)
 *(.rel.rodata.*)

.rela.rodata
 *(.rela.rodata)
 *(.rela.rodata.*)

/DISCARD/
 *(.ARM.attributes)
 *(.ARM.attributes.*)
 *(.ARM.exidx)
 *(.ARM.exidx.*)
 *(.ARM.extidx)
 *(.ARM.extidx.*)
 *(.ARM.extab)
 *(.ARM.extab.*)
 *(.comment)
 *(.comment.*)
 *(.llvmbc)
 *(.llvmcmd)
 *(.eh_frame)
 *stdexcept.o()
 *eh_*.o()
 *cow-stdexcept.o()
 *cow-string-inst.o()

.text           0x0000000000000000     0x6908
 *(.text)
 *(.stub)
 *(.text*)
 .text._ZN15SerialTransport9availableEv
                0x0000000000000000       0x12 /home/arduino/spider_bot_bringup/big_bertha_bringup/firmware/hardware_bridge_app/.cache/sketch/sketch/sketch.ino.cpp.o
                0x0000000000000000                SerialTransport::available()
 .text._ZN15SerialTransport5writeEPKhj
                0x0000000000000012       0x10 /home/arduino/spider_bot_bringup/big_bertha_bringup/firmware/hardware_bridge_app/.cache/sketch/sketch/sketch.ino.cpp.o
                0x0000000000000012                SerialTransport::write(unsigned char const*, unsigned int)
 .text._ZN15SerialTransport4readEPhj
                0x0000000000000022       0x30 /home/arduino/spider_bot_bringup/big_bertha_bringup/firmware/hardware_bridge_app/.cache/sketch/sketch/sketch.ino.cpp.o
                0x0000000000000022                SerialTransport::read(unsigned char*, unsigned int)
 *fill*         0x0000000000000052        0x2 
 .text._ZN15SerialTransport9read_byteERh
                0x0000000000000054       0x20 /home/arduino/spider_bot_bringup/big_bertha_bringup/firmware/hardware_bridge_app/.cache/sketch/sketch/sketch.ino.cpp.o
                0x0000000000000054                SerialTransport::read_byte(unsigned char&)
 .text._ZN15SerialTransportD2Ev
                0x0000000000000074        0x2 /home/arduino/spider_bot_bringup/big_bertha_bringup/firmware/hardware_bridge_app/.cache/sketch/sketch/sketch.ino.cpp.o
                0x0000000000000074                SerialTransport::~SerialTransport()
                0x0000000000000074                SerialTransport::~SerialTransport()
 *fill*         0x0000000000000076        0x2 
 .text.k_yield  0x0000000000000078        0x8 /home/arduino/spider_bot_bringup/big_bertha_bringup/firmware/hardware_bridge_app/.cache/sketch/sketch/sketch.ino.cpp.o
 .text.k_mutex_lock
                0x0000000000000080        0x8 /home/arduino/spider_bot_bringup/big_bertha_bringup/firmware/hardware_bridge_app/.cache/sketch/sketch/sketch.ino.cpp.o
 .text.__tcf_0  0x0000000000000088       0x10 /home/arduino/spider_bot_bringup/big_bertha_bringup/firmware/hardware_bridge_app/.cache/sketch/sketch/sketch.ino.cpp.o
 .text._ZN15SerialTransportD0Ev
                0x0000000000000098       0x14 /home/arduino/spider_bot_bringup/big_bertha_bringup/firmware/hardware_bridge_app/.cache/sketch/sketch/sketch.ino.cpp.o
                0x0000000000000098                SerialTransport::~SerialTransport()
 .text._ZNSt17_Function_handlerIFvvEPS0_E10_M_managerERSt9_Any_dataRKS3_St18_Manager_operation
                0x00000000000000ac       0x30 /home/arduino/spider_bot_bringup/big_bertha_bringup/firmware/hardware_bridge_app/.cache/sketch/sketch/sketch.ino.cpp.o
                0x00000000000000ac                std::_Function_handler<void (), void (*)()>::_M_manager(std::_Any_data&, std::_Any_data const&, std::_Manager_operation)
 .text._ZNSt17_Function_handlerIFvvEPS0_E9_M_invokeERKSt9_Any_data
                0x00000000000000dc        0x4 /home/arduino/spider_bot_bringup/big_bertha_bringup/firmware/hardware_bridge_app/.cache/sketch/sketch/sketch.ino.cpp.o
                0x00000000000000dc                std::_Function_handler<void (), void (*)()>::_M_invoke(std::_Any_data const&)
 .text._ZNSt17_Function_handlerIFvSt6vectorItSaItEEEPS3_E10_M_managerERSt9_Any_dataRKS6_St18_Manager_operation
                0x00000000000000e0       0x30 /home/arduino/spider_bot_bringup/big_bertha_bringup/firmware/hardware_bridge_app/.cache/sketch/sketch/sketch.ino.cpp.o
                0x00000000000000e0                std::_Function_handler<void (std::vector<unsigned short, std::allocator<unsigned short> >), void (*)(std::vector<unsigned short, std::allocator<unsigned short> >)>::_M_manager(std::_Any_data&, std::_Any_data const&, std::_Manager_operation)
 .text._ZSt14__relocate_a_1IhhENSt9enable_ifIXsrSt24__is_bitwise_relocatableIT_vE5valueEPS2_E4typeES4_S4_S4_RSaIT0_E.isra.0
                0x0000000000000110       0x20 /home/arduino/spider_bot_bringup/big_bertha_bringup/firmware/hardware_bridge_app/.cache/sketch/sketch/sketch.ino.cpp.o
 .text._ZNSt12_Vector_baseIhSaIhEE11_M_allocateEj.isra.0
                0x0000000000000130       0x20 /home/arduino/spider_bot_bringup/big_bertha_bringup/firmware/hardware_bridge_app/.cache/sketch/sketch/sketch.ino.cpp.o
 .text.k_mutex_unlock.isra.0
                0x0000000000000150        0x8 /home/arduino/spider_bot_bringup/big_bertha_bringup/firmware/hardware_bridge_app/.cache/sketch/sketch/sketch.ino.cpp.o
 .text.k_mutex_init.isra.0
                0x0000000000000158        0x8 /home/arduino/spider_bot_bringup/big_bertha_bringup/firmware/hardware_bridge_app/.cache/sketch/sketch/sketch.ino.cpp.o
 .text.k_sleep.isra.0
                0x0000000000000160        0x8 /home/arduino/spider_bot_bringup/big_bertha_bringup/firmware/hardware_bridge_app/.cache/sketch/sketch/sketch.ino.cpp.o
 .text.k_msleep.constprop.0.isra.0
                0x0000000000000168        0xc /home/arduino/spider_bot_bringup/big_bertha_bringup/firmware/hardware_bridge_app/.cache/sketch/sketch/sketch.ino.cpp.o
 .text._ZL11blink_erroriii
                0x0000000000000174       0x58 /home/arduino/spider_bot_bringup/big_bertha_bringup/firmware/hardware_bridge_app/.cache/sketch/sketch/sketch.ino.cpp.o
 .text._ZNSt14_Function_baseD2Ev
                0x00000000000001cc       0x12 /home/arduino/spider_bot_bringup/big_bertha_bringup/firmware/hardware_bridge_app/.cache/sketch/sketch/sketch.ino.cpp.o
                0x00000000000001cc                std::_Function_base::~_Function_base()
                0x00000000000001cc                std::_Function_base::~_Function_base()
 *fill*         0x00000000000001de        0x2 
 .text._ZN18RpcFunctionWrapperISt8functionIFvSt6vectorItSaItEEEEED2Ev
                0x00000000000001e0       0x1c /home/arduino/spider_bot_bringup/big_bertha_bringup/firmware/hardware_bridge_app/.cache/sketch/sketch/sketch.ino.cpp.o
                0x00000000000001e0                RpcFunctionWrapper<std::function<void (std::vector<unsigned short, std::allocator<unsigned short> >)> >::~RpcFunctionWrapper()
                0x00000000000001e0                RpcFunctionWrapper<std::function<void (std::vector<unsigned short, std::allocator<unsigned short> >)> >::~RpcFunctionWrapper()
 .text._ZN18RpcFunctionWrapperISt8functionIFvSt6vectorItSaItEEEEED0Ev
                0x00000000000001fc       0x1c /home/arduino/spider_bot_bringup/big_bertha_bringup/firmware/hardware_bridge_app/.cache/sketch/sketch/sketch.ino.cpp.o
                0x00000000000001fc                RpcFunctionWrapper<std::function<void (std::vector<unsigned short, std::allocator<unsigned short> >)> >::~RpcFunctionWrapper()
 .text._ZN18RpcFunctionWrapperISt8functionIFvvEEED2Ev
                0x0000000000000218       0x1c /home/arduino/spider_bot_bringup/big_bertha_bringup/firmware/hardware_bridge_app/.cache/sketch/sketch/sketch.ino.cpp.o
                0x0000000000000218                RpcFunctionWrapper<std::function<void ()> >::~RpcFunctionWrapper()
                0x0000000000000218                RpcFunctionWrapper<std::function<void ()> >::~RpcFunctionWrapper()
 .text._ZN18RpcFunctionWrapperISt8functionIFvvEEED0Ev
                0x0000000000000234       0x1c /home/arduino/spider_bot_bringup/big_bertha_bringup/firmware/hardware_bridge_app/.cache/sketch/sketch/sketch.ino.cpp.o
                0x0000000000000234                RpcFunctionWrapper<std::function<void ()> >::~RpcFunctionWrapper()
 .text._ZN7arduino7msgpack8Unpacker11deserializeEv
                0x0000000000000250       0x16 /home/arduino/spider_bot_bringup/big_bertha_bringup/firmware/hardware_bridge_app/.cache/sketch/sketch/sketch.ino.cpp.o
                0x0000000000000250                arduino::msgpack::Unpacker::deserialize()
 .text._ZN7arduino7msgpack8Unpacker5clearEv
                0x0000000000000266       0x14 /home/arduino/spider_bot_bringup/big_bertha_bringup/firmware/hardware_bridge_app/.cache/sketch/sketch/sketch.ino.cpp.o
                0x0000000000000266                arduino::msgpack::Unpacker::clear()
 .text._ZNK7arduino7msgpack8Unpacker13getRawBytePtrEjj
                0x000000000000027a       0x1e /home/arduino/spider_bot_bringup/big_bertha_bringup/firmware/hardware_bridge_app/.cache/sketch/sketch/sketch.ino.cpp.o
                0x000000000000027a                arduino::msgpack::Unpacker::getRawBytePtr(unsigned int, unsigned int) const
 .text._ZN8RpcErrorC2Ev
                0x0000000000000298       0x2c /home/arduino/spider_bot_bringup/big_bertha_bringup/firmware/hardware_bridge_app/.cache/sketch/sketch/sketch.ino.cpp.o
                0x0000000000000298                RpcError::RpcError()
                0x0000000000000298                RpcError::RpcError()
 .text._ZN17RpcDecoderManager10getDecoderER10ITransport
                0x00000000000002c4       0x7c /home/arduino/spider_bot_bringup/big_bertha_bringup/firmware/hardware_bridge_app/.cache/sketch/sketch/sketch.ino.cpp.o
                0x00000000000002c4                RpcDecoderManager::getDecoder(ITransport&)
 .text._ZN17RpcDecoderManager11getInstanceEv
                0x0000000000000340       0x30 /home/arduino/spider_bot_bringup/big_bertha_bringup/firmware/hardware_bridge_app/.cache/sketch/sketch/sketch.ino.cpp.o
                0x0000000000000340                RpcDecoderManager::getInstance()
 .text._ZN7arduino7msgpack8UnpackerC2Ev
                0x0000000000000370       0x10 /home/arduino/spider_bot_bringup/big_bertha_bringup/firmware/hardware_bridge_app/.cache/sketch/sketch/sketch.ino.cpp.o
                0x0000000000000370                arduino::msgpack::Unpacker::Unpacker()
                0x0000000000000370                arduino::msgpack::Unpacker::Unpacker()
 .text._ZN10RPCRequestILj256EEC2Ev
                0x0000000000000380       0x4c /home/arduino/spider_bot_bringup/big_bertha_bringup/firmware/hardware_bridge_app/.cache/sketch/sketch/sketch.ino.cpp.o
                0x0000000000000380                RPCRequest<256u>::RPCRequest()
                0x0000000000000380                RPCRequest<256u>::RPCRequest()
 .text._ZN11BridgeClass10is_startedEv
                0x00000000000003cc       0x2c /home/arduino/spider_bot_bringup/big_bertha_bringup/firmware/hardware_bridge_app/.cache/sketch/sketch/sketch.ino.cpp.o
                0x00000000000003cc                BridgeClass::is_started()
 .text._ZN7arduino9ZephyrI2C5writeEi
                0x00000000000003f8        0x8 /home/arduino/spider_bot_bringup/big_bertha_bringup/firmware/hardware_bridge_app/.cache/sketch/sketch/sketch.ino.cpp.o
                0x00000000000003f8                arduino::ZephyrI2C::write(int)
 .text._ZNSt12_Vector_baseIhSaIhEED2Ev
                0x0000000000000400       0x18 /home/arduino/spider_bot_bringup/big_bertha_bringup/firmware/hardware_bridge_app/.cache/sketch/sketch/sketch.ino.cpp.o
                0x0000000000000400                std::_Vector_base<unsigned char, std::allocator<unsigned char> >::~_Vector_base()
                0x0000000000000400                std::_Vector_base<unsigned char, std::allocator<unsigned char> >::~_Vector_base()
 .text.__tcf_2  0x0000000000000418       0x14 /home/arduino/spider_bot_bringup/big_bertha_bringup/firmware/hardware_bridge_app/.cache/sketch/sketch/sketch.ino.cpp.o
 .text.__tcf_1  0x000000000000042c       0x14 /home/arduino/spider_bot_bringup/big_bertha_bringup/firmware/hardware_bridge_app/.cache/sketch/sketch/sketch.ino.cpp.o
 .text._ZNSt6vectorIhSaIhEE14_M_move_assignEOS1_St17integral_constantIbLb1EE.isra.0
                0x0000000000000440       0x34 /home/arduino/spider_bot_bringup/big_bertha_bringup/firmware/hardware_bridge_app/.cache/sketch/sketch/sketch.ino.cpp.o
 .text._ZNK7arduino7msgpack8Unpacker11getRawBytesIhEET_jj
                0x0000000000000474       0x1e /home/arduino/spider_bot_bringup/big_bertha_bringup/firmware/hardware_bridge_app/.cache/sketch/sketch/sketch.ino.cpp.o
                0x0000000000000474                unsigned char arduino::msgpack::Unpacker::getRawBytes<unsigned char>(unsigned int, unsigned int) const
 *fill*         0x0000000000000492        0x2 
 .text._ZNK7arduino7msgpack8Unpacker7getTypeEj
                0x0000000000000494       0x58 /home/arduino/spider_bot_bringup/big_bertha_bringup/firmware/hardware_bridge_app/.cache/sketch/sketch/sketch.ino.cpp.o
                0x0000000000000494                arduino::msgpack::Unpacker::getType(unsigned int) const
 .text._ZNK7arduino7msgpack8Unpacker7getTypeEv
                0x00000000000004ec       0x10 /home/arduino/spider_bot_bringup/big_bertha_bringup/firmware/hardware_bridge_app/.cache/sketch/sketch/sketch.ino.cpp.o
                0x00000000000004ec                arduino::msgpack::Unpacker::getType() const
 .text._ZN7arduino7msgpack8Unpacker11unpackInt32Ev
                0x00000000000004fc       0x58 /home/arduino/spider_bot_bringup/big_bertha_bringup/firmware/hardware_bridge_app/.cache/sketch/sketch/sketch.ino.cpp.o
                0x00000000000004fc                arduino::msgpack::Unpacker::unpackInt32()
 .text._ZN7arduino7msgpack8Unpacker11unpackInt64Ev
                0x0000000000000554       0x60 /home/arduino/spider_bot_bringup/big_bertha_bringup/firmware/hardware_bridge_app/.cache/sketch/sketch/sketch.ino.cpp.o
                0x0000000000000554                arduino::msgpack::Unpacker::unpackInt64()
 .text._ZN7arduino7msgpack8Unpacker9unpackNilEv
                0x00000000000005b4       0x3c /home/arduino/spider_bot_bringup/big_bertha_bringup/firmware/hardware_bridge_app/.cache/sketch/sketch/sketch.ino.cpp.o
                0x00000000000005b4                arduino::msgpack::Unpacker::unpackNil()
 .text._ZNK7arduino7msgpack8Unpacker7isArrayEv
                0x00000000000005f0       0x20 /home/arduino/spider_bot_bringup/big_bertha_bringup/firmware/hardware_bridge_app/.cache/sketch/sketch/sketch.ino.cpp.o
                0x00000000000005f0                arduino::msgpack::Unpacker::isArray() const
 .text._ZNK7arduino7msgpack8Unpacker5isMapEv
                0x0000000000000610       0x20 /home/arduino/spider_bot_bringup/big_bertha_bringup/firmware/hardware_bridge_app/.cache/sketch/sketch/sketch.ino.cpp.o
                0x0000000000000610                arduino::msgpack::Unpacker::isMap() const
 .text._ZN7arduino7msgpack8Unpacker13unpackFloat32Ev
                0x0000000000000630       0x60 /home/arduino/spider_bot_bringup/big_bertha_bringup/firmware/hardware_bridge_app/.cache/sketch/sketch/sketch.ino.cpp.o
                0x0000000000000630                arduino::msgpack::Unpacker::unpackFloat32()
 .text._ZN7arduino7msgpack8Unpacker11unpackInt16Ev
                0x0000000000000690       0x4c /home/arduino/spider_bot_bringup/big_bertha_bringup/firmware/hardware_bridge_app/.cache/sketch/sketch/sketch.ino.cpp.o
                0x0000000000000690                arduino::msgpack::Unpacker::unpackInt16()
 *fill*         0x00000000000006dc        0x4 
 .text._ZN7arduino7msgpack8Unpacker13unpackFloat64Ev
                0x00000000000006e0       0x6c /home/arduino/spider_bot_bringup/big_bertha_bringup/firmware/hardware_bridge_app/.cache/sketch/sketch/sketch.ino.cpp.o
                0x00000000000006e0                arduino::msgpack::Unpacker::unpackFloat64()
 .text._ZN7arduino7msgpack8Unpacker10unpackInt5Ev
                0x000000000000074c       0x4c /home/arduino/spider_bot_bringup/big_bertha_bringup/firmware/hardware_bridge_app/.cache/sketch/sketch/sketch.ino.cpp.o
                0x000000000000074c                arduino::msgpack::Unpacker::unpackInt5()
 .text._ZN7arduino7msgpack8Unpacker11unpackUInt7Ev
                0x0000000000000798       0x48 /home/arduino/spider_bot_bringup/big_bertha_bringup/firmware/hardware_bridge_app/.cache/sketch/sketch/sketch.ino.cpp.o
                0x0000000000000798                arduino::msgpack::Unpacker::unpackUInt7()
 .text._ZN7arduino7msgpack8Unpacker11unpackUInt8Ev
                0x00000000000007e0       0x48 /home/arduino/spider_bot_bringup/big_bertha_bringup/firmware/hardware_bridge_app/.cache/sketch/sketch/sketch.ino.cpp.o
                0x00000000000007e0                arduino::msgpack::Unpacker::unpackUInt8()
 .text._ZNK7arduino7msgpack8Unpacker11getRawBytesItEET_jj
                0x0000000000000828       0x26 /home/arduino/spider_bot_bringup/big_bertha_bringup/firmware/hardware_bridge_app/.cache/sketch/sketch/sketch.ino.cpp.o
                0x0000000000000828                unsigned short arduino::msgpack::Unpacker::getRawBytes<unsigned short>(unsigned int, unsigned int) const
 *fill*         0x000000000000084e        0x2 
 .text._ZN7arduino7msgpack8Unpacker12unpackUInt16Ev
                0x0000000000000850       0x48 /home/arduino/spider_bot_bringup/big_bertha_bringup/firmware/hardware_bridge_app/.cache/sketch/sketch/sketch.ino.cpp.o
                0x0000000000000850                arduino::msgpack::Unpacker::unpackUInt16()
 .text._ZNK7arduino7msgpack8Unpacker11getRawBytesIjEET_jj
                0x0000000000000898       0x34 /home/arduino/spider_bot_bringup/big_bertha_bringup/firmware/hardware_bridge_app/.cache/sketch/sketch/sketch.ino.cpp.o
                0x0000000000000898                unsigned int arduino::msgpack::Unpacker::getRawBytes<unsigned int>(unsigned int, unsigned int) const
 .text._ZNK7arduino7msgpack8Unpacker14getElementSizeEj
                0x00000000000008cc      0x11c /home/arduino/spider_bot_bringup/big_bertha_bringup/firmware/hardware_bridge_app/.cache/sketch/sketch/sketch.ino.cpp.o
                0x00000000000008cc                arduino::msgpack::Unpacker::getElementSize(unsigned int) const
 .text._ZN7arduino7msgpack8Unpacker15unpackArraySizeEv
                0x00000000000009e8       0x78 /home/arduino/spider_bot_bringup/big_bertha_bringup/firmware/hardware_bridge_app/.cache/sketch/sketch/sketch.ino.cpp.o
                0x00000000000009e8                arduino::msgpack::Unpacker::unpackArraySize()
 .text._ZN7arduino7msgpack8Unpacker12unpackUInt32Ev
                0x0000000000000a60       0x48 /home/arduino/spider_bot_bringup/big_bertha_bringup/firmware/hardware_bridge_app/.cache/sketch/sketch/sketch.ino.cpp.o
                0x0000000000000a60                arduino::msgpack::Unpacker::unpackUInt32()
 .text._ZN7arduino7msgpack8Unpacker13unpackMapSizeEv
                0x0000000000000aa8       0x78 /home/arduino/spider_bot_bringup/big_bertha_bringup/firmware/hardware_bridge_app/.cache/sketch/sketch/sketch.ino.cpp.o
                0x0000000000000aa8                arduino::msgpack::Unpacker::unpackMapSize()
 .text._ZNK7arduino7msgpack8Unpacker11getRawBytesIyEET_jj
                0x0000000000000b20       0x3a /home/arduino/spider_bot_bringup/big_bertha_bringup/firmware/hardware_bridge_app/.cache/sketch/sketch/sketch.ino.cpp.o
                0x0000000000000b20                unsigned long long arduino::msgpack::Unpacker::getRawBytes<unsigned long long>(unsigned int, unsigned int) const
 *fill*         0x0000000000000b5a        0x2 
 .text._ZN7arduino7msgpack8Unpacker12unpackUInt64Ev
                0x0000000000000b5c       0x4c /home/arduino/spider_bot_bringup/big_bertha_bringup/firmware/hardware_bridge_app/.cache/sketch/sketch/sketch.ino.cpp.o
                0x0000000000000b5c                arduino::msgpack::Unpacker::unpackUInt64()
 .text._ZNK7arduino7msgpack8Unpacker11getRawBytesIaEET_jj
                0x0000000000000ba8       0x1e /home/arduino/spider_bot_bringup/big_bertha_bringup/firmware/hardware_bridge_app/.cache/sketch/sketch/sketch.ino.cpp.o
                0x0000000000000ba8                signed char arduino::msgpack::Unpacker::getRawBytes<signed char>(unsigned int, unsigned int) const
 *fill*         0x0000000000000bc6        0x2 
 .text._ZN7arduino7msgpack8Unpacker10unpackInt8Ev
                0x0000000000000bc8       0x48 /home/arduino/spider_bot_bringup/big_bertha_bringup/firmware/hardware_bridge_app/.cache/sketch/sketch/sketch.ino.cpp.o
                0x0000000000000bc8                arduino::msgpack::Unpacker::unpackInt8()
 .text._ZNK7arduino7msgpack8Unpacker13isTimestamp32Ev
                0x0000000000000c10       0x2c /home/arduino/spider_bot_bringup/big_bertha_bringup/firmware/hardware_bridge_app/.cache/sketch/sketch/sketch.ino.cpp.o
                0x0000000000000c10                arduino::msgpack::Unpacker::isTimestamp32() const
 .text._ZNK7arduino7msgpack8Unpacker13isTimestamp64Ev
                0x0000000000000c3c       0x2c /home/arduino/spider_bot_bringup/big_bertha_bringup/firmware/hardware_bridge_app/.cache/sketch/sketch/sketch.ino.cpp.o
                0x0000000000000c3c                arduino::msgpack::Unpacker::isTimestamp64() const
 .text._ZNK7arduino7msgpack8Unpacker13isTimestamp96Ev
                0x0000000000000c68       0x40 /home/arduino/spider_bot_bringup/big_bertha_bringup/firmware/hardware_bridge_app/.cache/sketch/sketch/sketch.ino.cpp.o
                0x0000000000000c68                arduino::msgpack::Unpacker::isTimestamp96() const
 .text._ZNK7arduino7msgpack8Unpacker11getRawBytesIcEET_jj
                0x0000000000000ca8       0x1e /home/arduino/spider_bot_bringup/big_bertha_bringup/firmware/hardware_bridge_app/.cache/sketch/sketch/sketch.ino.cpp.o
                0x0000000000000ca8                char arduino::msgpack::Unpacker::getRawBytes<char>(unsigned int, unsigned int) const
 *fill*         0x0000000000000cc6        0x2 
 .text._ZN7arduino7msgpack8Unpacker11deserializeINS0_4type9ArraySizeEJEEEbRT_DpOT0_
                0x0000000000000cc8       0x40 /home/arduino/spider_bot_bringup/big_bertha_bringup/firmware/hardware_bridge_app/.cache/sketch/sketch/sketch.ino.cpp.o
                0x0000000000000cc8                bool arduino::msgpack::Unpacker::deserialize<arduino::msgpack::type::ArraySize>(arduino::msgpack::type::ArraySize&)
 .text._ZN7arduino7msgpack8Unpacker11deserializeINS0_6object5nil_tEJEEEbRT_DpOT0_
                0x0000000000000d08       0x40 /home/arduino/spider_bot_bringup/big_bertha_bringup/firmware/hardware_bridge_app/.cache/sketch/sketch/sketch.ino.cpp.o
                0x0000000000000d08                bool arduino::msgpack::Unpacker::deserialize<arduino::msgpack::object::nil_t>(arduino::msgpack::object::nil_t&)
 .text._ZN7arduino7msgpack8Unpacker11deserializeIbJEEEbRT_DpOT0_
                0x0000000000000d48       0x68 /home/arduino/spider_bot_bringup/big_bertha_bringup/firmware/hardware_bridge_app/.cache/sketch/sketch/sketch.ino.cpp.o
                0x0000000000000d48                bool arduino::msgpack::Unpacker::deserialize<bool>(bool&)
 .text._ZN7arduino7msgpack8Unpacker11deserializeINS_6StringEJEEEbRT_DpOT0_
                0x0000000000000db0      0x174 /home/arduino/spider_bot_bringup/big_bertha_bringup/firmware/hardware_bridge_app/.cache/sketch/sketch/sketch.ino.cpp.o
                0x0000000000000db0                bool arduino::msgpack::Unpacker::deserialize<arduino::String>(arduino::String&)
 .text._ZN7arduino7msgpack8Unpacker11deserializeINS0_6object8timespecEJEEEbRT_DpOT0_
                0x0000000000000f24       0xc4 /home/arduino/spider_bot_bringup/big_bertha_bringup/firmware/hardware_bridge_app/.cache/sketch/sketch/sketch.ino.cpp.o
                0x0000000000000f24                bool arduino::msgpack::Unpacker::deserialize<arduino::msgpack::object::timespec>(arduino::msgpack::object::timespec&)
 .text._ZNSt12_Vector_baseIjSaIjEED2Ev
                0x0000000000000fe8       0x18 /home/arduino/spider_bot_bringup/big_bertha_bringup/firmware/hardware_bridge_app/.cache/sketch/sketch/sketch.ino.cpp.o
                0x0000000000000fe8                std::_Vector_base<unsigned int, std::allocator<unsigned int> >::~_Vector_base()
                0x0000000000000fe8                std::_Vector_base<unsigned int, std::allocator<unsigned int> >::~_Vector_base()
 .text._ZN10RPCRequestILj256EED2Ev
                0x0000000000001000       0x2c /home/arduino/spider_bot_bringup/big_bertha_bringup/firmware/hardware_bridge_app/.cache/sketch/sketch/sketch.ino.cpp.o
                0x0000000000001000                RPCRequest<256u>::~RPCRequest()
                0x0000000000001000                RPCRequest<256u>::~RPCRequest()
 .text._ZNSt6vectorIjSaIjEE17_M_realloc_insertIJRjEEEvN9__gnu_cxx17__normal_iteratorIPjS1_EEDpOT_
                0x000000000000102c       0xdc /home/arduino/spider_bot_bringup/big_bertha_bringup/firmware/hardware_bridge_app/.cache/sketch/sketch/sketch.ino.cpp.o
                0x000000000000102c                void std::vector<unsigned int, std::allocator<unsigned int> >::_M_realloc_insert<unsigned int&>(__gnu_cxx::__normal_iterator<unsigned int*, std::vector<unsigned int, std::allocator<unsigned int> > >, unsigned int&)
 .text._ZN7arduino7msgpack8Unpacker4feedEPKhj
                0x0000000000001108       0x78 /home/arduino/spider_bot_bringup/big_bertha_bringup/firmware/hardware_bridge_app/.cache/sketch/sketch/sketch.ino.cpp.o
                0x0000000000001108                arduino::msgpack::Unpacker::feed(unsigned char const*, unsigned int)
 .text._ZN7RpcCallIJEE8setErrorEiN7arduino6StringE
                0x0000000000001180       0x40 /home/arduino/spider_bot_bringup/big_bertha_bringup/firmware/hardware_bridge_app/.cache/sketch/sketch/sketch.ino.cpp.o
                0x0000000000001180                RpcCall<>::setError(int, arduino::String)
 .text._ZN7RpcCallIJEE7isErrorEv
                0x00000000000011c0       0x34 /home/arduino/spider_bot_bringup/big_bertha_bringup/firmware/hardware_bridge_app/.cache/sketch/sketch/sketch.ino.cpp.o
                0x00000000000011c0                RpcCall<>::isError()
 .text._ZNKSt6vectorIhSaIhEE12_M_check_lenEjPKc
                0x00000000000011f4       0x38 /home/arduino/spider_bot_bringup/big_bertha_bringup/firmware/hardware_bridge_app/.cache/sketch/sketch/sketch.ino.cpp.o
                0x00000000000011f4                std::vector<unsigned char, std::allocator<unsigned char> >::_M_check_len(unsigned int, char const*) const
 .text._ZNSt6vectorIhSaIhEE12emplace_backIJhEEERhDpOT_.isra.0
                0x000000000000122c       0x90 /home/arduino/spider_bot_bringup/big_bertha_bringup/firmware/hardware_bridge_app/.cache/sketch/sketch/sketch.ino.cpp.o
 .text._ZN7arduino7msgpack6Packer11packRawByteERKNS0_4TypeE.isra.0
                0x00000000000012bc       0x18 /home/arduino/spider_bot_bringup/big_bertha_bringup/firmware/hardware_bridge_app/.cache/sketch/sketch/sketch.ino.cpp.o
 .text._ZN7arduino7msgpack6Packer7packNilEv
                0x00000000000012d4       0x18 /home/arduino/spider_bot_bringup/big_bertha_bringup/firmware/hardware_bridge_app/.cache/sketch/sketch/sketch.ino.cpp.o
                0x00000000000012d4                arduino::msgpack::Packer::packNil()
 .text._ZNSt6vectorIhSaIhEE17_M_realloc_insertIJRKhEEEvN9__gnu_cxx17__normal_iteratorIPhS1_EEDpOT_
                0x00000000000012ec       0x74 /home/arduino/spider_bot_bringup/big_bertha_bringup/firmware/hardware_bridge_app/.cache/sketch/sketch/sketch.ino.cpp.o
                0x00000000000012ec                void std::vector<unsigned char, std::allocator<unsigned char> >::_M_realloc_insert<unsigned char const&>(__gnu_cxx::__normal_iterator<unsigned char*, std::vector<unsigned char, std::allocator<unsigned char> > >, unsigned char const&)
 .text._ZNSt6vectorIhSaIhEE12emplace_backIJRKhEEERhDpOT_.isra.0
                0x0000000000001360       0x30 /home/arduino/spider_bot_bringup/big_bertha_bringup/firmware/hardware_bridge_app/.cache/sketch/sketch/sketch.ino.cpp.o
 .text._ZN7arduino7msgpack6Packer12packRawBytesEPKhj
                0x0000000000001390       0x20 /home/arduino/spider_bot_bringup/big_bertha_bringup/firmware/hardware_bridge_app/.cache/sketch/sketch/sketch.ino.cpp.o
                0x0000000000001390                arduino::msgpack::Packer::packRawBytes(unsigned char const*, unsigned int)
 .text._ZN7arduino7msgpack6Packer9packUInt8Eh
                0x00000000000013b0       0x2c /home/arduino/spider_bot_bringup/big_bertha_bringup/firmware/hardware_bridge_app/.cache/sketch/sketch/sketch.ino.cpp.o
                0x00000000000013b0                arduino::msgpack::Packer::packUInt8(unsigned char)
 .text._ZNSt6vectorIhSaIhEE12emplace_backIJRhEEES3_DpOT_.isra.0
                0x00000000000013dc       0x90 /home/arduino/spider_bot_bringup/big_bertha_bringup/firmware/hardware_bridge_app/.cache/sketch/sketch/sketch.ino.cpp.o
 .text._ZN7arduino7msgpack6Packer9packFloatIfEENSt9enable_ifIXaasrSt13is_arithmeticIT_E5valuesrSt17is_floating_pointIS5_E5valueEvE4typeERKS5_.isra.0
                0x000000000000146c       0x30 /home/arduino/spider_bot_bringup/big_bertha_bringup/firmware/hardware_bridge_app/.cache/sketch/sketch/sketch.ino.cpp.o
 .text._ZN7arduino7msgpack6Packer15packRawReversedIjEEvRKT_
                0x000000000000149c       0x1c /home/arduino/spider_bot_bringup/big_bertha_bringup/firmware/hardware_bridge_app/.cache/sketch/sketch/sketch.ino.cpp.o
                0x000000000000149c                void arduino::msgpack::Packer::packRawReversed<unsigned int>(unsigned int const&)
 .text._ZN7arduino7msgpack6Packer10packUInt32Ej
                0x00000000000014b8       0x28 /home/arduino/spider_bot_bringup/big_bertha_bringup/firmware/hardware_bridge_app/.cache/sketch/sketch/sketch.ino.cpp.o
                0x00000000000014b8                arduino::msgpack::Packer::packUInt32(unsigned int)
 .text._ZN7arduino7msgpack6Packer15packRawReversedItEEvRKT_
                0x00000000000014e0       0x1c /home/arduino/spider_bot_bringup/big_bertha_bringup/firmware/hardware_bridge_app/.cache/sketch/sketch/sketch.ino.cpp.o
                0x00000000000014e0                void arduino::msgpack::Packer::packRawReversed<unsigned short>(unsigned short const&)
 .text._ZN7arduino7msgpack6Packer13packArraySizeEj
                0x00000000000014fc       0x58 /home/arduino/spider_bot_bringup/big_bertha_bringup/firmware/hardware_bridge_app/.cache/sketch/sketch/sketch.ino.cpp.o
                0x00000000000014fc                arduino::msgpack::Packer::packArraySize(unsigned int)
 .text._ZN7arduino7msgpack6Packer10packUInt16Et
                0x0000000000001554       0x2c /home/arduino/spider_bot_bringup/big_bertha_bringup/firmware/hardware_bridge_app/.cache/sketch/sketch/sketch.ino.cpp.o
                0x0000000000001554                arduino::msgpack::Packer::packUInt16(unsigned short)
 .text._ZN7arduino7msgpack6Packer11packIntegerIjEENSt9enable_ifIXaaaaaasrSt13is_arithmeticIT_E5valuesrSt11is_integralIS5_E5valuentsrSt7is_sameIS5_bE5valuentsrS9_INSt9remove_cvIS5_E4typeEPcE5valueEvE4typeERKS5_.isra.0
                0x0000000000001580       0x50 /home/arduino/spider_bot_bringup/big_bertha_bringup/firmware/hardware_bridge_app/.cache/sketch/sketch/sketch.ino.cpp.o
 .text._ZN7arduino7msgpack6Packer11packIntegerIiEENSt9enable_ifIXaaaaaasrSt13is_arithmeticIT_E5valuesrSt11is_integralIS5_E5valuentsrSt7is_sameIS5_bE5valuentsrS9_INSt9remove_cvIS5_E4typeEPcE5valueEvE4typeERKS5_.isra.0
                0x00000000000015d0       0xb8 /home/arduino/spider_bot_bringup/big_bertha_bringup/firmware/hardware_bridge_app/.cache/sketch/sketch/sketch.ino.cpp.o
 .text._ZN7arduino7msgpack6Packer12packRawBytesEPKcj
                0x0000000000001688       0x9c /home/arduino/spider_bot_bringup/big_bertha_bringup/firmware/hardware_bridge_app/.cache/sketch/sketch/sketch.ino.cpp.o
                0x0000000000001688                arduino::msgpack::Packer::packRawBytes(char const*, unsigned int)
 .text._ZN7arduino7msgpack6Packer4packERKNS_6StringE
                0x0000000000001724       0x7c /home/arduino/spider_bot_bringup/big_bertha_bringup/firmware/hardware_bridge_app/.cache/sketch/sketch/sketch.ino.cpp.o
                0x0000000000001724                arduino::msgpack::Packer::pack(arduino::String const&)
 .text._ZN7arduino7msgpack6Packer9serializeIJRKiRKNS_6StringEEEEvRKNS0_4type9ArraySizeEDpOT_.isra.0
                0x00000000000017a0       0x2c /home/arduino/spider_bot_bringup/big_bertha_bringup/firmware/hardware_bridge_app/.cache/sketch/sketch/sketch.ino.cpp.o
 .text._ZN7arduino7msgpack6Packer9serializeI8RpcErrorJRNS0_6object5nil_tEEEENSt9enable_ifIXoooontsrSt10is_pointerIT_E5valuesrSt7is_sameIS9_PKcE5valuesrSB_IS9_PKNS_19__FlashStringHelperEE5valueEvE4typeERKS9_DpOT0_.constprop.0
                0x00000000000017cc       0x20 /home/arduino/spider_bot_bringup/big_bertha_bringup/firmware/hardware_bridge_app/.cache/sketch/sketch/sketch.ino.cpp.o
 .text._ZN18RpcFunctionWrapperISt8functionIFvvEEEclERN7arduino7msgpack8UnpackerERNS5_6PackerE
                0x00000000000017ec       0x98 /home/arduino/spider_bot_bringup/big_bertha_bringup/firmware/hardware_bridge_app/.cache/sketch/sketch/sketch.ino.cpp.o
                0x00000000000017ec                RpcFunctionWrapper<std::function<void ()> >::operator()(arduino::msgpack::Unpacker&, arduino::msgpack::Packer&)
 .text._ZN7arduino7msgpack8Unpacker9unpackIntIiEENSt9enable_ifIXaaaaaaaasrSt13is_arithmeticIT_E5valuesrSt11is_integralIS5_E5valuentsrSt7is_sameIS5_bE5valuentsrS9_INSt9remove_cvIS5_E4typeEPcE5valuesrSt9is_signedIS5_E5valueES5_E4typeEv
                0x0000000000001884       0xd0 /home/arduino/spider_bot_bringup/big_bertha_bringup/firmware/hardware_bridge_app/.cache/sketch/sketch/sketch.ino.cpp.o
                0x0000000000001884                std::enable_if<(((std::is_arithmetic<int>::value&&std::is_integral<int>::value)&&(!std::is_same<int, bool>::value))&&(!std::is_same<std::remove_cv<int>::type, char*>::value))&&std::is_signed<int>::value, int>::type arduino::msgpack::Unpacker::unpackInt<int>()
 .text._ZN7arduino7msgpack8Unpacker11deserializeIiJEEEbRT_DpOT0_
                0x0000000000001954       0x40 /home/arduino/spider_bot_bringup/big_bertha_bringup/firmware/hardware_bridge_app/.cache/sketch/sketch/sketch.ino.cpp.o
                0x0000000000001954                bool arduino::msgpack::Unpacker::deserialize<int>(int&)
 .text._ZN7arduino7msgpack8Unpacker11unpackFloatIfEENSt9enable_ifIXaasrSt13is_arithmeticIT_E5valuesrSt17is_floating_pointIS5_E5valueES5_E4typeEv
                0x0000000000001994      0x118 /home/arduino/spider_bot_bringup/big_bertha_bringup/firmware/hardware_bridge_app/.cache/sketch/sketch/sketch.ino.cpp.o
                0x0000000000001994                std::enable_if<std::is_arithmetic<float>::value&&std::is_floating_point<float>::value, float>::type arduino::msgpack::Unpacker::unpackFloat<float>()
 *fill*         0x0000000000001aac        0x4 
 .text._ZN7arduino7msgpack8Unpacker11unpackFloatIdEENSt9enable_ifIXaasrSt13is_arithmeticIT_E5valuesrSt17is_floating_pointIS5_E5valueES5_E4typeEv
                0x0000000000001ab0      0x118 /home/arduino/spider_bot_bringup/big_bertha_bringup/firmware/hardware_bridge_app/.cache/sketch/sketch/sketch.ino.cpp.o
                0x0000000000001ab0                std::enable_if<std::is_arithmetic<double>::value&&std::is_floating_point<double>::value, double>::type arduino::msgpack::Unpacker::unpackFloat<double>()
 .text._ZN7arduino7msgpack8Unpacker12unpackBinaryIhEENSt9enable_ifIXoosrSt7is_sameIT_cE5valuesrS4_IS5_hE5valueESt6vectorINS3_IXoosrS7_5valuesrS6_5valueES5_E4typeESaIS5_EEE4typeEv
                0x0000000000001bc8      0x114 /home/arduino/spider_bot_bringup/big_bertha_bringup/firmware/hardware_bridge_app/.cache/sketch/sketch/sketch.ino.cpp.o
                0x0000000000001bc8                std::enable_if<std::is_same<unsigned char, char>::value||std::is_same<unsigned char, unsigned char>::value, std::vector<std::enable_if<std::is_same<unsigned char, unsigned char>::value||std::is_same<unsigned char, char>::value, unsigned char>::type, std::allocator<unsigned char> > >::type arduino::msgpack::Unpacker::unpackBinary<unsigned char>()
 .text._ZN7arduino7msgpack8Unpacker11deserializeINS0_4type9ArraySizeEJRiEEEbRT_DpOT0_
                0x0000000000001cdc       0x44 /home/arduino/spider_bot_bringup/big_bertha_bringup/firmware/hardware_bridge_app/.cache/sketch/sketch/sketch.ino.cpp.o
                0x0000000000001cdc                bool arduino::msgpack::Unpacker::deserialize<arduino::msgpack::type::ArraySize, int&>(arduino::msgpack::type::ArraySize&, int&)
 .text._ZNK10RpcDecoderILj1024EE4sendEPKhj
                0x0000000000001d20       0x22 /home/arduino/spider_bot_bringup/big_bertha_bringup/firmware/hardware_bridge_app/.cache/sketch/sketch/sketch.ino.cpp.o
                0x0000000000001d20                RpcDecoder<1024u>::send(unsigned char const*, unsigned int) const
 *fill*         0x0000000000001d42        0x2 
 .text._ZN9RPCClient8send_rpcIJEEEbRKN7arduino6StringERjDpOT_.isra.0
                0x0000000000001d44       0x8c /home/arduino/spider_bot_bringup/big_bertha_bringup/firmware/hardware_bridge_app/.cache/sketch/sketch/sketch.ino.cpp.o
 .text._ZN11BridgeClass6notifyIJRKN7arduino6StringEEEEvS2_DpOT_
                0x0000000000001dd0       0xa8 /home/arduino/spider_bot_bringup/big_bertha_bringup/firmware/hardware_bridge_app/.cache/sketch/sketch/sketch.ino.cpp.o
                0x0000000000001dd0                void BridgeClass::notify<arduino::String const&>(arduino::String, arduino::String const&)
 .text._ZN11BridgeClass6notifyIJRiiEEEvN7arduino6StringEDpOT_
                0x0000000000001e78       0xb0 /home/arduino/spider_bot_bringup/big_bertha_bringup/firmware/hardware_bridge_app/.cache/sketch/sketch/sketch.ino.cpp.o
                0x0000000000001e78                void BridgeClass::notify<int&, int>(arduino::String, int&, int&&)
 .text._ZN11BridgeClass6notifyIJRSt6vectorIhSaIhEEEEEvN7arduino6StringEDpOT_
                0x0000000000001f28      0x104 /home/arduino/spider_bot_bringup/big_bertha_bringup/firmware/hardware_bridge_app/.cache/sketch/sketch/sketch.ino.cpp.o
                0x0000000000001f28                void BridgeClass::notify<std::vector<unsigned char, std::allocator<unsigned char> >&>(arduino::String, std::vector<unsigned char, std::allocator<unsigned char> >&)
 .text._ZN11BridgeClass6notifyIJiEEEvN7arduino6StringEDpOT_
                0x000000000000202c       0xa8 /home/arduino/spider_bot_bringup/big_bertha_bringup/firmware/hardware_bridge_app/.cache/sketch/sketch/sketch.ino.cpp.o
                0x000000000000202c                void BridgeClass::notify<int>(arduino::String, int&&)
 .text._ZNK9RPCServer13send_responseILj256EEEbRK10RPCRequestIXT_EE.isra.0
                0x00000000000020d4       0x24 /home/arduino/spider_bot_bringup/big_bertha_bringup/firmware/hardware_bridge_app/.cache/sketch/sketch/sketch.ino.cpp.o
 .text._ZN10RpcDecoderILj1024EE7consumeEjj
                0x00000000000020f8       0x50 /home/arduino/spider_bot_bringup/big_bertha_bringup/firmware/hardware_bridge_app/.cache/sketch/sketch/sketch.ino.cpp.o
                0x00000000000020f8                RpcDecoder<1024u>::consume(unsigned int, unsigned int)
 .text._ZN10RpcDecoderILj1024EE7discardEv
                0x0000000000002148       0x2c /home/arduino/spider_bot_bringup/big_bertha_bringup/firmware/hardware_bridge_app/.cache/sketch/sketch/sketch.ino.cpp.o
                0x0000000000002148                RpcDecoder<1024u>::discard()
 .text._ZN7arduino7msgpack8Unpacker11deserializeI8RpcErrorJRNS0_6object5nil_tEEEEbRT_DpOT0_
                0x0000000000002174       0x90 /home/arduino/spider_bot_bringup/big_bertha_bringup/firmware/hardware_bridge_app/.cache/sketch/sketch/sketch.ino.cpp.o
                0x0000000000002174                bool arduino::msgpack::Unpacker::deserialize<RpcError, arduino::msgpack::object::nil_t&>(RpcError&, arduino::msgpack::object::nil_t&)
 .text._ZNK21RpcFunctionDispatcherILj100EE7isBoundERKN7arduino6StringE
                0x0000000000002204       0x34 /home/arduino/spider_bot_bringup/big_bertha_bringup/firmware/hardware_bridge_app/.cache/sketch/sketch/sketch.ino.cpp.o
                0x0000000000002204                RpcFunctionDispatcher<100u>::isBound(arduino::String const&) const
 .text._Z4wrapIRFvSt6vectorItSaItEEESt8functionIS3_EEP18RpcFunctionWrapperIT0_EOT_
                0x0000000000002238       0x6c /home/arduino/spider_bot_bringup/big_bertha_bringup/firmware/hardware_bridge_app/.cache/sketch/sketch/sketch.ino.cpp.o
                0x0000000000002238                RpcFunctionWrapper<std::function<void (std::vector<unsigned short, std::allocator<unsigned short> >)> >* wrap<void (&)(std::vector<unsigned short, std::allocator<unsigned short> >), std::function<void (std::vector<unsigned short, std::allocator<unsigned short> >)> >(void (&)(std::vector<unsigned short, std::allocator<unsigned short> >))
 .text._Z4wrapIRFvvESt8functionIS0_EEP18RpcFunctionWrapperIT0_EOT_
                0x00000000000022a4       0x6c /home/arduino/spider_bot_bringup/big_bertha_bringup/firmware/hardware_bridge_app/.cache/sketch/sketch/sketch.ino.cpp.o
                0x00000000000022a4                RpcFunctionWrapper<std::function<void ()> >* wrap<void (&)(), std::function<void ()> >(void (&)())
 .text._ZN7arduino7msgpack8Unpacker10unpackUIntIjEENSt9enable_ifIXaaaaaaaasrSt13is_arithmeticIT_E5valuesrSt11is_integralIS5_E5valuentsrSt7is_sameIS5_bE5valuentsrS9_INSt9remove_cvIS5_E4typeEPcE5valuentsrSt9is_signedIS5_E5valueES5_E4typeEv
                0x0000000000002310       0x80 /home/arduino/spider_bot_bringup/big_bertha_bringup/firmware/hardware_bridge_app/.cache/sketch/sketch/sketch.ino.cpp.o
                0x0000000000002310                std::enable_if<(((std::is_arithmetic<unsigned int>::value&&std::is_integral<unsigned int>::value)&&(!std::is_same<unsigned int, bool>::value))&&(!std::is_same<std::remove_cv<unsigned int>::type, char*>::value))&&(!std::is_signed<unsigned int>::value), unsigned int>::type arduino::msgpack::Unpacker::unpackUInt<unsigned int>()
 .text._ZN7arduino7msgpack8Unpacker11deserializeIjJRNS_6StringEEEEbRT_DpOT0_
                0x0000000000002390       0x44 /home/arduino/spider_bot_bringup/big_bertha_bringup/firmware/hardware_bridge_app/.cache/sketch/sketch/sketch.ino.cpp.o
                0x0000000000002390                bool arduino::msgpack::Unpacker::deserialize<unsigned int, arduino::String&>(unsigned int&, arduino::String&)
 .text._ZN10RpcDecoderILj1024EE16fetch_rpc_methodEv
                0x00000000000023d4       0xe8 /home/arduino/spider_bot_bringup/big_bertha_bringup/firmware/hardware_bridge_app/.cache/sketch/sketch/sketch.ino.cpp.o
                0x00000000000023d4                RpcDecoder<1024u>::fetch_rpc_method()
 .text._ZN10RPCRequestILj256EE22unpack_request_headersEv
                0x00000000000024bc       0xb8 /home/arduino/spider_bot_bringup/big_bertha_bringup/firmware/hardware_bridge_app/.cache/sketch/sketch/sketch.ino.cpp.o
                0x00000000000024bc                RPCRequest<256u>::unpack_request_headers()
 .text._ZN9RPCServer15process_requestILj256EEEvR10RPCRequestIXT_EE
                0x0000000000002574      0x114 /home/arduino/spider_bot_bringup/big_bertha_bringup/firmware/hardware_bridge_app/.cache/sketch/sketch/sketch.ino.cpp.o
                0x0000000000002574                void RPCServer::process_request<256u>(RPCRequest<256u>&)
 .text._ZN7arduino7msgpack8Unpacker11deserializeINS0_4type9ArraySizeEJRiRjEEEbRT_DpOT0_
                0x0000000000002688       0xa0 /home/arduino/spider_bot_bringup/big_bertha_bringup/firmware/hardware_bridge_app/.cache/sketch/sketch/sketch.ino.cpp.o
                0x0000000000002688                bool arduino::msgpack::Unpacker::deserialize<arduino::msgpack::type::ArraySize, int&, unsigned int&>(arduino::msgpack::type::ArraySize&, int&, unsigned int&)
 .text._ZN10RpcDecoderILj1024EE12get_responseIbEEbjRT_R8RpcError
                0x0000000000002728      0x17c /home/arduino/spider_bot_bringup/big_bertha_bringup/firmware/hardware_bridge_app/.cache/sketch/sketch/sketch.ino.cpp.o
                0x0000000000002728                bool RpcDecoder<1024u>::get_response<bool>(unsigned int, bool&, RpcError&)
 .text._ZN10RpcDecoderILj1024EE12get_responseIN7arduino7msgpack6object5nil_tEEEbjRT_R8RpcError
                0x00000000000028a4      0x17c /home/arduino/spider_bot_bringup/big_bertha_bringup/firmware/hardware_bridge_app/.cache/sketch/sketch/sketch.ino.cpp.o
                0x00000000000028a4                bool RpcDecoder<1024u>::get_response<arduino::msgpack::object::nil_t>(unsigned int, arduino::msgpack::object::nil_t&, RpcError&)
 .text._ZN7arduino7msgpack8Unpacker10unpackUIntItEENSt9enable_ifIXaaaaaaaasrSt13is_arithmeticIT_E5valuesrSt11is_integralIS5_E5valuentsrSt7is_sameIS5_bE5valuentsrS9_INSt9remove_cvIS5_E4typeEPcE5valuentsrSt9is_signedIS5_E5valueES5_E4typeEv
                0x0000000000002a20       0x84 /home/arduino/spider_bot_bringup/big_bertha_bringup/firmware/hardware_bridge_app/.cache/sketch/sketch/sketch.ino.cpp.o
                0x0000000000002a20                std::enable_if<(((std::is_arithmetic<unsigned short>::value&&std::is_integral<unsigned short>::value)&&(!std::is_same<unsigned short, bool>::value))&&(!std::is_same<std::remove_cv<unsigned short>::type, char*>::value))&&(!std::is_signed<unsigned short>::value), unsigned short>::type arduino::msgpack::Unpacker::unpackUInt<unsigned short>()
 .text._ZNSt11__copy_moveILb0ELb1ESt26random_access_iterator_tagE8__copy_mIhEEPT_PKS3_S6_S4_
                0x0000000000002aa4       0x1c /home/arduino/spider_bot_bringup/big_bertha_bringup/firmware/hardware_bridge_app/.cache/sketch/sketch/sketch.ino.cpp.o
                0x0000000000002aa4                unsigned char* std::__copy_move<false, true, std::random_access_iterator_tag>::__copy_m<unsigned char>(unsigned char const*, unsigned char const*, unsigned char*)
 .text._ZNSt12_Vector_baseItSaItEED2Ev
                0x0000000000002ac0       0x18 /home/arduino/spider_bot_bringup/big_bertha_bringup/firmware/hardware_bridge_app/.cache/sketch/sketch/sketch.ino.cpp.o
                0x0000000000002ac0                std::_Vector_base<unsigned short, std::allocator<unsigned short> >::~_Vector_base()
                0x0000000000002ac0                std::_Vector_base<unsigned short, std::allocator<unsigned short> >::~_Vector_base()
 .text._ZNSt17_Function_handlerIFvSt6vectorItSaItEEEPS3_E9_M_invokeERKSt9_Any_dataOS2_
                0x0000000000002ad8       0x2c /home/arduino/spider_bot_bringup/big_bertha_bringup/firmware/hardware_bridge_app/.cache/sketch/sketch/sketch.ino.cpp.o
                0x0000000000002ad8                std::_Function_handler<void (std::vector<unsigned short, std::allocator<unsigned short> >), void (*)(std::vector<unsigned short, std::allocator<unsigned short> >)>::_M_invoke(std::_Any_data const&, std::vector<unsigned short, std::allocator<unsigned short> >&&)
 .text._ZNSt11__copy_moveILb1ELb1ESt26random_access_iterator_tagE8__copy_mIhEEPT_PKS3_S6_S4_
                0x0000000000002b04       0x1c /home/arduino/spider_bot_bringup/big_bertha_bringup/firmware/hardware_bridge_app/.cache/sketch/sketch/sketch.ino.cpp.o
                0x0000000000002b04                unsigned char* std::__copy_move<true, true, std::random_access_iterator_tag>::__copy_m<unsigned char>(unsigned char const*, unsigned char const*, unsigned char*)
 .text._ZN7arduino7msgpack6object3extC2EaPKhj
                0x0000000000002b20      0x104 /home/arduino/spider_bot_bringup/big_bertha_bringup/firmware/hardware_bridge_app/.cache/sketch/sketch/sketch.ino.cpp.o
                0x0000000000002b20                arduino::msgpack::object::ext::ext(signed char, unsigned char const*, unsigned int)
                0x0000000000002b20                arduino::msgpack::object::ext::ext(signed char, unsigned char const*, unsigned int)
 .text._ZN7arduino7msgpack8Unpacker9unpackExtEv
                0x0000000000002c24      0x178 /home/arduino/spider_bot_bringup/big_bertha_bringup/firmware/hardware_bridge_app/.cache/sketch/sketch/sketch.ino.cpp.o
                0x0000000000002c24                arduino::msgpack::Unpacker::unpackExt()
 .text._ZN8RpcUtils6detail12unpackObjectERN7arduino7msgpack8UnpackerE
                0x0000000000002d9c      0x29c /home/arduino/spider_bot_bringup/big_bertha_bringup/firmware/hardware_bridge_app/.cache/sketch/sketch/sketch.ino.cpp.o
                0x0000000000002d9c                RpcUtils::detail::unpackObject(arduino::msgpack::Unpacker&)
 .text._ZN10RpcDecoderILj1024EE12parse_packetEv
                0x0000000000003038      0x13c /home/arduino/spider_bot_bringup/big_bertha_bringup/firmware/hardware_bridge_app/.cache/sketch/sketch/sketch.ino.cpp.o
                0x0000000000003038                RpcDecoder<1024u>::parse_packet()
 .text._ZN10RpcDecoderILj1024EE6decodeEv
                0x0000000000003174       0x40 /home/arduino/spider_bot_bringup/big_bertha_bringup/firmware/hardware_bridge_app/.cache/sketch/sketch/sketch.ino.cpp.o
                0x0000000000003174                RpcDecoder<1024u>::decode()
 .text._ZN9RPCServer7get_rpcILj256EEEbR10RPCRequestIXT_EEN7arduino6StringE
                0x00000000000031b4       0xd0 /home/arduino/spider_bot_bringup/big_bertha_bringup/firmware/hardware_bridge_app/.cache/sketch/sketch/sketch.ino.cpp.o
                0x00000000000031b4                bool RPCServer::get_rpc<256u>(RPCRequest<256u>&, arduino::String)
 .text._ZN11BridgeClass11update_safeEv
                0x0000000000003284       0xb0 /home/arduino/spider_bot_bringup/big_bertha_bringup/firmware/hardware_bridge_app/.cache/sketch/sketch/sketch.ino.cpp.o
                0x0000000000003284                BridgeClass::update_safe()
 .text._Z10__loopHookv
                0x0000000000003334       0x28 /home/arduino/spider_bot_bringup/big_bertha_bringup/firmware/hardware_bridge_app/.cache/sketch/sketch/sketch.ino.cpp.o
                0x0000000000003334                __loopHook()
 .text._ZN11BridgeClass6updateEv
                0x000000000000335c       0xb0 /home/arduino/spider_bot_bringup/big_bertha_bringup/firmware/hardware_bridge_app/.cache/sketch/sketch/sketch.ino.cpp.o
                0x000000000000335c                BridgeClass::update()
 .text._Z16updateEntryPointPvS_S_
                0x000000000000340c       0x28 /home/arduino/spider_bot_bringup/big_bertha_bringup/firmware/hardware_bridge_app/.cache/sketch/sketch/sketch.ino.cpp.o
                0x000000000000340c                updateEntryPoint(void*, void*, void*)
 .text._ZN7RpcCallIJEE6resultIbEEbRT_
                0x0000000000003434      0x130 /home/arduino/spider_bot_bringup/big_bertha_bringup/firmware/hardware_bridge_app/.cache/sketch/sketch/sketch.ino.cpp.o
                0x0000000000003434                bool RpcCall<>::result<bool>(bool&)
 .text._ZN8RpcUtils6detail9unpackMapERN7arduino7msgpack8UnpackerERj
                0x0000000000003564       0x80 /home/arduino/spider_bot_bringup/big_bertha_bringup/firmware/hardware_bridge_app/.cache/sketch/sketch/sketch.ino.cpp.o
                0x0000000000003564                RpcUtils::detail::unpackMap(arduino::msgpack::Unpacker&, unsigned int&)
 .text._ZNSt6vectorItSaItEE17_M_realloc_insertIJtEEEvN9__gnu_cxx17__normal_iteratorIPtS1_EEDpOT_
                0x00000000000035e4       0xdc /home/arduino/spider_bot_bringup/big_bertha_bringup/firmware/hardware_bridge_app/.cache/sketch/sketch/sketch.ino.cpp.o
                0x00000000000035e4                void std::vector<unsigned short, std::allocator<unsigned short> >::_M_realloc_insert<unsigned short>(__gnu_cxx::__normal_iterator<unsigned short*, std::vector<unsigned short, std::allocator<unsigned short> > >, unsigned short&&)
 .text._ZN7arduino7msgpack8Unpacker25unpackArrayContainerArrayISt6vectortEEvRT_IJT0_EE
                0x00000000000036c0       0x98 /home/arduino/spider_bot_bringup/big_bertha_bringup/firmware/hardware_bridge_app/.cache/sketch/sketch/sketch.ino.cpp.o
                0x00000000000036c0                void arduino::msgpack::Unpacker::unpackArrayContainerArray<std::vector, unsigned short>(std::vector<unsigned short>&)
 .text._ZN18RpcFunctionWrapperISt8functionIFvSt6vectorItSaItEEEEEclERN7arduino7msgpack8UnpackerERNS8_6PackerE
                0x0000000000003758      0x1b0 /home/arduino/spider_bot_bringup/big_bertha_bringup/firmware/hardware_bridge_app/.cache/sketch/sketch/sketch.ino.cpp.o
                0x0000000000003758                RpcFunctionWrapper<std::function<void (std::vector<unsigned short, std::allocator<unsigned short> >)> >::operator()(arduino::msgpack::Unpacker&, arduino::msgpack::Packer&)
 .text._GLOBAL__sub_I__Z14set_servo_pwmsSt6vectorItSaItEE
                0x0000000000003908       0x2c /home/arduino/spider_bot_bringup/big_bertha_bringup/firmware/hardware_bridge_app/.cache/sketch/sketch/sketch.ino.cpp.o
 .text._GLOBAL__sub_D__Z14set_servo_pwmsSt6vectorItSaItEE
                0x0000000000003934       0x20 /home/arduino/spider_bot_bringup/big_bertha_bringup/firmware/hardware_bridge_app/.cache/sketch/sketch/sketch.ino.cpp.o
 .text._Z14set_servo_pwmsSt6vectorItSaItEE
                0x0000000000003954       0x8c /home/arduino/spider_bot_bringup/big_bertha_bringup/firmware/hardware_bridge_app/.cache/sketch/sketch/sketch.ino.cpp.o
                0x0000000000003954                set_servo_pwms(std::vector<unsigned short, std::allocator<unsigned short> >)
 .text._Z11on_scan_i2cv
                0x00000000000039e0       0xa4 /home/arduino/spider_bot_bringup/big_bertha_bringup/firmware/hardware_bridge_app/.cache/sketch/sketch/sketch.ino.cpp.o
                0x00000000000039e0                on_scan_i2c()
 .text._ZL16i2c_scan_devicesv
                0x0000000000003a84       0x38 /home/arduino/spider_bot_bringup/big_bertha_bringup/firmware/hardware_bridge_app/.cache/sketch/sketch/sketch.ino.cpp.o
 .text._ZL14i2c_write_bytehhh
                0x0000000000003abc       0x38 /home/arduino/spider_bot_bringup/big_bertha_bringup/firmware/hardware_bridge_app/.cache/sketch/sketch/sketch.ino.cpp.o
 .text._ZL14i2c_read_byteshhPhj
                0x0000000000003af4       0x6c /home/arduino/spider_bot_bringup/big_bertha_bringup/firmware/hardware_bridge_app/.cache/sketch/sketch/sketch.ino.cpp.o
 .text._ZL19pca9685_verify_initv
                0x0000000000003b60       0x24 /home/arduino/spider_bot_bringup/big_bertha_bringup/firmware/hardware_bridge_app/.cache/sketch/sketch/sketch.ino.cpp.o
 .text.setup    0x0000000000003b84      0x580 /home/arduino/spider_bot_bringup/big_bertha_bringup/firmware/hardware_bridge_app/.cache/sketch/sketch/sketch.ino.cpp.o
                0x0000000000003b84                setup
 *fill*         0x0000000000004104        0x4 
 .text.loop     0x0000000000004108      0x2c0 /home/arduino/spider_bot_bringup/big_bertha_bringup/firmware/hardware_bridge_app/.cache/sketch/sketch/sketch.ino.cpp.o
                0x0000000000004108                loop
 .text._ZN7arduino5Print17availableForWriteEv
                0x00000000000043c8        0x4 /home/arduino/spider_bot_bringup/big_bertha_bringup/firmware/hardware_bridge_app/.cache/sketch/libraries/Wire/Wire.cpp.o
                0x00000000000043c8                arduino::Print::availableForWrite()
 .text._ZN7arduino9ZephyrI2C15endTransmissionEv
                0x00000000000043cc        0x8 /home/arduino/spider_bot_bringup/big_bertha_bringup/firmware/hardware_bridge_app/.cache/sketch/libraries/Wire/Wire.cpp.o
                0x00000000000043cc                arduino::ZephyrI2C::endTransmission()
 .text._ZN7arduino9ZephyrI2C11requestFromEhj
                0x00000000000043d4       0x10 /home/arduino/spider_bot_bringup/big_bertha_bringup/firmware/hardware_bridge_app/.cache/sketch/libraries/Wire/Wire.cpp.o
                0x00000000000043d4                arduino::ZephyrI2C::requestFrom(unsigned char, unsigned int)
 .text._ZN7arduino9ZephyrI2C9availableEv
                0x00000000000043e4        0xe /home/arduino/spider_bot_bringup/big_bertha_bringup/firmware/hardware_bridge_app/.cache/sketch/libraries/Wire/Wire.cpp.o
                0x00000000000043e4                arduino::ZephyrI2C::available()
 .text._ZN7arduino9ZephyrI2C5flushEv
                0x00000000000043f2        0x2 /home/arduino/spider_bot_bringup/big_bertha_bringup/firmware/hardware_bridge_app/.cache/sketch/libraries/Wire/Wire.cpp.o
                0x00000000000043f2                arduino::ZephyrI2C::flush()
 .text._ZN7arduino9ZephyrI2C9onReceiveEPFviE
                0x00000000000043f4        0x6 /home/arduino/spider_bot_bringup/big_bertha_bringup/firmware/hardware_bridge_app/.cache/sketch/libraries/Wire/Wire.cpp.o
                0x00000000000043f4                arduino::ZephyrI2C::onReceive(void (*)(int))
 .text._ZN7arduino9ZephyrI2C9onRequestEPFvvE
                0x00000000000043fa        0x6 /home/arduino/spider_bot_bringup/big_bertha_bringup/firmware/hardware_bridge_app/.cache/sketch/libraries/Wire/Wire.cpp.o
                0x00000000000043fa                arduino::ZephyrI2C::onRequest(void (*)())
 .text._ZN7arduino9ZephyrI2C5beginEv
                0x0000000000004400        0xc /home/arduino/spider_bot_bringup/big_bertha_bringup/firmware/hardware_bridge_app/.cache/sketch/libraries/Wire/Wire.cpp.o
                0x0000000000004400                arduino::ZephyrI2C::begin()
 .text._ZN7arduino9ZephyrI2C5writeEh
                0x000000000000440c       0x1c /home/arduino/spider_bot_bringup/big_bertha_bringup/firmware/hardware_bridge_app/.cache/sketch/libraries/Wire/Wire.cpp.o
                0x000000000000440c                arduino::ZephyrI2C::write(unsigned char)
 .text._ZN7arduino9ZephyrI2C5writeEPKhj
                0x0000000000004428        0xc /home/arduino/spider_bot_bringup/big_bertha_bringup/firmware/hardware_bridge_app/.cache/sketch/libraries/Wire/Wire.cpp.o
                0x0000000000004428                arduino::ZephyrI2C::write(unsigned char const*, unsigned int)
 .text._ZN7arduino9ZephyrI2C4readEv
                0x0000000000004434       0x28 /home/arduino/spider_bot_bringup/big_bertha_bringup/firmware/hardware_bridge_app/.cache/sketch/libraries/Wire/Wire.cpp.o
                0x0000000000004434                arduino::ZephyrI2C::read()
 .text._ZL28i2c_target_read_processed_cbP17i2c_target_configPh
                0x000000000000445c       0x18 /home/arduino/spider_bot_bringup/big_bertha_bringup/firmware/hardware_bridge_app/.cache/sketch/libraries/Wire/Wire.cpp.o
 .text._ZN7arduino9ZephyrI2C4peekEv
                0x0000000000004474       0x28 /home/arduino/spider_bot_bringup/big_bertha_bringup/firmware/hardware_bridge_app/.cache/sketch/libraries/Wire/Wire.cpp.o
                0x0000000000004474                arduino::ZephyrI2C::peek()
 .text._ZN7arduino9ZephyrI2C5beginEh
                0x000000000000449c       0x2c /home/arduino/spider_bot_bringup/big_bertha_bringup/firmware/hardware_bridge_app/.cache/sketch/libraries/Wire/Wire.cpp.o
                0x000000000000449c                arduino::ZephyrI2C::begin(unsigned char)
 .text._ZN7arduino9ZephyrI2C8setClockEj
                0x00000000000044c8       0x3c /home/arduino/spider_bot_bringup/big_bertha_bringup/firmware/hardware_bridge_app/.cache/sketch/libraries/Wire/Wire.cpp.o
                0x00000000000044c8                arduino::ZephyrI2C::setClock(unsigned int)
 .text._ZN7arduino9ZephyrI2C11requestFromEhjb
                0x0000000000004504       0x88 /home/arduino/spider_bot_bringup/big_bertha_bringup/firmware/hardware_bridge_app/.cache/sketch/libraries/Wire/Wire.cpp.o
                0x0000000000004504                arduino::ZephyrI2C::requestFrom(unsigned char, unsigned int, bool)
 .text._ZN7arduino9ZephyrI2C3endEv
                0x000000000000458c       0x34 /home/arduino/spider_bot_bringup/big_bertha_bringup/firmware/hardware_bridge_app/.cache/sketch/libraries/Wire/Wire.cpp.o
                0x000000000000458c                arduino::ZephyrI2C::end()
 .text._ZN7arduino9ZephyrI2C15endTransmissionEb
                0x00000000000045c0       0x74 /home/arduino/spider_bot_bringup/big_bertha_bringup/firmware/hardware_bridge_app/.cache/sketch/libraries/Wire/Wire.cpp.o
                0x00000000000045c0                arduino::ZephyrI2C::endTransmission(bool)
 .text._ZL29i2c_target_write_requested_cbP17i2c_target_config
                0x0000000000004634        0xe /home/arduino/spider_bot_bringup/big_bertha_bringup/firmware/hardware_bridge_app/.cache/sketch/libraries/Wire/Wire.cpp.o
 .text._ZN7arduino9ZephyrI2C17beginTransmissionEh
                0x0000000000004642       0x14 /home/arduino/spider_bot_bringup/big_bertha_bringup/firmware/hardware_bridge_app/.cache/sketch/libraries/Wire/Wire.cpp.o
                0x0000000000004642                arduino::ZephyrI2C::beginTransmission(unsigned char)
 *fill*         0x0000000000004656        0x2 
 .text._ZN7arduino9ZephyrI2CC2EPK6device
                0x0000000000004658       0x4c /home/arduino/spider_bot_bringup/big_bertha_bringup/firmware/hardware_bridge_app/.cache/sketch/libraries/Wire/Wire.cpp.o
                0x0000000000004658                arduino::ZephyrI2C::ZephyrI2C(device const*)
                0x0000000000004658                arduino::ZephyrI2C::ZephyrI2C(device const*)
 .text._ZN7arduino9ZephyrI2C21writeReceivedCallbackEP17i2c_target_configh
                0x00000000000046a4       0x44 /home/arduino/spider_bot_bringup/big_bertha_bringup/firmware/hardware_bridge_app/.cache/sketch/libraries/Wire/Wire.cpp.o
                0x00000000000046a4                arduino::ZephyrI2C::writeReceivedCallback(i2c_target_config*, unsigned char)
 .text._ZL28i2c_target_write_received_cbP17i2c_target_configh
                0x00000000000046e8       0x10 /home/arduino/spider_bot_bringup/big_bertha_bringup/firmware/hardware_bridge_app/.cache/sketch/libraries/Wire/Wire.cpp.o
 .text._ZN7arduino9ZephyrI2C21readRequestedCallbackEP17i2c_target_configPh
                0x00000000000046f8       0x30 /home/arduino/spider_bot_bringup/big_bertha_bringup/firmware/hardware_bridge_app/.cache/sketch/libraries/Wire/Wire.cpp.o
                0x00000000000046f8                arduino::ZephyrI2C::readRequestedCallback(i2c_target_config*, unsigned char*)
 .text._ZL28i2c_target_read_requested_cbP17i2c_target_configPh
                0x0000000000004728       0x10 /home/arduino/spider_bot_bringup/big_bertha_bringup/firmware/hardware_bridge_app/.cache/sketch/libraries/Wire/Wire.cpp.o
 .text._ZN7arduino9ZephyrI2C12stopCallbackEP17i2c_target_config
                0x0000000000004738       0x1c /home/arduino/spider_bot_bringup/big_bertha_bringup/firmware/hardware_bridge_app/.cache/sketch/libraries/Wire/Wire.cpp.o
                0x0000000000004738                arduino::ZephyrI2C::stopCallback(i2c_target_config*)
 .text._ZL18i2c_target_stop_cbP17i2c_target_config
                0x0000000000004754        0xc /home/arduino/spider_bot_bringup/big_bertha_bringup/firmware/hardware_bridge_app/.cache/sketch/libraries/Wire/Wire.cpp.o
 .text._GLOBAL__sub_I__ZN7arduino9ZephyrI2CC2EPK6device
                0x0000000000004760       0x60 /home/arduino/spider_bot_bringup/big_bertha_bringup/firmware/hardware_bridge_app/.cache/sketch/libraries/Wire/Wire.cpp.o
 .text._GLOBAL__sub_D__ZN7arduino9ZephyrI2CC2EPK6device
                0x00000000000047c0       0x20 /home/arduino/spider_bot_bringup/big_bertha_bringup/firmware/hardware_bridge_app/.cache/sketch/libraries/Wire/Wire.cpp.o
 .text._ZN7arduino5Print5flushEv
                0x00000000000047e0        0x2 /home/arduino/spider_bot_bringup/big_bertha_bringup/firmware/hardware_bridge_app/.cache/sketch/libraries/Arduino_RouterBridge/singletons.cpp.o
                0x00000000000047e0                arduino::Print::flush()
 .text._ZN13BridgeMonitorILj512EE5writeEh
                0x00000000000047e2       0x18 /home/arduino/spider_bot_bringup/big_bertha_bringup/firmware/hardware_bridge_app/.cache/sketch/libraries/Arduino_RouterBridge/singletons.cpp.o